Archive member included to satisfy reference by file (symbol)

C:/dev/tools/gcc-arm-none-eabi-13.3/bin/../lib/gcc/arm-none-eabi/13.3.1/../../../../arm-none-eabi/lib/thumb/v7e-m+fp/hard\libc_nano.a(libc_a-exit.o)
                              C:/dev/tools/gcc-arm-none-eabi-13.3/bin/../lib/gcc/arm-none-eabi/13.3.1/../../../../arm-none-eabi/lib/thumb/v7e-m+fp/hard/crt0.o (exit)
C:/dev/tools/gcc-arm-none-eabi-13.3/bin/../lib/gcc/arm-none-eabi/13.3.1/../../../../arm-none-eabi/lib/thumb/v7e-m+fp/hard\libc_nano.a(libc_a-findfp.o)
                              C:/dev/tools/gcc-arm-none-eabi-13.3/bin/../lib/gcc/arm-none-eabi/13.3.1/../../../../arm-none-eabi/lib/thumb/v7e-m+fp/hard\libc_nano.a(libc_a-exit.o) (__stdio_exit_handler)
C:/dev/tools/gcc-arm-none-eabi-13.3/bin/../lib/gcc/arm-none-eabi/13.3.1/../../../../arm-none-eabi/lib/thumb/v7e-m+fp/hard\libc_nano.a(libc_a-fwalk.o)
                              C:/dev/tools/gcc-arm-none-eabi-13.3/bin/../lib/gcc/arm-none-eabi/13.3.1/../../../../arm-none-eabi/lib/thumb/v7e-m+fp/hard\libc_nano.a(libc_a-findfp.o) (_fwalk_sglue)
C:/dev/tools/gcc-arm-none-eabi-13.3/bin/../lib/gcc/arm-none-eabi/13.3.1/../../../../arm-none-eabi/lib/thumb/v7e-m+fp/hard\libc_nano.a(libc_a-printf.o)
                              build/dbg_trace.o (printf)
C:/dev/tools/gcc-arm-none-eabi-13.3/bin/../lib/gcc/arm-none-eabi/13.3.1/../../../../arm-none-eabi/lib/thumb/v7e-m+fp/hard\libc_nano.a(libc_a-stdio.o)
                              C:/dev/tools/gcc-arm-none-eabi-13.3/bin/../lib/gcc/arm-none-eabi/13.3.1/../../../../arm-none-eabi/lib/thumb/v7e-m+fp/hard\libc_nano.a(libc_a-findfp.o) (__sread)
C:/dev/tools/gcc-arm-none-eabi-13.3/bin/../lib/gcc/arm-none-eabi/13.3.1/../../../../arm-none-eabi/lib/thumb/v7e-m+fp/hard\libc_nano.a(libc_a-vprintf.o)
                              build/dbg_trace.o (vprintf)
C:/dev/tools/gcc-arm-none-eabi-13.3/bin/../lib/gcc/arm-none-eabi/13.3.1/../../../../arm-none-eabi/lib/thumb/v7e-m+fp/hard\libc_nano.a(libc_a-memcmp.o)
                              build/osal.o (memcmp)
C:/dev/tools/gcc-arm-none-eabi-13.3/bin/../lib/gcc/arm-none-eabi/13.3.1/../../../../arm-none-eabi/lib/thumb/v7e-m+fp/hard\libc_nano.a(libc_a-memset.o)
                              C:/dev/tools/gcc-arm-none-eabi-13.3/bin/../lib/gcc/arm-none-eabi/13.3.1/../../../../arm-none-eabi/lib/thumb/v7e-m+fp/hard/crt0.o (memset)
C:/dev/tools/gcc-arm-none-eabi-13.3/bin/../lib/gcc/arm-none-eabi/13.3.1/../../../../arm-none-eabi/lib/thumb/v7e-m+fp/hard\libc_nano.a(libc_a-strrchr.o)
                              build/dbg_trace.o (strrchr)
C:/dev/tools/gcc-arm-none-eabi-13.3/bin/../lib/gcc/arm-none-eabi/13.3.1/../../../../arm-none-eabi/lib/thumb/v7e-m+fp/hard\libc_nano.a(libc_a-closer.o)
                              C:/dev/tools/gcc-arm-none-eabi-13.3/bin/../lib/gcc/arm-none-eabi/13.3.1/../../../../arm-none-eabi/lib/thumb/v7e-m+fp/hard\libc_nano.a(libc_a-stdio.o) (_close_r)
C:/dev/tools/gcc-arm-none-eabi-13.3/bin/../lib/gcc/arm-none-eabi/13.3.1/../../../../arm-none-eabi/lib/thumb/v7e-m+fp/hard\libc_nano.a(libc_a-reent.o)
                              C:/dev/tools/gcc-arm-none-eabi-13.3/bin/../lib/gcc/arm-none-eabi/13.3.1/../../../../arm-none-eabi/lib/thumb/v7e-m+fp/hard\libc_nano.a(libc_a-closer.o) (errno)
C:/dev/tools/gcc-arm-none-eabi-13.3/bin/../lib/gcc/arm-none-eabi/13.3.1/../../../../arm-none-eabi/lib/thumb/v7e-m+fp/hard\libc_nano.a(libc_a-impure.o)
                              C:/dev/tools/gcc-arm-none-eabi-13.3/bin/../lib/gcc/arm-none-eabi/13.3.1/../../../../arm-none-eabi/lib/thumb/v7e-m+fp/hard\libc_nano.a(libc_a-printf.o) (_impure_ptr)
C:/dev/tools/gcc-arm-none-eabi-13.3/bin/../lib/gcc/arm-none-eabi/13.3.1/../../../../arm-none-eabi/lib/thumb/v7e-m+fp/hard\libc_nano.a(libc_a-lseekr.o)
                              C:/dev/tools/gcc-arm-none-eabi-13.3/bin/../lib/gcc/arm-none-eabi/13.3.1/../../../../arm-none-eabi/lib/thumb/v7e-m+fp/hard\libc_nano.a(libc_a-stdio.o) (_lseek_r)
C:/dev/tools/gcc-arm-none-eabi-13.3/bin/../lib/gcc/arm-none-eabi/13.3.1/../../../../arm-none-eabi/lib/thumb/v7e-m+fp/hard\libc_nano.a(libc_a-readr.o)
                              C:/dev/tools/gcc-arm-none-eabi-13.3/bin/../lib/gcc/arm-none-eabi/13.3.1/../../../../arm-none-eabi/lib/thumb/v7e-m+fp/hard\libc_nano.a(libc_a-stdio.o) (_read_r)
C:/dev/tools/gcc-arm-none-eabi-13.3/bin/../lib/gcc/arm-none-eabi/13.3.1/../../../../arm-none-eabi/lib/thumb/v7e-m+fp/hard\libc_nano.a(libc_a-writer.o)
                              C:/dev/tools/gcc-arm-none-eabi-13.3/bin/../lib/gcc/arm-none-eabi/13.3.1/../../../../arm-none-eabi/lib/thumb/v7e-m+fp/hard\libc_nano.a(libc_a-stdio.o) (_write_r)
C:/dev/tools/gcc-arm-none-eabi-13.3/bin/../lib/gcc/arm-none-eabi/13.3.1/../../../../arm-none-eabi/lib/thumb/v7e-m+fp/hard\libc_nano.a(libc_a-errno.o)
                              build/sysmem.o (__errno)
C:/dev/tools/gcc-arm-none-eabi-13.3/bin/../lib/gcc/arm-none-eabi/13.3.1/../../../../arm-none-eabi/lib/thumb/v7e-m+fp/hard\libc_nano.a(libc_a-init.o)
[...]
Memory Configuration

Name             Origin             Length             Attributes
FLASH            0x08000000         0x00080000         xr
RAM1             0x20000008         0x0002fff8         xrw
RAM_SHARED       0x20030000         0x00002800         xrw
*default*        0x00000000         0xffffffff

Linker script and memory map

LOAD C:/dev/tools/gcc-arm-none-eabi-13.3/bin/../lib/gcc/arm-none-eabi/13.3.1/thumb/v7e-m+fp/hard/crti.o
LOAD C:/dev/tools/gcc-arm-none-eabi-13.3/bin/../lib/gcc/arm-none-eabi/13.3.1/thumb/v7e-m+fp/hard/crtbegin.o
LOAD C:/dev/tools/gcc-arm-none-eabi-13.3/bin/../lib/gcc/arm-none-eabi/13.3.1/../../../../arm-none-eabi/lib/thumb/v7e-m+fp/hard/crt0.o
LOAD build/main.o
LOAD build/stm32wbxx_it.o
LOAD build/stm32wbxx_hal_msp.o
LOAD build/stm32wbxx_hal_rcc.o
LOAD build/stm32wbxx_ll_rcc.o
LOAD build/stm32wbxx_hal_rcc_ex.o
LOAD build/stm32wbxx_hal_flash.o
LOAD build/stm32wbxx_hal_flash_ex.o
LOAD build/stm32wbxx_hal_gpio.o
LOAD build/stm32wbxx_hal_hsem.o
LOAD build/stm32wbxx_hal_dma.o
LOAD build/stm32wbxx_hal_dma_ex.o
LOAD build/stm32wbxx_hal_pwr.o
LOAD build/stm32wbxx_hal_pwr_ex.o
LOAD build/stm32wbxx_hal_cortex.o
LOAD build/stm32wbxx_hal.o
LOAD build/stm32wbxx_hal_exti.o
LOAD build/system_stm32wbxx.o
LOAD build/sysmem.o
LOAD build/syscalls.o
LOAD build/bmi270.o
LOAD build/bme280.o
LOAD build/sensordata.o
LOAD build/gps.o
LOAD build/flash.o
LOAD build/oled_display.o
LOAD build/stm32wbxx_hal_i2c.o
LOAD build/stm32wbxx_hal_i2c_ex.o
LOAD build/stm32wbxx_hal_tim.o
LOAD build/stm32wbxx_hal_tim_ex.o
LOAD build/stm32wbxx_hal_ipcc.o
LOAD build/stm32wbxx_hal_rtc.o
LOAD build/stm32wbxx_hal_rtc_ex.o
LOAD build/app_entry.o
LOAD build/app_debug.o
LOAD build/hw_timerserver.o
LOAD build/stm32_lpm_if.o
LOAD build/app_ble.o
LOAD build/custom_stm.o
LOAD build/custom_app.o
LOAD build/hw_ipcc.o
LOAD build/tl_mbox.o
LOAD build/shci.o
LOAD build/dbg_trace.o
LOAD build/otp.o
LOAD build/stm_list.o
LOAD build/stm_queue.o
LOAD build/osal.o
LOAD build/ble_events.o
LOAD build/ble_gen_aci.o
LOAD build/ble_gap_aci.o
LOAD build/ble_gatt_aci.o
LOAD build/ble_hal_aci.o
LOAD build/ble_hci_le.o
LOAD build/ble_l2cap_aci.o
LOAD build/hci_tl.o
LOAD build/hci_tl_if.o
LOAD build/shci_tl.o
LOAD build/shci_tl_if.o
LOAD build/svc_ctl.o
LOAD build/stm32_lpm.o
LOAD build/stm32_seq.o
LOAD build/stm32wbxx_hal_uart.o
LOAD build/stm32wbxx_hal_uart_ex.o
LOAD build/stm32wbxx_hal_qspi.o
LOAD build/startup_stm32wb55xx_cm4.o
LOAD C:/dev/tools/gcc-arm-none-eabi-13.3/bin/../lib/gcc/arm-none-eabi/13.3.1/../../../../arm-none-eabi/lib/thumb/v7e-m+fp/hard\libc_nano.a
LOAD C:/dev/tools/gcc-arm-none-eabi-13.3/bin/../lib/gcc/arm-none-eabi/13.3.1/../../../../arm-none-eabi/lib/thumb/v7e-m+fp/hard\libm.a
LOAD C:/dev/tools/gcc-arm-none-eabi-13.3/bin/../lib/gcc/arm-none-eabi/13.3.1/../../../../arm-none-eabi/lib/thumb/v7e-m+fp/hard\libnosys.a
START GROUP
LOAD C:/dev/tools/gcc-arm-none-eabi-13.3/bin/../lib/gcc/arm-none-eabi/13.3.1/thumb/v7e-m+fp/hard\libgcc.a
LOAD C:/dev/tools/gcc-arm-none-eabi-13.3/bin/../lib/gcc/arm-none-eabi/13.3.1/../../../../arm-none-eabi/lib/thumb/v7e-m+fp/hard\libc_nano.a
END GROUP
START GROUP
LOAD C:/dev/tools/gcc-arm-none-eabi-13.3/bin/../lib/gcc/arm-none-eabi/13.3.1/thumb/v7e-m+fp/hard\libgcc.a
LOAD C:/dev/tools/gcc-arm-none-eabi-13.3/bin/../lib/gcc/arm-none-eabi/13.3.1/../../../../arm-none-eabi/lib/thumb/v7e-m+fp/hard\libc_nano.a
END GROUP
LOAD C:/dev/tools/gcc-arm-none-eabi-13.3/bin/../lib/gcc/arm-none-eabi/13.3.1/thumb/v7e-m+fp/hard/crtend.o
LOAD C:/dev/tools/gcc-arm-none-eabi-13.3/bin/../lib/gcc/arm-none-eabi/13.3.1/thumb/v7e-m+fp/hard/crtn.o
                0x20030000                        _estack = 0x20030000
                0x00000200                        _Min_Heap_Size = 0x200
                0x00000400                        _Min_Stack_Size = 0x400

.isr_vector     0x08000000      0x13c
                0x08000000                        . = ALIGN (0x4)
 *(.isr_vector)
 .isr_vector    0x08000000      0x13c build/startup_stm32wb55xx_cm4.o
                0x08000000                g_pfnVectors
                0x0800013c                        . = ALIGN (0x4)

.text           0x0800013c     0x874c
                0x0800013c                        . = ALIGN (0x4)
 *(.text)
 .text          0x0800013c       0x40 C:/dev/tools/gcc-arm-none-eabi-13.3/bin/../lib/gcc/arm-none-eabi/13.3.1/thumb/v7e-m+fp/hard/crtbegin.o
 .text          0x0800017c       0x30 C:/dev/tools/gcc-arm-none-eabi-13.3/bin/../lib/gcc/arm-none-eabi/13.3.1/thumb/v7e-m+fp/hard\libgcc.a(_aeabi_uldivmod.o)
                0x0800017c                __aeabi_uldivmod
 .text          0x080001ac      0x2f8 C:/dev/tools/gcc-arm-none-eabi-13.3/bin/../lib/gcc/arm-none-eabi/13.3.1/thumb/v7e-m+fp/hard\libgcc.a(_udivmoddi4.o)
                0x080001ac                __udivmoddi4
 .text          0x080004a4        0x4 C:/dev/tools/gcc-arm-none-eabi-13.3/bin/../lib/gcc/arm-none-eabi/13.3.1/thumb/v7e-m+fp/hard\libgcc.a(_dvmd_tls.o)
                0x080004a4                __aeabi_idiv0
                0x080004a4                __aeabi_ldiv0
 *(.text*)
 .text.MX_GPIO_Init
                0x080004a8       0x98 build/main.o
 .text.MX_DMA_Init
                0x08000540       0x42 build/main.o
 *fill*         0x08000582        0x2 
 .text.HAL_GPIO_EXTI_Callback
                0x08000584       0x24 build/main.o
                0x08000584                HAL_GPIO_EXTI_Callback
 .text.HAL_TIM_PeriodElapsedCallback
                0x080005a8       0x1c build/main.o
                0x080005a8                HAL_TIM_PeriodElapsedCallback
 .text.Error_Handler
                0x080005c4        0x4 build/main.o
                0x080005c4                Error_Handler
 .text.MX_IPCC_Init
                0x080005c8       0x1c build/main.o
 .text.MX_I2C1_Init
                0x080005e4       0x5c build/main.o
 .text.MX_TIM16_Init
                0x08000640       0x38 build/main.o
 .text.MX_RTC_Init
                0x08000678       0x44 build/main.o
 .text.MX_LPUART1_UART_Init
                0x080006bc       0x60 build/main.o
 .text.MX_QUADSPI_Init
                0x0800071c       0x34 build/main.o
 .text.SystemClock_Config
                0x08000750       0xc2 build/main.o
                0x08000750                SystemClock_Config
 .text.PeriphCommonClock_Config
                0x08000812       0x30 build/main.o
                0x08000812                PeriphCommonClock_Config
 *fill*         0x08000842        0x2 
 .text.main     0x08000844      0x108 build/main.o
                0x08000844                main
 .text.NMI_Handler
                0x0800094c        0x2 build/stm32wbxx_it.o
                0x0800094c                NMI_Handler
 .text.HardFault_Handler
                0x0800094e        0x2 build/stm32wbxx_it.o
                0x0800094e                HardFault_Handler
 .text.MemManage_Handler
                0x08000950        0x2 build/stm32wbxx_it.o
                0x08000950                MemManage_Handler
 .text.BusFault_Handler
                0x08000952        0x2 build/stm32wbxx_it.o
                0x08000952                BusFault_Handler
 .text.UsageFault_Handler
                0x08000954        0x2 build/stm32wbxx_it.o
                0x08000954                UsageFault_Handler
 .text.SVC_Handler
                0x08000956        0x2 build/stm32wbxx_it.o
                0x08000956                SVC_Handler
 .text.DebugMon_Handler
                0x08000958        0x2 build/stm32wbxx_it.o
                0x08000958                DebugMon_Handler
 .text.PendSV_Handler
                0x0800095a        0x2 build/stm32wbxx_it.o
                0x0800095a                PendSV_Handler
 .text.SysTick_Handler
                0x0800095c        0x8 build/stm32wbxx_it.o
                0x0800095c                SysTick_Handler
 .text.RTC_WKUP_IRQHandler
                0x08000964        0x8 build/stm32wbxx_it.o
                0x08000964                RTC_WKUP_IRQHandler
 .text.RCC_IRQHandler
                0x0800096c        0x2 build/stm32wbxx_it.o
                0x0800096c                RCC_IRQHandler
 .text.EXTI2_IRQHandler
                0x0800096e        0xa build/stm32wbxx_it.o
                0x0800096e                EXTI2_IRQHandler
 .text.DMA1_Channel1_IRQHandler
                0x08000978       0x10 build/stm32wbxx_it.o
                0x08000978                DMA1_Channel1_IRQHandler
 .text.TIM1_UP_TIM16_IRQHandler
                0x08000988       0x10 build/stm32wbxx_it.o
                0x08000988                TIM1_UP_TIM16_IRQHandler
 .text.I2C1_EV_IRQHandler
                0x08000998       0x10 build/stm32wbxx_it.o
                0x08000998                I2C1_EV_IRQHandler
 .text.I2C1_ER_IRQHandler
                0x080009a8       0x10 build/stm32wbxx_it.o
                0x080009a8                I2C1_ER_IRQHandler
 .text.USART1_IRQHandler
                0x080009b8       0x10 build/stm32wbxx_it.o
                0x080009b8                USART1_IRQHandler
 .text.LPUART1_IRQHandler
                0x080009c8       0x10 build/stm32wbxx_it.o
                0x080009c8                LPUART1_IRQHandler
 .text.IPCC_C1_RX_IRQHandler
                0x080009d8        0x8 build/stm32wbxx_it.o
                0x080009d8                IPCC_C1_RX_IRQHandler
 .text.IPCC_C1_TX_IRQHandler
                0x080009e0        0x8 build/stm32wbxx_it.o
                0x080009e0                IPCC_C1_TX_IRQHandler
 .text.HSEM_IRQHandler
                0x080009e8        0x8 build/stm32wbxx_it.o
                0x080009e8                HSEM_IRQHandler
 .text.QUADSPI_IRQHandler
                0x080009f0       0x10 build/stm32wbxx_it.o
                0x080009f0                QUADSPI_IRQHandler
 .text.HAL_MspInit
                0x08000a00       0x40 build/stm32wbxx_hal_msp.o
                0x08000a00                HAL_MspInit
 .text.HAL_I2C_MspInit
                0x08000a40       0xac build/stm32wbxx_hal_msp.o
                0x08000a40                HAL_I2C_MspInit
 .text.HAL_IPCC_MspInit
                0x08000aec       0x50 build/stm32wbxx_hal_msp.o
                0x08000aec                HAL_IPCC_MspInit
 .text.HAL_UART_MspInit
                0x08000b3c      0x16c build/stm32wbxx_hal_msp.o
                0x08000b3c                HAL_UART_MspInit
 .text.HAL_QSPI_MspInit
                0x08000ca8       0xa0 build/stm32wbxx_hal_msp.o
                0x08000ca8                HAL_QSPI_MspInit
 .text.HAL_RTC_MspInit
                0x08000d48       0x74 build/stm32wbxx_hal_msp.o
                0x08000d48                HAL_RTC_MspInit
 .text.HAL_TIM_Base_MspInit
                0x08000dbc       0x40 build/stm32wbxx_hal_msp.o
                0x08000dbc                HAL_TIM_Base_MspInit
 .text.RCC_SetFlashLatency
                0x08000dfc       0xc0 build/stm32wbxx_hal_rcc.o
 .text.RCC_SetFlashLatencyFromMSIRange
                0x08000ebc       0x4c build/stm32wbxx_hal_rcc.o
 .text.HAL_RCC_GetSysClockFreq
                0x08000f08       0xc0 build/stm32wbxx_hal_rcc.o
                0x08000f08                HAL_RCC_GetSysClockFreq
 .text.HAL_RCC_GetHCLKFreq
                0x08000fc8       0x20 build/stm32wbxx_hal_rcc.o
                0x08000fc8                HAL_RCC_GetHCLKFreq
 .text.HAL_RCC_OscConfig
                0x08000fe8      0x718 build/stm32wbxx_hal_rcc.o
                0x08000fe8                HAL_RCC_OscConfig
 .text.HAL_RCC_ClockConfig
                0x08001700      0x264 build/stm32wbxx_hal_rcc.o
                0x08001700                HAL_RCC_ClockConfig
 .text.HAL_RCC_GetPCLK1Freq
                0x08001964       0x24 build/stm32wbxx_hal_rcc.o
                0x08001964                HAL_RCC_GetPCLK1Freq
 .text.HAL_RCC_GetPCLK2Freq
                0x08001988       0x24 build/stm32wbxx_hal_rcc.o
                0x08001988                HAL_RCC_GetPCLK2Freq
 .text.LL_RCC_SetI2CClockSource
                0x080019ac       0x20 build/stm32wbxx_hal_rcc_ex.o
 .text.RCCEx_PLLSAI1_ConfigNP
                0x080019cc       0x8e build/stm32wbxx_hal_rcc_ex.o
 .text.RCCEx_PLLSAI1_ConfigNQ
                0x08001a5a       0x8e build/stm32wbxx_hal_rcc_ex.o
 .text.RCCEx_PLLSAI1_ConfigNR
                0x08001ae8       0x8e build/stm32wbxx_hal_rcc_ex.o
 .text.HAL_RCCEx_PeriphCLKConfig
                0x08001b76      0x2f2 build/stm32wbxx_hal_rcc_ex.o
                0x08001b76                HAL_RCCEx_PeriphCLKConfig
 .text.HAL_GPIO_Init
                0x08001e68      0x1b4 build/stm32wbxx_hal_gpio.o
                0x08001e68                HAL_GPIO_Init
 .text.HAL_GPIO_WritePin
                0x0800201c        0xa build/stm32wbxx_hal_gpio.o
                0x0800201c                HAL_GPIO_WritePin
 .text.HAL_GPIO_TogglePin
                0x08002026       0x12 build/stm32wbxx_hal_gpio.o
                0x08002026                HAL_GPIO_TogglePin
 .text.HAL_GPIO_EXTI_IRQHandler
                0x08002038       0x1c build/stm32wbxx_hal_gpio.o
                0x08002038                HAL_GPIO_EXTI_IRQHandler
 .text.HAL_HSEM_FreeCallback
                0x08002054        0x2 build/stm32wbxx_hal_hsem.o
                0x08002054                HAL_HSEM_FreeCallback
 *fill*         0x08002056        0x2 
 .text.HAL_HSEM_IRQHandler
                0x08002058       0x1c build/stm32wbxx_hal_hsem.o
                0x08002058                HAL_HSEM_IRQHandler
 .text.DMA_SetConfig
                0x08002074       0x42 build/stm32wbxx_hal_dma.o
 *fill*         0x080020b6        0x2 
 .text.DMA_CalcDMAMUXChannelBaseAndMask
                0x080020b8       0x54 build/stm32wbxx_hal_dma.o
 .text.DMA_CalcDMAMUXRequestGenBaseAndMask
                0x0800210c       0x2c build/stm32wbxx_hal_dma.o
 .text.HAL_DMA_Init
                0x08002138       0xd8 build/stm32wbxx_hal_dma.o
                0x08002138                HAL_DMA_Init
 .text.HAL_DMA_Start_IT
                0x08002210       0x94 build/stm32wbxx_hal_dma.o
                0x08002210                HAL_DMA_Start_IT
 .text.HAL_DMA_Abort
                0x080022a4       0x74 build/stm32wbxx_hal_dma.o
                0x080022a4                HAL_DMA_Abort
 .text.HAL_DMA_Abort_IT
                0x08002318       0x72 build/stm32wbxx_hal_dma.o
                0x08002318                HAL_DMA_Abort_IT
 .text.HAL_DMA_IRQHandler
                0x0800238a       0xc4 build/stm32wbxx_hal_dma.o
                0x0800238a                HAL_DMA_IRQHandler
 .text.HAL_DMA_GetState
                0x0800244e        0x6 build/stm32wbxx_hal_dma.o
                0x0800244e                HAL_DMA_GetState
 .text.HAL_PWR_EnableBkUpAccess
                0x08002454       0x10 build/stm32wbxx_hal_pwr.o
                0x08002454                HAL_PWR_EnableBkUpAccess
 .text.HAL_PWREx_GetVoltageRange
                0x08002464       0x10 build/stm32wbxx_hal_pwr_ex.o
                0x08002464                HAL_PWREx_GetVoltageRange
 .text.__NVIC_EnableIRQ
                0x08002474       0x1c build/stm32wbxx_hal_cortex.o
 .text.__NVIC_DisableIRQ
                0x08002490       0x24 build/stm32wbxx_hal_cortex.o
 .text.__NVIC_SetPriority
                0x080024b4       0x28 build/stm32wbxx_hal_cortex.o
 .text.NVIC_EncodePriority
                0x080024dc       0x3e build/stm32wbxx_hal_cortex.o
 *fill*         0x0800251a        0x2 
 .text.HAL_NVIC_SetPriorityGrouping
                0x0800251c       0x24 build/stm32wbxx_hal_cortex.o
                0x0800251c                HAL_NVIC_SetPriorityGrouping
 .text.HAL_NVIC_SetPriority
                0x08002540       0x20 build/stm32wbxx_hal_cortex.o
                0x08002540                HAL_NVIC_SetPriority
 .text.HAL_NVIC_EnableIRQ
                0x08002560        0x8 build/stm32wbxx_hal_cortex.o
                0x08002560                HAL_NVIC_EnableIRQ
 .text.HAL_NVIC_DisableIRQ
                0x08002568        0x8 build/stm32wbxx_hal_cortex.o
                0x08002568                HAL_NVIC_DisableIRQ
 .text.HAL_SYSTICK_Config
                0x08002570       0x28 build/stm32wbxx_hal_cortex.o
                0x08002570                HAL_SYSTICK_Config
 .text.HAL_NVIC_SetPendingIRQ
                0x08002598       0x1c build/stm32wbxx_hal_cortex.o
                0x08002598                HAL_NVIC_SetPendingIRQ
 .text.HAL_NVIC_ClearPendingIRQ
                0x080025b4       0x1c build/stm32wbxx_hal_cortex.o
                0x080025b4                HAL_NVIC_ClearPendingIRQ
 .text.HAL_InitTick
                0x080025d0       0x50 build/stm32wbxx_hal.o
                0x080025d0                HAL_InitTick
 .text.HAL_Init
                0x08002620       0x2c build/stm32wbxx_hal.o
                0x08002620                HAL_Init
 .text.HAL_IncTick
                0x0800264c       0x18 build/stm32wbxx_hal.o
                0x0800264c                HAL_IncTick
 .text.HAL_GetTick
                0x08002664        0xc build/stm32wbxx_hal.o
                0x08002664                HAL_GetTick
 .text.HAL_GetTickPrio
                0x08002670        0xc build/stm32wbxx_hal.o
                0x08002670                HAL_GetTickPrio
 .text.HAL_GetTickFreq
                0x0800267c        0xc build/stm32wbxx_hal.o
                0x0800267c                HAL_GetTickFreq
 .text.SystemInit
                0x08002688       0x64 build/system_stm32wbxx.o
                0x08002688                SystemInit
 .text.BMI270_I2C_read
                0x080026ec       0x2c build/bmi270.o
 .text.BMI270_WriteConfig
                0x08002718      0x154 build/bmi270.o
 .text.BMI270_Configure
                0x0800286c       0xfc build/bmi270.o
                0x0800286c                BMI270_Configure
 .text.BMI270_ReadMeasurement_raw
                0x08002968       0x24 build/bmi270.o
                0x08002968                BMI270_ReadMeasurement_raw
 .text.TrimRead
                0x0800298c      0x1a8 build/bme280.o
 .text.BME280_Config
                0x08002b34      0x17c build/bme280.o
                0x08002b34                BME280_Config
 .text.BME280_ReadMeasurement_Raw
                0x08002cb0       0x4c build/bme280.o
                0x08002cb0                BME280_ReadMeasurement_Raw
 .text.packageHeader
                0x08002cfc       0x50 build/sensordata.o
 .text.newSectionCheck
                0x08002d4c       0x3c build/sensordata.o
 .text.packageDataToMem
                0x08002d88       0x84 build/sensordata.o
                0x08002d88                packageDataToMem
 .text.sendPackageToMem
                0x08002e0c       0x88 build/sensordata.o
                0x08002e0c                sendPackageToMem
 .text.findStartPos
                0x08002e94       0xc0 build/sensordata.o
                0x08002e94                findStartPos
 .text.processGPS
                0x08002f54      0x154 build/gps.o
                0x08002f54                processGPS
 .text.GPS_Start
                0x080030a8       0x38 build/gps.o
                0x080030a8                GPS_Start
 .text.Find_start
                0x080030e0       0x30 build/gps.o
                0x080030e0                Find_start
 .text.HAL_UART_RxCpltCallback
                0x08003110       0x24 build/gps.o
                0x08003110                HAL_UART_RxCpltCallback
 .text.gpsLogo  0x08003134       0x78 build/gps.o
                0x08003134                gpsLogo
 .text.Flash_WriteEnable
                0x080031ac       0x38 build/flash.o
                0x080031ac                Flash_WriteEnable
 .text.Flash_WriteDisable
                0x080031e4       0x38 build/flash.o
                0x080031e4                Flash_WriteDisable
 .text.Flash_ReadStatusReg
                0x0800321c       0x60 build/flash.o
                0x0800321c                Flash_ReadStatusReg
 .text.Flash_WaitWhileBusy
                0x0800327c        0xe build/flash.o
                0x0800327c                Flash_WaitWhileBusy
 *fill*         0x0800328a        0x2 
 .text.Flash_WritePage
                0x0800328c       0x88 build/flash.o
                0x0800328c                Flash_WritePage
 .text.Enable_4BYTEMODE
                0x08003314       0x38 build/flash.o
                0x08003314                Enable_4BYTEMODE
 .text.Flash_4ByteRead
                0x0800334c       0x68 build/flash.o
                0x0800334c                Flash_4ByteRead
 .text.Flash_SectorErase
                0x080033b4       0x54 build/flash.o
                0x080033b4                Flash_SectorErase
 .text.Oled_SendCommand
                0x08003408       0x2c build/oled_display.o
                0x08003408                Oled_SendCommand
 .text.Oled_init
                0x08003434       0xc4 build/oled_display.o
                0x08003434                Oled_init
 .text.Oled_DrawPixel
                0x080034f8       0x48 build/oled_display.o
                0x080034f8                Oled_DrawPixel
 .text.Oled_Update
                0x08003540       0x30 build/oled_display.o
                0x08003540                Oled_Update
 .text.Oled_Clear
                0x08003570       0x1c build/oled_display.o
                0x08003570                Oled_Clear
 .text.SSD1327_UpdateArea
                0x0800358c       0x84 build/oled_display.o
                0x0800358c                SSD1327_UpdateArea
 .text.Oled_Draw1BitImage
                0x08003610       0x66 build/oled_display.o
                0x08003610                Oled_Draw1BitImage
 *fill*         0x08003676        0x2 
 .text.Oled_introScreen
                0x08003678       0x90 build/oled_display.o
                0x08003678                Oled_introScreen
 .text.I2C_Flush_TXDR
                0x08003708       0x22 build/stm32wbxx_hal_i2c.o
 .text.I2C_TransferConfig
                0x0800372a       0x3c build/stm32wbxx_hal_i2c.o
 .text.I2C_Disable_IRQ
                0x08003766       0x6e build/stm32wbxx_hal_i2c.o
 .text.I2C_IsErrorOccurred
                0x080037d4      0x114 build/stm32wbxx_hal_i2c.o
 .text.I2C_WaitOnTXISFlagUntilTimeout
                0x080038e8       0x60 build/stm32wbxx_hal_i2c.o
 .text.I2C_WaitOnFlagUntilTimeout
                0x08003948       0x7c build/stm32wbxx_hal_i2c.o
 .text.I2C_RequestMemoryWrite
                0x080039c4       0x7c build/stm32wbxx_hal_i2c.o
 .text.I2C_RequestMemoryRead
                0x08003a40       0x78 build/stm32wbxx_hal_i2c.o
 .text.I2C_WaitOnSTOPFlagUntilTimeout
                0x08003ab8       0x5e build/stm32wbxx_hal_i2c.o
 .text.HAL_I2C_Init
                0x08003b16       0xc8 build/stm32wbxx_hal_i2c.o
                0x08003b16                HAL_I2C_Init
 .text.HAL_I2C_Mem_Write
                0x08003bde      0x1a8 build/stm32wbxx_hal_i2c.o
                0x08003bde                HAL_I2C_Mem_Write
 *fill*         0x08003d86        0x2 
 .text.HAL_I2C_Mem_Read
                0x08003d88      0x1b0 build/stm32wbxx_hal_i2c.o
                0x08003d88                HAL_I2C_Mem_Read
 .text.HAL_I2C_EV_IRQHandler
                0x08003f38       0x10 build/stm32wbxx_hal_i2c.o
                0x08003f38                HAL_I2C_EV_IRQHandler
 .text.HAL_I2C_SlaveTxCpltCallback
                0x08003f48        0x2 build/stm32wbxx_hal_i2c.o
                0x08003f48                HAL_I2C_SlaveTxCpltCallback
 .text.HAL_I2C_SlaveRxCpltCallback
                0x08003f4a        0x2 build/stm32wbxx_hal_i2c.o
                0x08003f4a                HAL_I2C_SlaveRxCpltCallback
 .text.I2C_ITSlaveSeqCplt
                0x08003f4c       0x82 build/stm32wbxx_hal_i2c.o
 .text.HAL_I2C_AddrCallback
                0x08003fce        0x2 build/stm32wbxx_hal_i2c.o
                0x08003fce                HAL_I2C_AddrCallback
 .text.I2C_ITAddrCplt
                0x08003fd0       0xa0 build/stm32wbxx_hal_i2c.o
 .text.HAL_I2C_ListenCpltCallback
                0x08004070        0x2 build/stm32wbxx_hal_i2c.o
                0x08004070                HAL_I2C_ListenCpltCallback
 *fill*         0x08004072        0x2 
 .text.I2C_ITListenCplt
                0x08004074       0x68 build/stm32wbxx_hal_i2c.o
 .text.HAL_I2C_ErrorCallback
                0x080040dc        0x2 build/stm32wbxx_hal_i2c.o
                0x080040dc                HAL_I2C_ErrorCallback
 .text.HAL_I2C_AbortCpltCallback
                0x080040de        0x2 build/stm32wbxx_hal_i2c.o
                0x080040de                HAL_I2C_AbortCpltCallback
 .text.I2C_TreatErrorCallback
                0x080040e0       0x2e build/stm32wbxx_hal_i2c.o
 *fill*         0x0800410e        0x2 
 .text.I2C_ITError
                0x08004110      0x130 build/stm32wbxx_hal_i2c.o
 .text.I2C_ITSlaveCplt
                0x08004240      0x1f0 build/stm32wbxx_hal_i2c.o
 .text.I2C_Slave_ISR_IT
                0x08004430      0x148 build/stm32wbxx_hal_i2c.o
 .text.HAL_I2C_ER_IRQHandler
                0x08004578       0x6a build/stm32wbxx_hal_i2c.o
                0x08004578                HAL_I2C_ER_IRQHandler
 .text.I2C_DMAAbort
                0x080045e2       0x1a build/stm32wbxx_hal_i2c.o
 .text.HAL_I2CEx_ConfigAnalogFilter
                0x080045fc       0x5c build/stm32wbxx_hal_i2c_ex.o
                0x080045fc                HAL_I2CEx_ConfigAnalogFilter
 .text.HAL_I2CEx_ConfigDigitalFilter
                0x08004658       0x58 build/stm32wbxx_hal_i2c_ex.o
                0x08004658                HAL_I2CEx_ConfigDigitalFilter
 .text.HAL_I2CEx_EnableFastModePlus
                0x080046b0       0x10 build/stm32wbxx_hal_i2c_ex.o
                0x080046b0                HAL_I2CEx_EnableFastModePlus
 .text.HAL_TIM_Base_Start_IT
                0x080046c0       0x64 build/stm32wbxx_hal_tim.o
                0x080046c0                HAL_TIM_Base_Start_IT
 .text.HAL_TIM_OC_DelayElapsedCallback
                0x08004724        0x2 build/stm32wbxx_hal_tim.o
                0x08004724                HAL_TIM_OC_DelayElapsedCallback
 .text.HAL_TIM_IC_CaptureCallback
                0x08004726        0x2 build/stm32wbxx_hal_tim.o
                0x08004726                HAL_TIM_IC_CaptureCallback
 .text.HAL_TIM_PWM_PulseFinishedCallback
                0x08004728        0x2 build/stm32wbxx_hal_tim.o
                0x08004728                HAL_TIM_PWM_PulseFinishedCallback
 .text.HAL_TIM_TriggerCallback
                0x0800472a        0x2 build/stm32wbxx_hal_tim.o
                0x0800472a                HAL_TIM_TriggerCallback
 .text.HAL_TIM_IRQHandler
                0x0800472c      0x17a build/stm32wbxx_hal_tim.o
                0x0800472c                HAL_TIM_IRQHandler
 *fill*         0x080048a6        0x2 
 .text.TIM_Base_SetConfig
                0x080048a8       0x78 build/stm32wbxx_hal_tim.o
                0x080048a8                TIM_Base_SetConfig
 .text.HAL_TIM_Base_Init
                0x08004920       0x60 build/stm32wbxx_hal_tim.o
                0x08004920                HAL_TIM_Base_Init
 .text.HAL_TIMEx_CommutCallback
                0x08004980        0x2 build/stm32wbxx_hal_tim_ex.o
                0x08004980                HAL_TIMEx_CommutCallback
 .text.HAL_TIMEx_BreakCallback
                0x08004982        0x2 build/stm32wbxx_hal_tim_ex.o
                0x08004982                HAL_TIMEx_BreakCallback
 .text.HAL_TIMEx_Break2Callback
                0x08004984        0x2 build/stm32wbxx_hal_tim_ex.o
                0x08004984                HAL_TIMEx_Break2Callback
 .text.HAL_IPCC_RxCallback
                0x08004986        0x2 build/stm32wbxx_hal_ipcc.o
                0x08004986                HAL_IPCC_RxCallback
 .text.HAL_IPCC_TxCallback
                0x08004988        0x2 build/stm32wbxx_hal_ipcc.o
                0x08004988                HAL_IPCC_TxCallback
 *fill*         0x0800498a        0x2 
 .text.IPCC_SetDefaultCallbacks
                0x0800498c       0x28 build/stm32wbxx_hal_ipcc.o
                0x0800498c                IPCC_SetDefaultCallbacks
 .text.IPCC_Reset_Register
                0x080049b4       0x10 build/stm32wbxx_hal_ipcc.o
                0x080049b4                IPCC_Reset_Register
 .text.HAL_IPCC_Init
                0x080049c4       0x3c build/stm32wbxx_hal_ipcc.o
                0x080049c4                HAL_IPCC_Init
 .text.HAL_RTC_WaitForSynchro
                0x08004a00       0x34 build/stm32wbxx_hal_rtc.o
                0x08004a00                HAL_RTC_WaitForSynchro
 .text.RTC_EnterInitMode
                0x08004a34       0x48 build/stm32wbxx_hal_rtc.o
                0x08004a34                RTC_EnterInitMode
 .text.RTC_ExitInitMode
                0x08004a7c       0x2c build/stm32wbxx_hal_rtc.o
                0x08004a7c                RTC_ExitInitMode
 .text.HAL_RTC_Init
                0x08004aa8       0xaa build/stm32wbxx_hal_rtc.o
                0x08004aa8                HAL_RTC_Init
 *fill*         0x08004b52        0x2 
 .text.HAL_RTCEx_SetWakeUpTimer_IT
                0x08004b54      0x12c build/stm32wbxx_hal_rtc_ex.o
                0x08004b54                HAL_RTCEx_SetWakeUpTimer_IT
 .text.Init_Rtc
                0x08004c80       0x1c build/app_entry.o
 .text.APPE_SysStatusNot
                0x08004c9c        0x2 build/app_entry.o
 *fill*         0x08004c9e        0x2 
 .text.Config_HSE
                0x08004ca0       0x2c build/app_entry.o
 .text.SystemPower_Config
                0x08004ccc       0x2c build/app_entry.o
 .text.appe_Tl_Init
                0x08004cf8       0x60 build/app_entry.o
 .text.APPE_SysEvtReadyProcessing
                0x08004d58       0x60 build/app_entry.o
 .text.APPE_SysUserEvtRx
                0x08004db8       0x24 build/app_entry.o
 .text.MX_APPE_Config
                0x08004ddc       0x14 build/app_entry.o
                0x08004ddc                MX_APPE_Config
 .text.Init_Exti
                0x08004df0       0x14 build/app_entry.o
                0x08004df0                Init_Exti
 .text.System_Init
                0x08004e04        0xc build/app_entry.o
 .text.MX_APPE_Init
                0x08004e10       0x1c build/app_entry.o
                0x08004e10                MX_APPE_Init
 .text.HAL_Delay
                0x08004e2c       0x34 build/app_entry.o
                0x08004e2c                HAL_Delay
 .text.MX_APPE_Process
                0x08004e60        0xc build/app_entry.o
                0x08004e60                MX_APPE_Process
 .text.UTIL_SEQ_Idle
                0x08004e6c        0x2 build/app_entry.o
                0x08004e6c                UTIL_SEQ_Idle
 .text.shci_notify_asynch_evt
                0x08004e6e        0xc build/app_entry.o
                0x08004e6e                shci_notify_asynch_evt
 .text.shci_cmd_resp_release
                0x08004e7a        0xa build/app_entry.o
                0x08004e7a                shci_cmd_resp_release
 .text.shci_cmd_resp_wait
                0x08004e84        0xa build/app_entry.o
                0x08004e84                shci_cmd_resp_wait
 *fill*         0x08004e8e        0x2 
 .text.APPD_EnableCPU2
                0x08004e90       0x34 build/app_debug.o
                0x08004e90                APPD_EnableCPU2
 .text.ReadRtcSsrValue
                0x08004ec4       0x20 build/hw_timerserver.o
 .text.LinkTimerAfter
                0x08004ee4       0x40 build/hw_timerserver.o
 .text.LinkTimerBefore
                0x08004f24       0x68 build/hw_timerserver.o
 .text.UnlinkTimer
                0x08004f8c       0xa0 build/hw_timerserver.o
 .text.ReturnTimeElapsed
                0x0800502c       0x54 build/hw_timerserver.o
 .text.linkTimer
                0x08005080       0xdc build/hw_timerserver.o
 .text.RestartWakeupCounter
                0x0800515c       0x88 build/hw_timerserver.o
 .text.RescheduleTimerList
                0x080051e4       0xd4 build/hw_timerserver.o
 .text.HW_TS_Init
                0x080052b8      0x150 build/hw_timerserver.o
                0x080052b8                HW_TS_Init
 .text.HW_TS_Stop
                0x08005408       0xc0 build/hw_timerserver.o
                0x08005408                HW_TS_Stop
 .text.HW_TS_Start
                0x080054c8       0xa0 build/hw_timerserver.o
                0x080054c8                HW_TS_Start
 .text.HW_TS_RTC_Int_AppNot
                0x08005568        0x6 build/hw_timerserver.o
                0x08005568                HW_TS_RTC_Int_AppNot
 *fill*         0x0800556e        0x2 
 .text.HW_TS_RTC_Wakeup_Handler
                0x08005570       0xe4 build/hw_timerserver.o
                0x08005570                HW_TS_RTC_Wakeup_Handler
 .text.Adv_Cancel
                0x08005654       0x20 build/app_ble.o
 .text.Ble_Tl_Init
                0x08005674       0x28 build/app_ble.o
 .text.BLE_UserEvtRx
                0x0800569c       0x1a build/app_ble.o
 .text.BLE_StatusNot
                0x080056b6       0x18 build/app_ble.o
 *fill*         0x080056ce        0x2 
 .text.BleGetBdAddress
                0x080056d0       0x4c build/app_ble.o
 .text.Ble_Hci_Gap_Gatt_Init
                0x0800571c       0xd4 build/app_ble.o
 .text.Adv_Request
                0x080057f0       0x3c build/app_ble.o
 .text.APP_BLE_Init
                0x0800582c       0xf8 build/app_ble.o
                0x0800582c                APP_BLE_Init
 .text.SVCCTL_App_Notification
                0x08005924       0xd8 build/app_ble.o
                0x08005924                SVCCTL_App_Notification
 .text.hci_notify_asynch_evt
                0x080059fc        0xc build/app_ble.o
                0x080059fc                hci_notify_asynch_evt
 .text.hci_cmd_resp_release
                0x08005a08        0xa build/app_ble.o
                0x08005a08                hci_cmd_resp_release
 .text.hci_cmd_resp_wait
                0x08005a12        0xa build/app_ble.o
                0x08005a12                hci_cmd_resp_wait
 .text.Custom_STM_Event_Handler
                0x08005a1c       0x80 build/custom_stm.o
 .text.SVCCTL_InitCustomSvc
                0x08005a9c       0xfc build/custom_stm.o
                0x08005a9c                SVCCTL_InitCustomSvc
 .text.Custom_STN_NotificationEnabled
                0x08005b98        0xc build/custom_app.o
                0x08005b98                Custom_STN_NotificationEnabled
 .text.Custom_STM_App_Notification
                0x08005ba4       0x20 build/custom_app.o
                0x08005ba4                Custom_STM_App_Notification
 .text.Custom_APP_Notification
                0x08005bc4        0x2 build/custom_app.o
                0x08005bc4                Custom_APP_Notification
 .text.Custom_APP_Init
                0x08005bc6        0x2 build/custom_app.o
                0x08005bc6                Custom_APP_Init
 .text.HW_IPCC_MM_FreeBufHandler
                0x08005bc8       0x2c build/hw_ipcc.o
 .text.HW_IPCC_Enable
                0x08005bf4       0x50 build/hw_ipcc.o
                0x08005bf4                HW_IPCC_Enable
 .text.HW_IPCC_Init
                0x08005c44       0x44 build/hw_ipcc.o
                0x08005c44                HW_IPCC_Init
 .text.HW_IPCC_BLE_Init
                0x08005c88       0x1c build/hw_ipcc.o
                0x08005c88                HW_IPCC_BLE_Init
 .text.HW_IPCC_BLE_SendCmd
                0x08005ca4       0x10 build/hw_ipcc.o
                0x08005ca4                HW_IPCC_BLE_SendCmd
 .text.HW_IPCC_BLE_AclDataEvtHandler
                0x08005cb4       0x20 build/hw_ipcc.o
 .text.HW_IPCC_BLE_EvtHandler
                0x08005cd4       0x14 build/hw_ipcc.o
 .text.HW_IPCC_SYS_Init
                0x08005ce8       0x1c build/hw_ipcc.o
                0x08005ce8                HW_IPCC_SYS_Init
 .text.HW_IPCC_SYS_SendCmd
                0x08005d04       0x20 build/hw_ipcc.o
                0x08005d04                HW_IPCC_SYS_SendCmd
 .text.HW_IPCC_SYS_CmdEvtHandler
                0x08005d24       0x20 build/hw_ipcc.o
 .text.HW_IPCC_Tx_Handler
                0x08005d44       0x58 build/hw_ipcc.o
                0x08005d44                HW_IPCC_Tx_Handler
 .text.HW_IPCC_SYS_EvtHandler
                0x08005d9c       0x14 build/hw_ipcc.o
 .text.HW_IPCC_MM_SendFreeBuf
                0x08005db0       0x3c build/hw_ipcc.o
                0x08005db0                HW_IPCC_MM_SendFreeBuf
 .text.HW_IPCC_TRACES_Init
                0x08005dec       0x1c build/hw_ipcc.o
                0x08005dec                HW_IPCC_TRACES_Init
 .text.HW_IPCC_TRACES_EvtHandler
                0x08005e08       0x14 build/hw_ipcc.o
 .text.HW_IPCC_Rx_Handler
                0x08005e1c       0x58 build/hw_ipcc.o
                0x08005e1c                HW_IPCC_Rx_Handler
 .text.SendFreeBuf
                0x08005e74       0x34 build/tl_mbox.o
 .text.TL_Enable
                0x08005ea8        0x8 build/tl_mbox.o
                0x08005ea8                TL_Enable
 .text.TL_Init  0x08005eb0       0x60 build/tl_mbox.o
                0x08005eb0                TL_Init
 .text.TL_BLE_Init
                0x08005f10       0x48 build/tl_mbox.o
                0x08005f10                TL_BLE_Init
 .text.TL_BLE_SendCmd
                0x08005f58       0x1c build/tl_mbox.o
                0x08005f58                TL_BLE_SendCmd
 .text.HW_IPCC_BLE_RxEvtNot
                0x08005f74       0x30 build/tl_mbox.o
                0x08005f74                HW_IPCC_BLE_RxEvtNot
 .text.HW_IPCC_BLE_AclDataAckNot
                0x08005fa4       0x10 build/tl_mbox.o
                0x08005fa4                HW_IPCC_BLE_AclDataAckNot
 .text.TL_SYS_Init
                0x08005fb4       0x3c build/tl_mbox.o
                0x08005fb4                TL_SYS_Init
 .text.TL_SYS_SendCmd
                0x08005ff0       0x1c build/tl_mbox.o
                0x08005ff0                TL_SYS_SendCmd
 .text.HW_IPCC_SYS_CmdEvtNot
                0x0800600c       0x1c build/tl_mbox.o
                0x0800600c                HW_IPCC_SYS_CmdEvtNot
 .text.HW_IPCC_SYS_EvtNot
                0x08006028       0x30 build/tl_mbox.o
                0x08006028                HW_IPCC_SYS_EvtNot
 .text.TL_MM_Init
                0x08006058       0x48 build/tl_mbox.o
                0x08006058                TL_MM_Init
 .text.TL_MM_EvtDone
                0x080060a0       0x1c build/tl_mbox.o
                0x080060a0                TL_MM_EvtDone
 .text.TL_TRACES_Init
                0x080060bc       0x20 build/tl_mbox.o
                0x080060bc                TL_TRACES_Init
 .text.TL_TRACES_EvtReceived
                0x080060dc        0x2 build/tl_mbox.o
                0x080060dc                TL_TRACES_EvtReceived
 *fill*         0x080060de        0x2 
 .text.HW_IPCC_TRACES_EvtNot
                0x080060e0       0x28 build/tl_mbox.o
                0x080060e0                HW_IPCC_TRACES_EvtNot
 .text.SHCI_C2_BLE_Init
                0x08006108       0x1e build/shci.o
                0x08006108                SHCI_C2_BLE_Init
 .text.SHCI_C2_DEBUG_Init
                0x08006126       0x1e build/shci.o
                0x08006126                SHCI_C2_DEBUG_Init
 .text.SHCI_C2_Config
                0x08006144       0x1c build/shci.o
                0x08006144                SHCI_C2_Config
 .text.SHCI_GetWirelessFwInfo
                0x08006160       0x90 build/shci.o
                0x08006160                SHCI_GetWirelessFwInfo
 .text.OTP_Read
                0x080061f0       0x28 build/otp.o
                0x080061f0                OTP_Read
 .text.LST_init_head
                0x08006218        0x6 build/stm_list.o
                0x08006218                LST_init_head
 .text.LST_is_empty
                0x0800621e       0x18 build/stm_list.o
                0x0800621e                LST_is_empty
 .text.LST_insert_head
                0x08006236       0x18 build/stm_list.o
                0x08006236                LST_insert_head
 .text.LST_insert_tail
                0x0800624e       0x18 build/stm_list.o
                0x0800624e                LST_insert_tail
 .text.LST_remove_node
                0x08006266       0x18 build/stm_list.o
                0x08006266                LST_remove_node
 .text.LST_remove_head
                0x0800627e       0x18 build/stm_list.o
                0x0800627e                LST_remove_head
 .text.Osal_MemCpy
                0x08006296        0x8 build/osal.o
                0x08006296                Osal_MemCpy
 .text.Osal_MemSet
                0x0800629e        0x8 build/osal.o
                0x0800629e                Osal_MemSet
 .text.aci_gap_set_non_discoverable
                0x080062a6       0x42 build/ble_gap_aci.o
                0x080062a6                aci_gap_set_non_discoverable
 .text.aci_gap_set_discoverable
                0x080062e8       0xb4 build/ble_gap_aci.o
                0x080062e8                aci_gap_set_discoverable
 .text.aci_gap_set_io_capability
                0x0800639c       0x4c build/ble_gap_aci.o
                0x0800639c                aci_gap_set_io_capability
 .text.aci_gap_set_authentication_requirement
                0x080063e8       0x80 build/ble_gap_aci.o
                0x080063e8                aci_gap_set_authentication_requirement
 .text.aci_gap_pass_key_resp
                0x08006468       0x52 build/ble_gap_aci.o
                0x08006468                aci_gap_pass_key_resp
 .text.aci_gap_init
                0x080064ba       0x7e build/ble_gap_aci.o
                0x080064ba                aci_gap_init
 .text.aci_gap_update_adv_data
                0x08006538       0x5a build/ble_gap_aci.o
                0x08006538                aci_gap_update_adv_data
 .text.aci_gap_configure_filter_accept_list
                0x08006592       0x42 build/ble_gap_aci.o
                0x08006592                aci_gap_configure_filter_accept_list
 .text.aci_gap_numeric_comparison_value_confirm_yesno
                0x080065d4       0x52 build/ble_gap_aci.o
                0x080065d4                aci_gap_numeric_comparison_value_confirm_yesno
 .text.aci_gatt_init
                0x08006626       0x44 build/ble_gatt_aci.o
                0x08006626                aci_gatt_init
 .text.aci_gatt_add_service
                0x0800666a       0xa0 build/ble_gatt_aci.o
                0x0800666a                aci_gatt_add_service
 .text.aci_gatt_add_char
                0x0800670a       0xc0 build/ble_gatt_aci.o
                0x0800670a                aci_gatt_add_char
 .text.aci_gatt_update_char_value
                0x080067ca       0x6a build/ble_gatt_aci.o
                0x080067ca                aci_gatt_update_char_value
 .text.aci_gatt_confirm_indication
                0x08006834       0x50 build/ble_gatt_aci.o
                0x08006834                aci_gatt_confirm_indication
 .text.aci_hal_write_config_data
                0x08006884       0x60 build/ble_hal_aci.o
                0x08006884                aci_hal_write_config_data
 .text.aci_hal_set_tx_power_level
                0x080068e4       0x52 build/ble_hal_aci.o
                0x080068e4                aci_hal_set_tx_power_level
 .text.aci_hal_set_radio_activity_mask
                0x08006936       0x4e build/ble_hal_aci.o
                0x08006936                aci_hal_set_radio_activity_mask
 .text.hci_reset
                0x08006984       0x40 build/ble_hci_le.o
                0x08006984                hci_reset
 .text.hci_le_set_default_phy
                0x080069c4       0x56 build/ble_hci_le.o
                0x080069c4                hci_le_set_default_phy
 *fill*         0x08006a1a        0x2 
 .text.NotifyCmdStatus
                0x08006a1c       0x20 build/hci_tl.o
 .text.TlInit   0x08006a3c       0x48 build/hci_tl.o
 .text.SendCmd  0x08006a84       0x30 build/hci_tl.o
 .text.hci_init
                0x08006ab4       0x24 build/hci_tl.o
                0x08006ab4                hci_init
 .text.hci_user_evt_proc
                0x08006ad8       0x80 build/hci_tl.o
                0x08006ad8                hci_user_evt_proc
 .text.hci_send_req
                0x08006b58       0xac build/hci_tl.o
                0x08006b58                hci_send_req
 .text.TlEvtReceived
                0x08006c04       0x34 build/hci_tl.o
 .text.hci_register_io_bus
                0x08006c38       0x14 build/hci_tl_if.o
                0x08006c38                hci_register_io_bus
 .text.Cmd_SetStatus
                0x08006c4c       0x30 build/shci_tl.o
 .text.TlInit   0x08006c7c       0x4c build/shci_tl.o
 .text.TlUserEvtReceived
                0x08006cc8       0x18 build/shci_tl.o
 .text.shci_init
                0x08006ce0       0x24 build/shci_tl.o
                0x08006ce0                shci_init
 .text.shci_user_evt_proc
                0x08006d04       0x80 build/shci_tl.o
                0x08006d04                shci_user_evt_proc
 .text.shci_send
                0x08006d84       0x68 build/shci_tl.o
                0x08006d84                shci_send
 .text.TlCmdEvtReceived
                0x08006dec        0xa build/shci_tl.o
 *fill*         0x08006df6        0x2 
 .text.shci_register_io_bus
                0x08006df8       0x14 build/shci_tl_if.o
                0x08006df8                shci_register_io_bus
 .text.BAS_Init
                0x08006e0c        0x2 build/svc_ctl.o
                0x08006e0c                BAS_Init
 .text.BLS_Init
                0x08006e0e        0x2 build/svc_ctl.o
                0x08006e0e                BLS_Init
 .text.CRS_STM_Init
                0x08006e10        0x2 build/svc_ctl.o
                0x08006e10                CRS_STM_Init
 .text.DIS_Init
                0x08006e12        0x2 build/svc_ctl.o
                0x08006e12                DIS_Init
 .text.EDS_STM_Init
                0x08006e14        0x2 build/svc_ctl.o
                0x08006e14                EDS_STM_Init
 .text.HIDS_Init
                0x08006e16        0x2 build/svc_ctl.o
                0x08006e16                HIDS_Init
 .text.HRS_Init
                0x08006e18        0x2 build/svc_ctl.o
                0x08006e18                HRS_Init
 .text.HTS_Init
                0x08006e1a        0x2 build/svc_ctl.o
                0x08006e1a                HTS_Init
 .text.IAS_Init
                0x08006e1c        0x2 build/svc_ctl.o
                0x08006e1c                IAS_Init
 .text.LLS_Init
                0x08006e1e        0x2 build/svc_ctl.o
                0x08006e1e                LLS_Init
 .text.TPS_Init
                0x08006e20        0x2 build/svc_ctl.o
                0x08006e20                TPS_Init
 .text.MOTENV_STM_Init
                0x08006e22        0x2 build/svc_ctl.o
                0x08006e22                MOTENV_STM_Init
 .text.P2PS_STM_Init
                0x08006e24        0x2 build/svc_ctl.o
                0x08006e24                P2PS_STM_Init
 .text.ZDD_STM_Init
                0x08006e26        0x2 build/svc_ctl.o
                0x08006e26                ZDD_STM_Init
 .text.OTAS_STM_Init
                0x08006e28        0x2 build/svc_ctl.o
                0x08006e28                OTAS_STM_Init
 .text.MESH_Init
                0x08006e2a        0x2 build/svc_ctl.o
                0x08006e2a                MESH_Init
 .text.BVOPUS_STM_Init
                0x08006e2c        0x2 build/svc_ctl.o
                0x08006e2c                BVOPUS_STM_Init
 .text.SVCCTL_SvcInit
                0x08006e2e       0x4c build/svc_ctl.o
                0x08006e2e                SVCCTL_SvcInit
 *fill*         0x08006e7a        0x2 
 .text.SVCCTL_Init
                0x08006e7c       0x1c build/svc_ctl.o
                0x08006e7c                SVCCTL_Init
 .text.SVCCTL_RegisterSvcHandler
                0x08006e98       0x14 build/svc_ctl.o
                0x08006e98                SVCCTL_RegisterSvcHandler
 .text.SVCCTL_UserEvtRx
                0x08006eac       0x54 build/svc_ctl.o
                0x08006eac                SVCCTL_UserEvtRx
 .text.UTIL_LPM_Init
                0x08006f00       0x14 build/stm32_lpm.o
                0x08006f00                UTIL_LPM_Init
 .text.UTIL_LPM_SetOffMode
                0x08006f14       0x2c build/stm32_lpm.o
                0x08006f14                UTIL_LPM_SetOffMode
 .text.UTIL_SEQ_SetTask
                0x08006f40       0x28 build/stm32_seq.o
                0x08006f40                UTIL_SEQ_SetTask
 .text.UTIL_SEQ_PauseTask
                0x08006f68       0x1c build/stm32_seq.o
                0x08006f68                UTIL_SEQ_PauseTask
 .text.UTIL_SEQ_ResumeTask
                0x08006f84       0x18 build/stm32_seq.o
                0x08006f84                UTIL_SEQ_ResumeTask
 .text.UTIL_SEQ_SetEvt
                0x08006f9c       0x18 build/stm32_seq.o
                0x08006f9c                UTIL_SEQ_SetEvt
 .text.UTIL_SEQ_PreIdle
                0x08006fb4        0x2 build/stm32_seq.o
                0x08006fb4                UTIL_SEQ_PreIdle
 .text.UTIL_SEQ_PostIdle
                0x08006fb6        0x2 build/stm32_seq.o
                0x08006fb6                UTIL_SEQ_PostIdle
 .text.UTIL_SEQ_PreTask
                0x08006fb8        0x2 build/stm32_seq.o
                0x08006fb8                UTIL_SEQ_PreTask
 .text.UTIL_SEQ_PostTask
                0x08006fba        0x2 build/stm32_seq.o
                0x08006fba                UTIL_SEQ_PostTask
 .text.UTIL_SEQ_CatchWarning
                0x08006fbc        0x2 build/stm32_seq.o
                0x08006fbc                UTIL_SEQ_CatchWarning
 .text.SEQ_BitPosition
                0x08006fbe       0x12 build/stm32_seq.o
                0x08006fbe                SEQ_BitPosition
 .text.UTIL_SEQ_Run
                0x08006fd0      0x1f0 build/stm32_seq.o
                0x08006fd0                UTIL_SEQ_Run
 .text.UTIL_SEQ_EvtIdle
                0x080071c0        0xa build/stm32_seq.o
                0x080071c0                UTIL_SEQ_EvtIdle
 *fill*         0x080071ca        0x2 
 .text.UTIL_SEQ_WaitEvt
                0x080071cc       0x58 build/stm32_seq.o
                0x080071cc                UTIL_SEQ_WaitEvt
 .text.UTIL_SEQ_RegTask
                0x08007224       0x20 build/stm32_seq.o
                0x08007224                UTIL_SEQ_RegTask
 .text.HAL_UART_TxCpltCallback
                0x08007244        0x2 build/stm32wbxx_hal_uart.o
                0x08007244                HAL_UART_TxCpltCallback
 .text.HAL_UART_TxHalfCpltCallback
                0x08007246        0x2 build/stm32wbxx_hal_uart.o
                0x08007246                HAL_UART_TxHalfCpltCallback
 .text.HAL_UART_RxHalfCpltCallback
                0x08007248        0x2 build/stm32wbxx_hal_uart.o
                0x08007248                HAL_UART_RxHalfCpltCallback
 .text.HAL_UART_ErrorCallback
                0x0800724a        0x2 build/stm32wbxx_hal_uart.o
                0x0800724a                HAL_UART_ErrorCallback
 .text.HAL_UART_AbortCpltCallback
                0x0800724c        0x2 build/stm32wbxx_hal_uart.o
                0x0800724c                HAL_UART_AbortCpltCallback
 .text.HAL_UART_AbortTransmitCpltCallback
                0x0800724e        0x2 build/stm32wbxx_hal_uart.o
                0x0800724e                HAL_UART_AbortTransmitCpltCallback
 .text.HAL_UART_AbortReceiveCpltCallback
                0x08007250        0x2 build/stm32wbxx_hal_uart.o
                0x08007250                HAL_UART_AbortReceiveCpltCallback
 .text.HAL_UARTEx_RxEventCallback
                0x08007252        0x2 build/stm32wbxx_hal_uart.o
                0x08007252                HAL_UARTEx_RxEventCallback
 .text.UART_EndTxTransfer
                0x08007254       0x32 build/stm32wbxx_hal_uart.o
 .text.UART_EndRxTransfer
                0x08007286       0x56 build/stm32wbxx_hal_uart.o
 .text.UART_DMAReceiveCplt
                0x080072dc       0xac build/stm32wbxx_hal_uart.o
 .text.UART_DMARxHalfCplt
                0x08007388       0x42 build/stm32wbxx_hal_uart.o
 .text.UART_DMAError
                0x080073ca       0x4e build/stm32wbxx_hal_uart.o
 .text.UART_DMAAbortOnError
                0x08007418        0xc build/stm32wbxx_hal_uart.o
 .text.UART_EndTransmit_IT
                0x08007424       0x26 build/stm32wbxx_hal_uart.o
 *fill*         0x0800744a        0x2 
 .text.HAL_UART_IRQHandler
                0x0800744c      0x374 build/stm32wbxx_hal_uart.o
                0x0800744c                HAL_UART_IRQHandler
 .text.HAL_HalfDuplex_EnableReceiver
                0x080077c0       0x4c build/stm32wbxx_hal_uart.o
                0x080077c0                HAL_HalfDuplex_EnableReceiver
 .text.UART_InitCallbacksToDefault
                0x0800780c       0x7c build/stm32wbxx_hal_uart.o
                0x0800780c                UART_InitCallbacksToDefault
 .text.UART_SetConfig
                0x08007888      0x25c build/stm32wbxx_hal_uart.o
                0x08007888                UART_SetConfig
 .text.UART_AdvFeatureConfig
                0x08007ae4       0xca build/stm32wbxx_hal_uart.o
                0x08007ae4                UART_AdvFeatureConfig
 .text.UART_WaitOnFlagUntilTimeout
                0x08007bae       0x9e build/stm32wbxx_hal_uart.o
                0x08007bae                UART_WaitOnFlagUntilTimeout
 .text.UART_CheckIdleState
                0x08007c4c       0xca build/stm32wbxx_hal_uart.o
                0x08007c4c                UART_CheckIdleState
 *fill*         0x08007d16        0x2 
 .text.HAL_HalfDuplex_Init
                0x08007d18       0x8c build/stm32wbxx_hal_uart.o
                0x08007d18                HAL_HalfDuplex_Init
 .text.UART_Start_Receive_DMA
                0x08007da4       0xb0 build/stm32wbxx_hal_uart.o
                0x08007da4                UART_Start_Receive_DMA
 .text.HAL_UART_Receive_DMA
                0x08007e54       0x4c build/stm32wbxx_hal_uart.o
                0x08007e54                HAL_UART_Receive_DMA
 .text.UARTEx_SetNbDataToProcess
                0x08007ea0       0x4c build/stm32wbxx_hal_uart_ex.o
 .text.HAL_UARTEx_WakeupCallback
                0x08007eec        0x2 build/stm32wbxx_hal_uart_ex.o
                0x08007eec                HAL_UARTEx_WakeupCallback
 .text.HAL_UARTEx_RxFifoFullCallback
                0x08007eee        0x2 build/stm32wbxx_hal_uart_ex.o
                0x08007eee                HAL_UARTEx_RxFifoFullCallback
 .text.HAL_UARTEx_TxFifoEmptyCallback
                0x08007ef0        0x2 build/stm32wbxx_hal_uart_ex.o
                0x08007ef0                HAL_UARTEx_TxFifoEmptyCallback
 .text.HAL_UARTEx_DisableFifoMode
                0x08007ef2       0x3e build/stm32wbxx_hal_uart_ex.o
                0x08007ef2                HAL_UARTEx_DisableFifoMode
 .text.HAL_UARTEx_SetTxFifoThreshold
                0x08007f30       0x4a build/stm32wbxx_hal_uart_ex.o
                0x08007f30                HAL_UARTEx_SetTxFifoThreshold
 .text.HAL_UARTEx_SetRxFifoThreshold
                0x08007f7a       0x4a build/stm32wbxx_hal_uart_ex.o
                0x08007f7a                HAL_UARTEx_SetRxFifoThreshold
 .text.QSPI_Config
                0x08007fc4      0x1e8 build/stm32wbxx_hal_qspi.o
 .text.QSPI_WaitFlagStateUntilTimeout
                0x080081ac       0x54 build/stm32wbxx_hal_qspi.o
 .text.HAL_QSPI_Command
                0x08008200       0x9e build/stm32wbxx_hal_qspi.o
                0x08008200                HAL_QSPI_Command
 .text.HAL_QSPI_Transmit
                0x0800829e       0xd2 build/stm32wbxx_hal_qspi.o
                0x0800829e                HAL_QSPI_Transmit
 .text.HAL_QSPI_Receive
                0x08008370       0xde build/stm32wbxx_hal_qspi.o
                0x08008370                HAL_QSPI_Receive
 .text.HAL_QSPI_ErrorCallback
                0x0800844e        0x2 build/stm32wbxx_hal_qspi.o
                0x0800844e                HAL_QSPI_ErrorCallback
 .text.QSPI_DMAAbortCplt
                0x08008450       0x3c build/stm32wbxx_hal_qspi.o
 .text.HAL_QSPI_AbortCpltCallback
                0x0800848c        0x2 build/stm32wbxx_hal_qspi.o
                0x0800848c                HAL_QSPI_AbortCpltCallback
 .text.HAL_QSPI_CmdCpltCallback
                0x0800848e        0x2 build/stm32wbxx_hal_qspi.o
                0x0800848e                HAL_QSPI_CmdCpltCallback
 .text.HAL_QSPI_RxCpltCallback
                0x08008490        0x2 build/stm32wbxx_hal_qspi.o
                0x08008490                HAL_QSPI_RxCpltCallback
 .text.HAL_QSPI_TxCpltCallback
                0x08008492        0x2 build/stm32wbxx_hal_qspi.o
                0x08008492                HAL_QSPI_TxCpltCallback
 .text.HAL_QSPI_FifoThresholdCallback
                0x08008494        0x2 build/stm32wbxx_hal_qspi.o
                0x08008494                HAL_QSPI_FifoThresholdCallback
 .text.HAL_QSPI_StatusMatchCallback
                0x08008496        0x2 build/stm32wbxx_hal_qspi.o
                0x08008496                HAL_QSPI_StatusMatchCallback
 .text.HAL_QSPI_TimeOutCallback
                0x08008498        0x2 build/stm32wbxx_hal_qspi.o
                0x08008498                HAL_QSPI_TimeOutCallback
 *fill*         0x0800849a        0x2 
 .text.HAL_QSPI_IRQHandler
                0x0800849c      0x240 build/stm32wbxx_hal_qspi.o
                0x0800849c                HAL_QSPI_IRQHandler
 .text.HAL_QSPI_SetTimeout
                0x080086dc        0x4 build/stm32wbxx_hal_qspi.o
                0x080086dc                HAL_QSPI_SetTimeout
 .text.HAL_QSPI_Init
                0x080086e0       0xa8 build/stm32wbxx_hal_qspi.o
                0x080086e0                HAL_QSPI_Init
 .text.data_initializers
                0x08008788       0x18 build/startup_stm32wb55xx_cm4.o
 .text.Reset_Handler
                0x080087a0       0x58 build/startup_stm32wb55xx_cm4.o
                0x080087a0                Reset_Handler
 .text.Default_Handler
                0x080087f8        0x2 build/startup_stm32wb55xx_cm4.o
                0x080087f8                RTC_Alarm_IRQHandler
                0x080087f8                TIM1_CC_IRQHandler
                0x080087f8                TSC_IRQHandler
                0x080087f8                USB_HP_IRQHandler
                0x080087f8                EXTI3_IRQHandler
                0x080087f8                LPTIM2_IRQHandler
                0x080087f8                I2C3_ER_IRQHandler
                0x080087f8                EXTI0_IRQHandler
                0x080087f8                FPU_IRQHandler
                0x080087f8                AES1_IRQHandler
                0x080087f8                SPI1_IRQHandler
                0x080087f8                PWR_SOTF_BLEACT_802ACT_RFPHASE_IRQHandler
                0x080087f8                DMA2_Channel2_IRQHandler
                0x080087f8                DMA1_Channel4_IRQHandler
                0x080087f8                ADC1_IRQHandler
                0x080087f8                PKA_IRQHandler
                0x080087f8                DMA1_Channel7_IRQHandler
                0x080087f8                LCD_IRQHandler
                0x080087f8                DMA2_Channel1_IRQHandler
                0x080087f8                DMAMUX1_OVR_IRQHandler
                0x080087f8                DMA1_Channel6_IRQHandler
                0x080087f8                DMA2_Channel4_IRQHandler
                0x080087f8                Default_Handler
                0x080087f8                DMA2_Channel7_IRQHandler
                0x080087f8                EXTI15_10_IRQHandler
                0x080087f8                C2SEV_PWR_C2H_IRQHandler
                0x080087f8                AES2_IRQHandler
                0x080087f8                I2C3_EV_IRQHandler
                0x080087f8                EXTI9_5_IRQHandler
                0x080087f8                PVD_PVM_IRQHandler
                0x080087f8                SPI2_IRQHandler
                0x080087f8                DMA2_Channel5_IRQHandler
                0x080087f8                CRS_IRQHandler
                0x080087f8                DMA1_Channel5_IRQHandler
                0x080087f8                USB_LP_IRQHandler
                0x080087f8                EXTI4_IRQHandler
                0x080087f8                RNG_IRQHandler
                0x080087f8                TIM1_TRG_COM_TIM17_IRQHandler
                0x080087f8                TAMP_STAMP_LSECSS_IRQHandler
                0x080087f8                DMA1_Channel3_IRQHandler
                0x080087f8                COMP_IRQHandler
                0x080087f8                WWDG_IRQHandler
                0x080087f8                DMA2_Channel6_IRQHandler
                0x080087f8                TIM2_IRQHandler
                0x080087f8                TIM1_BRK_IRQHandler
                0x080087f8                EXTI1_IRQHandler
                0x080087f8                DMA1_Channel2_IRQHandler
                0x080087f8                FLASH_IRQHandler
                0x080087f8                LPTIM1_IRQHandler
                0x080087f8                SAI1_IRQHandler
                0x080087f8                DMA2_Channel3_IRQHandler
 .text.memset   0x080087fa       0x10 C:/dev/tools/gcc-arm-none-eabi-13.3/bin/../lib/gcc/arm-none-eabi/13.3.1/../../../../arm-none-eabi/lib/thumb/v7e-m+fp/hard\libc_nano.a(libc_a-memset.o)
                0x080087fa                memset
 *fill*         0x0800880a        0x2 
 .text.__libc_init_array
                0x0800880c       0x48 C:/dev/tools/gcc-arm-none-eabi-13.3/bin/../lib/gcc/arm-none-eabi/13.3.1/../../../../arm-none-eabi/lib/thumb/v7e-m+fp/hard\libc_nano.a(libc_a-init.o)
                0x0800880c                __libc_init_array
 .text.memcpy   0x08008854       0x1c C:/dev/tools/gcc-arm-none-eabi-13.3/bin/../lib/gcc/arm-none-eabi/13.3.1/../../../../arm-none-eabi/lib/thumb/v7e-m+fp/hard\libc_nano.a(libc_a-memcpy-stub.o)
                0x08008854                memcpy
 *(.glue_7)
 .glue_7        0x08008870        0x0 linker stubs
 *(.glue_7t)
 .glue_7t       0x08008870        0x0 linker stubs
 *(.eh_frame)
 .eh_frame      0x08008870        0x0 C:/dev/tools/gcc-arm-none-eabi-13.3/bin/../lib/gcc/arm-none-eabi/13.3.1/thumb/v7e-m+fp/hard/crtbegin.o
 *(.init)
 .init          0x08008870        0x4 C:/dev/tools/gcc-arm-none-eabi-13.3/bin/../lib/gcc/arm-none-eabi/13.3.1/thumb/v7e-m+fp/hard/crti.o
                0x08008870                _init
 .init          0x08008874        0x8 C:/dev/tools/gcc-arm-none-eabi-13.3/bin/../lib/gcc/arm-none-eabi/13.3.1/thumb/v7e-m+fp/hard/crtn.o
 *(.fini)
 .fini          0x0800887c        0x4 C:/dev/tools/gcc-arm-none-eabi-13.3/bin/../lib/gcc/arm-none-eabi/13.3.1/thumb/v7e-m+fp/hard/crti.o
                0x0800887c                _fini
 .fini          0x08008880        0x8 C:/dev/tools/gcc-arm-none-eabi-13.3/bin/../lib/gcc/arm-none-eabi/13.3.1/thumb/v7e-m+fp/hard/crtn.o
                0x08008888                        . = ALIGN (0x4)
                0x08008888                        _etext = .

.vfp11_veneer   0x08008888        0x0
 .vfp11_veneer  0x08008888        0x0 linker stubs

.v4_bx          0x08008888        0x0
 .v4_bx         0x08008888        0x0 linker stubs

.iplt           0x08008888        0x0
 .iplt          0x08008888        0x0 C:/dev/tools/gcc-arm-none-eabi-13.3/bin/../lib/gcc/arm-none-eabi/13.3.1/thumb/v7e-m+fp/hard/crtbegin.o

.rodata         0x08008888     0x32ec
                0x08008888                        . = ALIGN (0x4)
 *(.rodata)
 .rodata        0x08008888       0x2c build/stm32wbxx_hal_rcc.o
 .rodata        0x080088b4       0x1b build/app_debug.o
 *(.rodata*)
 *fill*         0x080088cf        0x1 
 .rodata.MSIRangeTable
                0x080088d0       0x40 build/system_stm32wbxx.o
                0x080088d0                MSIRangeTable
 .rodata.APBPrescTable
                0x08008910       0x20 build/system_stm32wbxx.o
                0x08008910                APBPrescTable
 .rodata.AHBPrescTable
                0x08008930       0x40 build/system_stm32wbxx.o
                0x08008930                AHBPrescTable
 .rodata.bmi270_config_file
                0x08008970     0x2000 build/bmi270.o
                0x08008970                bmi270_config_file
 .rodata.KG_logo
                0x0800a970      0x800 build/oled_display.o
                0x0800a970                KG_logo
 .rodata.Afry_logo
                0x0800b170      0x800 build/oled_display.o
                0x0800b170                Afry_logo
 .rodata.icon_bt_20x20
                0x0800b970       0x3c build/oled_display.o
                0x0800b970                icon_bt_20x20
 .rodata.icon_gps_20x20
                0x0800b9ac       0x3c build/oled_display.o
                0x0800b9ac                icon_gps_20x20
 .rodata.aGpioConfigList
                0x0800b9e8      0x130 build/app_debug.o
 .rodata.Ble_Hci_Gap_Gatt_Init.str1.4
                0x0800bb18        0x9 build/app_ble.o
 *fill*         0x0800bb21        0x3 
 .rodata.a_BLE_CfgErValue
                0x0800bb24       0x10 build/app_ble.o
 .rodata.a_BLE_CfgIrValue
                0x0800bb34       0x10 build/app_ble.o
 .rodata.a_MBdAddr
                0x0800bb44        0x6 build/app_ble.o
 *fill*         0x0800bb4a        0x2 
 .rodata.UARTPrescTable
                0x0800bb4c       0x18 build/stm32wbxx_hal_uart.o
                0x0800bb4c                UARTPrescTable
 .rodata.denominator.0
                0x0800bb64        0x8 build/stm32wbxx_hal_uart_ex.o
 .rodata.numerator.1
                0x0800bb6c        0x8 build/stm32wbxx_hal_uart_ex.o
                0x0800bb74                        . = ALIGN (0x4)

.ARM.extab
 *(.ARM.extab* .gnu.linkonce.armextab.*)

.ARM            0x0800bb74        0x8
                0x0800bb74                        __exidx_start = .
 *(.ARM.exidx*)
 .ARM.exidx     0x0800bb74        0x8 C:/dev/tools/gcc-arm-none-eabi-13.3/bin/../lib/gcc/arm-none-eabi/13.3.1/thumb/v7e-m+fp/hard\libgcc.a(_udivmoddi4.o)
                0x0800bb7c                        __exidx_end = .

.preinit_array  0x0800bb7c        0x0
                0x0800bb7c                        PROVIDE (__preinit_array_start = .)
 *(.preinit_array*)
                0x0800bb7c                        PROVIDE (__preinit_array_end = .)

.init_array     0x0800bb7c        0x4
                0x0800bb7c                        PROVIDE (__init_array_start = .)
 *(SORT_BY_NAME(.init_array.*))
 *(.init_array*)
 .init_array    0x0800bb7c        0x4 C:/dev/tools/gcc-arm-none-eabi-13.3/bin/../lib/gcc/arm-none-eabi/13.3.1/thumb/v7e-m+fp/hard/crtbegin.o
                0x0800bb80                        PROVIDE (__init_array_end = .)

.fini_array     0x0800bb80        0x4
                [!provide]                        PROVIDE (__fini_array_start = .)
 *(SORT_BY_NAME(.fini_array.*))
 *(.fini_array*)
 .fini_array    0x0800bb80        0x4 C:/dev/tools/gcc-arm-none-eabi-13.3/bin/../lib/gcc/arm-none-eabi/13.3.1/thumb/v7e-m+fp/hard/crtbegin.o
                [!provide]                        PROVIDE (__fini_array_end = .)
                0x0800bb84                        _sidata = LOADADDR (.data)

.rel.dyn        0x0800bb84        0x0
 .rel.iplt      0x0800bb84        0x0 C:/dev/tools/gcc-arm-none-eabi-13.3/bin/../lib/gcc/arm-none-eabi/13.3.1/thumb/v7e-m+fp/hard/crtbegin.o

.data           0x20000008       0x24 load address 0x0800bb84
                0x20000008                        . = ALIGN (0x4)
                0x20000008                        _sdata = .
 *(.data)
 *(.data*)
 .data.uwTickFreq
                0x20000008        0x1 build/stm32wbxx_hal.o
                0x20000008                uwTickFreq
 *fill*         0x20000009        0x3 
 .data.uwTickPrio
                0x2000000c        0x4 build/stm32wbxx_hal.o
                0x2000000c                uwTickPrio
 .data.SystemCoreClock
                0x20000010        0x4 build/system_stm32wbxx.o
                0x20000010                SystemCoreClock
 .data.a_AdvData
                0x20000014        0xd build/app_ble.o
                0x20000014                a_AdvData
 *fill*         0x20000021        0x1 
 .data.SizeDp   0x20000022        0x2 build/custom_stm.o
                0x20000022                SizeDp
 .data.SuperMask
                0x20000024        0x4 build/stm32_seq.o
 .data.TaskMask
                0x20000028        0x4 build/stm32_seq.o
                0x2000002c                        . = ALIGN (0x4)

.igot.plt       0x2000002c        0x0 load address 0x0800bba8
 .igot.plt      0x2000002c        0x0 C:/dev/tools/gcc-arm-none-eabi-13.3/bin/../lib/gcc/arm-none-eabi/13.3.1/thumb/v7e-m+fp/hard/crtbegin.o

BLE_DRIVER_CONTEXT
                0x2000002c       0x38 load address 0x0800bba8
 BLE_DRIVER_CONTEXT
                0x2000002c       0x11 build/hci_tl.o
                0x2000002c                UserEventFlow
 *fill*         0x2000003d        0x3 
 BLE_DRIVER_CONTEXT
                0x20000040       0x24 build/svc_ctl.o
                0x20000040                SVCCTL_CltHandler
                0x20000044                SVCCTL_EvtHandler

SYSTEM_DRIVER_CONTEXT
                0x20000064       0x14 load address 0x0800bbe0
 SYSTEM_DRIVER_CONTEXT
                0x20000064       0x14 build/shci_tl.o
                0x20000064                SHCI_TL_UserEventFlow

.tdata          0x20000078        0x0 load address 0x0800bbf4
 *(.tdata .tdata.* .gnu.linkonce.td.*)
                0x20000078                        . = ALIGN (0x4)
                0x20000078                        _edata = .
                [!provide]                        PROVIDE (__data_end = .)
                [!provide]                        PROVIDE (__tdata_end = .)
                [!provide]                        PROVIDE (__tdata_start = ADDR (.tdata))
                [!provide]                        PROVIDE (__tdata_size = (__tdata_end - __tdata_start))
                [!provide]                        PROVIDE (__data_start = ADDR (.data))
                [!provide]                        PROVIDE (__data_size = (__data_end - __data_start))
                [!provide]                        PROVIDE (__tdata_source = LOADADDR (.tdata))
                [!provide]                        PROVIDE (__tdata_source_end = (LOADADDR (.tdata) + SIZEOF (.tdata)))
                [!provide]                        PROVIDE (__tdata_source_size = (__tdata_source_end - __tdata_source))
                [!provide]                        PROVIDE (__data_source = LOADADDR (.data))
                [!provide]                        PROVIDE (__data_source_end = __tdata_source_end)
                [!provide]                        PROVIDE (__data_source_size = (__data_source_end - __data_source))

.tbss           0x20000078        0x0 load address 0x0800bbf4
                0x20000078                        _sbss = .
                0x20000078                        __bss_start__ = _sbss
 *(.tbss .tbss.*)
                0x20000078                        . = ALIGN (0x4)
                [!provide]                        PROVIDE (__tbss_end = .)
                [!provide]                        PROVIDE (__tbss_start = ADDR (.tbss))
                [!provide]                        PROVIDE (__tbss_size = (__tbss_end - __tbss_start))
                [!provide]                        PROVIDE (__tbss_offset = (ADDR (.tbss) - ADDR (.tdata)))
                [!provide]                        PROVIDE (__tls_base = __tdata_start)
                [!provide]                        PROVIDE (__tls_end = __tbss_end)
                [!provide]                        PROVIDE (__tls_size = (__tls_end - __tls_base))
                [!provide]                        PROVIDE (__tls_align = MAX (ALIGNOF (.tdata), ALIGNOF (.tbss)))
                [!provide]                        PROVIDE (__tls_size_align = (((__tls_size + __tls_align) - 0x1) & ~ ((__tls_align - 0x1))))
                [!provide]                        PROVIDE (__arm32_tls_tcb_offset = MAX (0x8, __tls_align))
                [!provide]                        PROVIDE (__arm64_tls_tcb_offset = MAX (0x10, __tls_align))

.bss            0x20000078     0x28d0 load address 0x0800bbf4
 *(.bss)
 .bss           0x20000078       0x1c C:/dev/tools/gcc-arm-none-eabi-13.3/bin/../lib/gcc/arm-none-eabi/13.3.1/thumb/v7e-m+fp/hard/crtbegin.o
 *(.bss*)
 .bss.htim16    0x20000094       0x4c build/main.o
                0x20000094                htim16
 .bss.hrtc      0x200000e0       0x24 build/main.o
                0x200000e0                hrtc
 .bss.hqspi     0x20000104       0x44 build/main.o
                0x20000104                hqspi
 .bss.hdma_lpuart1_rx
                0x20000148       0x60 build/main.o
                0x20000148                hdma_lpuart1_rx
 .bss.huart1    0x200001a8       0xcc build/main.o
                0x200001a8                huart1
 .bss.hlpuart1  0x20000274       0xcc build/main.o
                0x20000274                hlpuart1
 .bss.hipcc     0x20000340       0x3c build/main.o
                0x20000340                hipcc
 .bss.hi2c1     0x2000037c       0x54 build/main.o
                0x2000037c                hi2c1
 .bss.tastScheduler
                0x200003d0        0x1 build/main.o
                0x200003d0                tastScheduler
 .bss.btnState  0x200003d1        0x1 build/main.o
                0x200003d1                btnState
 *fill*         0x200003d2        0x2 
 .bss.uwTick    0x200003d4        0x4 build/stm32wbxx_hal.o
                0x200003d4                uwTick
 .bss.chipID    0x200003d8        0x1 build/bme280.o
                0x200003d8                chipID
 *fill*         0x200003d9        0x1 
 .bss.dig_H6    0x200003da        0x2 build/bme280.o
                0x200003da                dig_H6
 .bss.dig_H5    0x200003dc        0x2 build/bme280.o
                0x200003dc                dig_H5
 .bss.dig_H4    0x200003de        0x2 build/bme280.o
                0x200003de                dig_H4
 .bss.dig_H2    0x200003e0        0x2 build/bme280.o
                0x200003e0                dig_H2
 .bss.dig_P9    0x200003e2        0x2 build/bme280.o
                0x200003e2                dig_P9
 .bss.dig_P8    0x200003e4        0x2 build/bme280.o
                0x200003e4                dig_P8
 .bss.dig_P7    0x200003e6        0x2 build/bme280.o
                0x200003e6                dig_P7
 .bss.dig_P6    0x200003e8        0x2 build/bme280.o
                0x200003e8                dig_P6
 .bss.dig_P5    0x200003ea        0x2 build/bme280.o
                0x200003ea                dig_P5
 .bss.dig_P4    0x200003ec        0x2 build/bme280.o
                0x200003ec                dig_P4
 .bss.dig_P3    0x200003ee        0x2 build/bme280.o
                0x200003ee                dig_P3
 .bss.dig_P2    0x200003f0        0x2 build/bme280.o
                0x200003f0                dig_P2
 .bss.dig_T3    0x200003f2        0x2 build/bme280.o
                0x200003f2                dig_T3
 .bss.dig_T2    0x200003f4        0x2 build/bme280.o
                0x200003f4                dig_T2
 .bss.dig_H3    0x200003f6        0x2 build/bme280.o
                0x200003f6                dig_H3
 .bss.dig_H1    0x200003f8        0x2 build/bme280.o
                0x200003f8                dig_H1
 .bss.dig_P1    0x200003fa        0x2 build/bme280.o
                0x200003fa                dig_P1
 .bss.dig_T1    0x200003fc        0x2 build/bme280.o
                0x200003fc                dig_T1
 *fill*         0x200003fe        0x2 
 .bss.readBuffer
                0x20000400      0x100 build/sensordata.o
 .bss.sectorCounter
                0x20000500        0x2 build/sensordata.o
 .bss.pageCounter
                0x20000502        0x1 build/sensordata.o
 *fill*         0x20000503        0x1 
 .bss.addInc    0x20000504        0x4 build/sensordata.o
 .bss.buffer    0x20000508      0x100 build/sensordata.o
 .bss.dataCounter
                0x20000608        0x1 build/sensordata.o
 .bss.bufferPointer
                0x20000609        0x1 build/sensordata.o
 *fill*         0x2000060a        0x2 
 .bss.headerBuffer
                0x2000060c       0x19 build/sensordata.o
 *fill*         0x20000625        0x3 
 .bss.BMIraw_data
                0x20000628        0xc build/sensordata.o
                0x20000628                BMIraw_data
 .bss.BMEraw_data
                0x20000634        0x8 build/sensordata.o
                0x20000634                BMEraw_data
 .bss.GPSraw_data
                0x2000063c        0xf build/sensordata.o
                0x2000063c                GPSraw_data
 .bss.bufferFull
                0x2000064b        0x1 build/sensordata.o
 .bss.logoSwitched
                0x2000064c        0x1 build/gps.o
                0x2000064c                logoSwitched
 .bss.GPS_connected
                0x2000064d        0x1 build/gps.o
                0x2000064d                GPS_connected
 *fill*         0x2000064e        0x2 
 .bss.myGpsData
                0x20000650       0x48 build/gps.o
                0x20000650                myGpsData
 .bss.gpsRxBuffer
                0x20000698       0x64 build/gps.o
                0x20000698                gpsRxBuffer
 .bss.buffer    0x200006fc     0x2000 build/oled_display.o
 .bss.MaxWakeupTimerSetup
                0x200026fc        0x2 build/hw_timerserver.o
 .bss.SynchPrescalerUserConfig
                0x200026fe        0x2 build/hw_timerserver.o
 .bss.AsynchPrescalerUserConfig
                0x20002700        0x1 build/hw_timerserver.o
 .bss.WakeupTimerDivider
                0x20002701        0x1 build/hw_timerserver.o
 .bss.WakeupTimerLimitation
                0x20002702        0x1 build/hw_timerserver.o
 *fill*         0x20002703        0x1 
 .bss.SSRValueOnLastSetup
                0x20002704        0x4 build/hw_timerserver.o
 .bss.PreviousRunningTimerID
                0x20002708        0x1 build/hw_timerserver.o
 .bss.CurrentRunningTimerID
                0x20002709        0x1 build/hw_timerserver.o
 *fill*         0x2000270a        0x2 
 .bss.aTimerContext
                0x2000270c       0x90 build/hw_timerserver.o
 .bss.mutex     0x2000279c        0x1 build/app_ble.o
                0x2000279c                mutex
 .bss.index_con_int
                0x2000279d        0x1 build/app_ble.o
                0x2000279d                index_con_int
 *fill*         0x2000279e        0x2 
 .bss.HandleNotification
                0x200027a0        0x4 build/app_ble.o
                0x200027a0                HandleNotification
 .bss.BleApplicationContext
                0x200027a4       0x76 build/app_ble.o
 *fill*         0x2000281a        0x2 
 .bss.a_BdAddrUdn
                0x2000281c        0x6 build/app_ble.o
 *fill*         0x20002822        0x2 
 .bss.CustomContext
                0x20002824        0x4 build/custom_stm.o
 .bss.notifications_enable
                0x20002828        0x1 build/custom_app.o
 *fill*         0x20002829        0x3 
 .bss.FreeBufCb
                0x2000282c        0x4 build/hw_ipcc.o
 .bss.p_mem_manager_table.0
                0x20002830        0x4 build/tl_mbox.o
 .bss.SYS_EVT_IoBusCallBackFunction
                0x20002834        0x4 build/tl_mbox.o
 .bss.SYS_CMD_IoBusCallBackFunction
                0x20002838        0x4 build/tl_mbox.o
 .bss.BLE_IoBusAclDataTxAck
                0x2000283c        0x4 build/tl_mbox.o
 .bss.BLE_IoBusEvtCallBackFunction
                0x20002840        0x4 build/tl_mbox.o
 .bss.LocalFreeBufQueue
                0x20002844        0x8 build/tl_mbox.o
 .bss.CmdRspStatusFlag
                0x2000284c        0x1 build/hci_tl.o
 *fill*         0x2000284d        0x3 
 .bss.StatusNotCallBackFunction
                0x20002850        0x4 build/hci_tl.o
 .bss.HciCmdEventQueue
                0x20002854        0x8 build/hci_tl.o
 .bss.hciContext
                0x2000285c       0x20 build/hci_tl.o
 .bss.CmdRspStatusFlag
                0x2000287c        0x1 build/shci_tl.o
 *fill*         0x2000287d        0x3 
 .bss.StatusNotCallBackFunction
                0x20002880        0x4 build/shci_tl.o
 .bss.shciContext
                0x20002884       0x20 build/shci_tl.o
 .bss.OffModeDisable
                0x200028a4        0x4 build/stm32_lpm.o
 .bss.StopModeDisable
                0x200028a8        0x4 build/stm32_lpm.o
 .bss.TaskClearList
                0x200028ac        0x4 build/stm32_seq.o
 .bss.TaskPrio  0x200028b0        0x8 build/stm32_seq.o
 .bss.TaskCb    0x200028b8       0x80 build/stm32_seq.o
 .bss.CurrentTaskIdx
                0x20002938        0x4 build/stm32_seq.o
 .bss.EvtWaited
                0x2000293c        0x4 build/stm32_seq.o
 .bss.EvtSet    0x20002940        0x4 build/stm32_seq.o
 .bss.TaskSet   0x20002944        0x4 build/stm32_seq.o
 *(COMMON)
                0x20002948                        . = ALIGN (0x4)
                0x20002948                        _ebss = .
                0x20002948                        __bss_end__ = _ebss
                [!provide]                        PROVIDE (__bss_end = .)
                [!provide]                        PROVIDE (__non_tls_bss_start = ADDR (.bss))
                [!provide]                        PROVIDE (__bss_start = __tbss_start)
                [!provide]                        PROVIDE (__bss_size = (__bss_end - __bss_start))

._user_heap_stack
                0x20002948      0x600 load address 0x0800bbf4
                0x20002948                        . = ALIGN (0x8)
                [!provide]                        PROVIDE (end = .)
                0x20002948                        PROVIDE (_end = .)
                0x20002b48                        . = (. + _Min_Heap_Size)
 *fill*         0x20002948      0x200 
                0x20002f48                        . = (. + _Min_Stack_Size)
 *fill*         0x20002b48      0x400 
                0x20002f48                        . = ALIGN (0x8)

/DISCARD/
 libc.a:*(*)
 libm.a:*(*)
 libgcc.a:*(*)

.ARM.attributes
                0x00000000       0x30
 *(.ARM.attributes)
 .ARM.attributes
                0x00000000       0x22 C:/dev/tools/gcc-arm-none-eabi-13.3/bin/../lib/gcc/arm-none-eabi/13.3.1/thumb/v7e-m+fp/hard/crti.o
 .ARM.attributes
                0x00000022       0x34 C:/dev/tools/gcc-arm-none-eabi-13.3/bin/../lib/gcc/arm-none-eabi/13.3.1/thumb/v7e-m+fp/hard/crtbegin.o
 .ARM.attributes
                0x00000056       0x34 build/main.o
 .ARM.attributes
                0x0000008a       0x34 build/stm32wbxx_it.o
 .ARM.attributes
                0x000000be       0x34 build/stm32wbxx_hal_msp.o
 .ARM.attributes
                0x000000f2       0x34 build/stm32wbxx_hal_rcc.o
 .ARM.attributes
                0x00000126       0x34 build/stm32wbxx_hal_rcc_ex.o
 .ARM.attributes
                0x0000015a       0x34 build/stm32wbxx_hal_gpio.o
 .ARM.attributes
                0x0000018e       0x34 build/stm32wbxx_hal_hsem.o
 .ARM.attributes
                0x000001c2       0x34 build/stm32wbxx_hal_dma.o
 .ARM.attributes
                0x000001f6       0x34 build/stm32wbxx_hal_pwr.o
 .ARM.attributes
                0x0000022a       0x34 build/stm32wbxx_hal_pwr_ex.o
 .ARM.attributes
                0x0000025e       0x34 build/stm32wbxx_hal_cortex.o
 .ARM.attributes
                0x00000292       0x34 build/stm32wbxx_hal.o
 .ARM.attributes
                0x000002c6       0x34 build/system_stm32wbxx.o
 .ARM.attributes
                0x000002fa       0x34 build/bmi270.o
 .ARM.attributes
                0x0000032e       0x34 build/bme280.o
 .ARM.attributes
                0x00000362       0x34 build/sensordata.o
 .ARM.attributes
                0x00000396       0x34 build/gps.o
 .ARM.attributes
                0x000003ca       0x34 build/flash.o
 .ARM.attributes
                0x000003fe       0x34 build/oled_display.o
 .ARM.attributes
                0x00000432       0x34 build/stm32wbxx_hal_i2c.o
 .ARM.attributes
                0x00000466       0x34 build/stm32wbxx_hal_i2c_ex.o
 .ARM.attributes
                0x0000049a       0x34 build/stm32wbxx_hal_tim.o
 .ARM.attributes
                0x000004ce       0x34 build/stm32wbxx_hal_tim_ex.o
 .ARM.attributes
                0x00000502       0x34 build/stm32wbxx_hal_ipcc.o
 .ARM.attributes
                0x00000536       0x34 build/stm32wbxx_hal_rtc.o
 .ARM.attributes
                0x0000056a       0x34 build/stm32wbxx_hal_rtc_ex.o
 .ARM.attributes
                0x0000059e       0x34 build/app_entry.o
 .ARM.attributes
                0x000005d2       0x34 build/app_debug.o
 .ARM.attributes
                0x00000606       0x34 build/hw_timerserver.o
 .ARM.attributes
                0x0000063a       0x34 build/app_ble.o
 .ARM.attributes
                0x0000066e       0x34 build/custom_stm.o
 .ARM.attributes
                0x000006a2       0x34 build/custom_app.o
 .ARM.attributes
                0x000006d6       0x34 build/hw_ipcc.o
 .ARM.attributes
                0x0000070a       0x34 build/tl_mbox.o
 .ARM.attributes
                0x0000073e       0x34 build/shci.o
 .ARM.attributes
                0x00000772       0x34 build/otp.o
 .ARM.attributes
                0x000007a6       0x34 build/stm_list.o
 .ARM.attributes
                0x000007da       0x34 build/osal.o
 .ARM.attributes
                0x0000080e       0x34 build/ble_gap_aci.o
 .ARM.attributes
                0x00000842       0x34 build/ble_gatt_aci.o
 .ARM.attributes
                0x00000876       0x34 build/ble_hal_aci.o
 .ARM.attributes
                0x000008aa       0x34 build/ble_hci_le.o
 .ARM.attributes
                0x000008de       0x34 build/hci_tl.o
 .ARM.attributes
                0x00000912       0x34 build/hci_tl_if.o
 .ARM.attributes
                0x00000946       0x34 build/shci_tl.o
 .ARM.attributes
                0x0000097a       0x34 build/shci_tl_if.o
 .ARM.attributes
                0x000009ae       0x34 build/svc_ctl.o
 .ARM.attributes
                0x000009e2       0x34 build/stm32_lpm.o
 .ARM.attributes
                0x00000a16       0x34 build/stm32_seq.o
 .ARM.attributes
                0x00000a4a       0x34 build/stm32wbxx_hal_uart.o
 .ARM.attributes
                0x00000a7e       0x34 build/stm32wbxx_hal_uart_ex.o
 .ARM.attributes
                0x00000ab2       0x34 build/stm32wbxx_hal_qspi.o
 .ARM.attributes
                0x00000ae6       0x21 build/startup_stm32wb55xx_cm4.o
 .ARM.attributes
                0x00000b07       0x34 C:/dev/tools/gcc-arm-none-eabi-13.3/bin/../lib/gcc/arm-none-eabi/13.3.1/../../../../arm-none-eabi/lib/thumb/v7e-m+fp/hard\libc_nano.a(libc_a-memset.o)
 .ARM.attributes
                0x00000b3b       0x34 C:/dev/tools/gcc-arm-none-eabi-13.3/bin/../lib/gcc/arm-none-eabi/13.3.1/../../../../arm-none-eabi/lib/thumb/v7e-m+fp/hard\libc_nano.a(libc_a-init.o)
 .ARM.attributes
                0x00000b6f       0x34 C:/dev/tools/gcc-arm-none-eabi-13.3/bin/../lib/gcc/arm-none-eabi/13.3.1/../../../../arm-none-eabi/lib/thumb/v7e-m+fp/hard\libc_nano.a(libc_a-memcpy-stub.o)
 .ARM.attributes
                0x00000ba3       0x22 C:/dev/tools/gcc-arm-none-eabi-13.3/bin/../lib/gcc/arm-none-eabi/13.3.1/thumb/v7e-m+fp/hard\libgcc.a(_aeabi_uldivmod.o)
 .ARM.attributes
                0x00000bc5       0x34 C:/dev/tools/gcc-arm-none-eabi-13.3/bin/../lib/gcc/arm-none-eabi/13.3.1/thumb/v7e-m+fp/hard\libgcc.a(_udivmoddi4.o)
 .ARM.attributes
                0x00000bf9       0x22 C:/dev/tools/gcc-arm-none-eabi-13.3/bin/../lib/gcc/arm-none-eabi/13.3.1/thumb/v7e-m+fp/hard\libgcc.a(_dvmd_tls.o)
 .ARM.attributes
                0x00000c1b       0x22 C:/dev/tools/gcc-arm-none-eabi-13.3/bin/../lib/gcc/arm-none-eabi/13.3.1/thumb/v7e-m+fp/hard/crtn.o

MAPPING_TABLE   0x20030000       0x28
 *(MAPPING_TABLE)
 MAPPING_TABLE  0x20030000       0x28 build/tl_mbox.o

MB_MEM1         0x20030028      0x1bc
 *(MB_MEM1)
 MB_MEM1        0x20030028      0x10b build/app_ble.o
 *fill*         0x20030133        0x1 
 MB_MEM1        0x20030134       0xb0 build/tl_mbox.o
                0x0800bbf4                        _siMB_MEM2 = LOADADDR (.MB_MEM2)

.MB_MEM2        0x200301e4      0x883 load address 0x0800bbf4
                0x200301e4                        _sMB_MEM2 = .
 *(MB_MEM2)
 MB_MEM2        0x200301e4      0x860 build/app_entry.o
 MB_MEM2        0x20030a44       0x14 build/app_debug.o
 MB_MEM2        0x20030a58        0xf build/tl_mbox.o
                0x20030a67                        _eMB_MEM2 = .
OUTPUT(build/LIA_26.elf elf32-littlearm)
LOAD linker stubs

.debug_info     0x00000000    0x542ac
 .debug_info    0x00000000     0x3395 build/main.o
 .debug_info    0x00003395     0x1779 build/stm32wbxx_it.o
 .debug_info    0x00004b0e     0x2f9f build/stm32wbxx_hal_msp.o
 .debug_info    0x00007aad     0x24af build/stm32wbxx_hal_rcc.o
 .debug_info    0x00009f5c     0x34c1 build/stm32wbxx_hal_rcc_ex.o
 .debug_info    0x0000d41d      0x834 build/stm32wbxx_hal_gpio.o
 .debug_info    0x0000dc51      0x45b build/stm32wbxx_hal_hsem.o
 .debug_info    0x0000e0ac      0xad1 build/stm32wbxx_hal_dma.o
 .debug_info    0x0000eb7d      0xb44 build/stm32wbxx_hal_pwr.o
 .debug_info    0x0000f6c1     0x15f2 build/stm32wbxx_hal_pwr_ex.o
 .debug_info    0x00010cb3     0x10e7 build/stm32wbxx_hal_cortex.o
 .debug_info    0x00011d9a     0x194f build/stm32wbxx_hal.o
 .debug_info    0x000136e9      0x81b build/system_stm32wbxx.o
 .debug_info    0x00013f04      0xf31 build/bmi270.o
 .debug_info    0x00014e35     0x11b3 build/bme280.o
 .debug_info    0x00015fe8      0x484 build/sensordata.o
 .debug_info    0x0001646c      0xef5 build/gps.o
 .debug_info    0x00017361     0x1079 build/flash.o
 .debug_info    0x000183da     0x1b2e build/oled_display.o
 .debug_info    0x00019f08     0x483e build/stm32wbxx_hal_i2c.o
 .debug_info    0x0001e746      0xa67 build/stm32wbxx_hal_i2c_ex.o
 .debug_info    0x0001f1ad     0x43c8 build/stm32wbxx_hal_tim.o
 .debug_info    0x00023575     0x225d build/stm32wbxx_hal_tim_ex.o
 .debug_info    0x000257d2      0xa24 build/stm32wbxx_hal_ipcc.o
 .debug_info    0x000261f6     0x1340 build/stm32wbxx_hal_rtc.o
 .debug_info    0x00027536     0x15d5 build/stm32wbxx_hal_rtc_ex.o
 .debug_info    0x00028b0b     0x21f1 build/app_entry.o
 .debug_info    0x0002acfc      0xee6 build/app_debug.o
 .debug_info    0x0002bbe2     0x1792 build/hw_timerserver.o
 .debug_info    0x0002d374     0x1a98 build/app_ble.o
 .debug_info    0x0002ee0c      0xaa4 build/custom_stm.o
 .debug_info    0x0002f8b0      0x30f build/custom_app.o
 .debug_info    0x0002fbbf     0x1a96 build/hw_ipcc.o
 .debug_info    0x00031655     0x1168 build/tl_mbox.o
 .debug_info    0x000327bd     0x2311 build/shci.o
 .debug_info    0x00034ace       0xde build/otp.o
 .debug_info    0x00034bac      0x901 build/stm_list.o
 .debug_info    0x000354ad      0x2ae build/osal.o
 .debug_info    0x0003575b     0x53b0 build/ble_gap_aci.o
 .debug_info    0x0003ab0b     0x4749 build/ble_gatt_aci.o
 .debug_info    0x0003f254     0x1619 build/ble_hal_aci.o
 .debug_info    0x0004086d     0x674e build/ble_hci_le.o
 .debug_info    0x00046fbb      0xd32 build/hci_tl.o
 .debug_info    0x00047ced      0x213 build/hci_tl_if.o
 .debug_info    0x00047f00      0xadf build/shci_tl.o
 .debug_info    0x000489df      0x213 build/shci_tl_if.o
 .debug_info    0x00048bf2      0x63a build/svc_ctl.o
 .debug_info    0x0004922c      0x4e8 build/stm32_lpm.o
 .debug_info    0x00049714      0xf06 build/stm32_seq.o
 .debug_info    0x0004a61a     0x6bf2 build/stm32wbxx_hal_uart.o
 .debug_info    0x0005120c     0x1564 build/stm32wbxx_hal_uart_ex.o
 .debug_info    0x00052770     0x1b0c build/stm32wbxx_hal_qspi.o
 .debug_info    0x0005427c       0x30 build/startup_stm32wb55xx_cm4.o

.debug_abbrev   0x00000000     0x8504
 .debug_abbrev  0x00000000      0x3fb build/main.o
 .debug_abbrev  0x000003fb      0x1e8 build/stm32wbxx_it.o
 .debug_abbrev  0x000005e3      0x314 build/stm32wbxx_hal_msp.o
 .debug_abbrev  0x000008f7      0x378 build/stm32wbxx_hal_rcc.o
 .debug_abbrev  0x00000c6f      0x4a4 build/stm32wbxx_hal_rcc_ex.o
 .debug_abbrev  0x00001113      0x21e build/stm32wbxx_hal_gpio.o
 .debug_abbrev  0x00001331      0x1e0 build/stm32wbxx_hal_hsem.o
 .debug_abbrev  0x00001511      0x250 build/stm32wbxx_hal_dma.o
 .debug_abbrev  0x00001761      0x25c build/stm32wbxx_hal_pwr.o
 .debug_abbrev  0x000019bd      0x394 build/stm32wbxx_hal_pwr_ex.o
 .debug_abbrev  0x00001d51      0x3ca build/stm32wbxx_hal_cortex.o
 .debug_abbrev  0x0000211b      0x3c4 build/stm32wbxx_hal.o
 .debug_abbrev  0x000024df      0x12a build/system_stm32wbxx.o
 .debug_abbrev  0x00002609      0x26d build/bmi270.o
 .debug_abbrev  0x00002876      0x2b9 build/bme280.o
 .debug_abbrev  0x00002b2f      0x1c1 build/sensordata.o
 .debug_abbrev  0x00002cf0      0x268 build/gps.o
 .debug_abbrev  0x00002f58      0x24d build/flash.o
 .debug_abbrev  0x000031a5      0x2ef build/oled_display.o
 .debug_abbrev  0x00003494      0x2e4 build/stm32wbxx_hal_i2c.o
 .debug_abbrev  0x00003778      0x1aa build/stm32wbxx_hal_i2c_ex.o
 .debug_abbrev  0x00003922      0x2bd build/stm32wbxx_hal_tim.o
 .debug_abbrev  0x00003bdf      0x2cc build/stm32wbxx_hal_tim_ex.o
 .debug_abbrev  0x00003eab      0x2c3 build/stm32wbxx_hal_ipcc.o
 .debug_abbrev  0x0000416e      0x23a build/stm32wbxx_hal_rtc.o
 .debug_abbrev  0x000043a8      0x282 build/stm32wbxx_hal_rtc_ex.o
 .debug_abbrev  0x0000462a      0x473 build/app_entry.o
 .debug_abbrev  0x00004a9d      0x2a1 build/app_debug.o
 .debug_abbrev  0x00004d3e      0x3b1 build/hw_timerserver.o
 .debug_abbrev  0x000050ef      0x3dd build/app_ble.o
 .debug_abbrev  0x000054cc      0x2da build/custom_stm.o
 .debug_abbrev  0x000057a6      0x128 build/custom_app.o
 .debug_abbrev  0x000058ce      0x3ac build/hw_ipcc.o
 .debug_abbrev  0x00005c7a      0x2f7 build/tl_mbox.o
 .debug_abbrev  0x00005f71      0x1f2 build/shci.o
 .debug_abbrev  0x00006163       0x88 build/otp.o
 .debug_abbrev  0x000061eb      0x1ba build/stm_list.o
 .debug_abbrev  0x000063a5       0xdd build/osal.o
 .debug_abbrev  0x00006482      0x230 build/ble_gap_aci.o
 .debug_abbrev  0x000066b2      0x266 build/ble_gatt_aci.o
 .debug_abbrev  0x00006918      0x22a build/ble_hal_aci.o
 .debug_abbrev  0x00006b42      0x239 build/ble_hci_le.o
 .debug_abbrev  0x00006d7b      0x2a5 build/hci_tl.o
 .debug_abbrev  0x00007020       0xca build/hci_tl_if.o
 .debug_abbrev  0x000070ea      0x22b build/shci_tl.o
 .debug_abbrev  0x00007315       0xca build/shci_tl_if.o
 .debug_abbrev  0x000073df      0x1fe build/svc_ctl.o
 .debug_abbrev  0x000075dd      0x22a build/stm32_lpm.o
 .debug_abbrev  0x00007807      0x34b build/stm32_seq.o
 .debug_abbrev  0x00007b52      0x3a1 build/stm32wbxx_hal_uart.o
 .debug_abbrev  0x00007ef3      0x35c build/stm32wbxx_hal_uart_ex.o
 .debug_abbrev  0x0000824f      0x298 build/stm32wbxx_hal_qspi.o
 .debug_abbrev  0x000084e7       0x1d build/startup_stm32wb55xx_cm4.o

.debug_loc      0x00000000    0x3a803
 .debug_loc     0x00000000      0x28c build/main.o
 .debug_loc     0x0000028c      0x1a0 build/stm32wbxx_it.o
 .debug_loc     0x0000042c      0x7ea build/stm32wbxx_hal_msp.o