Archive member included to satisfy reference by file (symbol)

C:/dev/tools/gcc-arm-none-eabi-13.3/bin/../lib/gcc/arm-none-eabi/13.3.1/../../../../arm-none-eabi/lib/thumb/v7e-m+fp/hard\libc_nano.a(libc_a-exit.o)
                              C:/dev/tools/gcc-arm-none-eabi-13.3/bin/../lib/gcc/arm-none-eabi/13.3.1/../../../../arm-none-eabi/lib/thumb/v7e-m+fp/hard/crt0.o (exit)
C:/dev/tools/gcc-arm-none-eabi-13.3/bin/../lib/gcc/arm-none-eabi/13.3.1/../../../../arm-none-eabi/lib/thumb/v7e-m+fp/hard\libc_nano.a(libc_a-findfp.o)
                              C:/dev/tools/gcc-arm-none-eabi-13.3/bin/../lib/gcc/arm-none-eabi/13.3.1/../../../../arm-none-eabi/lib/thumb/v7e-m+fp/hard\libc_nano.a(libc_a-exit.o) (__stdio_exit_handler)
C:/dev/tools/gcc-arm-none-eabi-13.3/bin/../lib/gcc/arm-none-eabi/13.3.1/../../../../arm-none-eabi/lib/thumb/v7e-m+fp/hard\libc_nano.a(libc_a-fwalk.o)
                              C:/dev/tools/gcc-arm-none-eabi-13.3/bin/../lib/gcc/arm-none-eabi/13.3.1/../../../../arm-none-eabi/lib/thumb/v7e-m+fp/hard\libc_nano.a(libc_a-findfp.o) (_fwalk_sglue)
C:/dev/tools/gcc-arm-none-eabi-13.3/bin/../lib/gcc/arm-none-eabi/13.3.1/../../../../arm-none-eabi/lib/thumb/v7e-m+fp/hard\libc_nano.a(libc_a-printf.o)
                              build/dbg_trace.o (printf)
C:/dev/tools/gcc-arm-none-eabi-13.3/bin/../lib/gcc/arm-none-eabi/13.3.1/../../../../arm-none-eabi/lib/thumb/v7e-m+fp/hard\libc_nano.a(libc_a-stdio.o)
                              C:/dev/tools/gcc-arm-none-eabi-13.3/bin/../lib/gcc/arm-none-eabi/13.3.1/../../../../arm-none-eabi/lib/thumb/v7e-m+fp/hard\libc_nano.a(libc_a-findfp.o) (__sread)
C:/dev/tools/gcc-arm-none-eabi-13.3/bin/../lib/gcc/arm-none-eabi/13.3.1/../../../../arm-none-eabi/lib/thumb/v7e-m+fp/hard\libc_nano.a(libc_a-vprintf.o)
                              build/dbg_trace.o (vprintf)
C:/dev/tools/gcc-arm-none-eabi-13.3/bin/../lib/gcc/arm-none-eabi/13.3.1/../../../../arm-none-eabi/lib/thumb/v7e-m+fp/hard\libc_nano.a(libc_a-memcmp.o)
                              build/osal.o (memcmp)
C:/dev/tools/gcc-arm-none-eabi-13.3/bin/../lib/gcc/arm-none-eabi/13.3.1/../../../../arm-none-eabi/lib/thumb/v7e-m+fp/hard\libc_nano.a(libc_a-memset.o)
                              C:/dev/tools/gcc-arm-none-eabi-13.3/bin/../lib/gcc/arm-none-eabi/13.3.1/../../../../arm-none-eabi/lib/thumb/v7e-m+fp/hard/crt0.o (memset)
C:/dev/tools/gcc-arm-none-eabi-13.3/bin/../lib/gcc/arm-none-eabi/13.3.1/../../../../arm-none-eabi/lib/thumb/v7e-m+fp/hard\libc_nano.a(libc_a-strrchr.o)
                              build/dbg_trace.o (strrchr)
C:/dev/tools/gcc-arm-none-eabi-13.3/bin/../lib/gcc/arm-none-eabi/13.3.1/../../../../arm-none-eabi/lib/thumb/v7e-m+fp/hard\libc_nano.a(libc_a-closer.o)
                              C:/dev/tools/gcc-arm-none-eabi-13.3/bin/../lib/gcc/arm-none-eabi/13.3.1/../../../../arm-none-eabi/lib/thumb/v7e-m+fp/hard\libc_nano.a(libc_a-stdio.o) (_close_r)
C:/dev/tools/gcc-arm-none-eabi-13.3/bin/../lib/gcc/arm-none-eabi/13.3.1/../../../../arm-none-eabi/lib/thumb/v7e-m+fp/hard\libc_nano.a(libc_a-reent.o)
                              C:/dev/tools/gcc-arm-none-eabi-13.3/bin/../lib/gcc/arm-none-eabi/13.3.1/../../../../arm-none-eabi/lib/thumb/v7e-m+fp/hard\libc_nano.a(libc_a-closer.o) (errno)
C:/dev/tools/gcc-arm-none-eabi-13.3/bin/../lib/gcc/arm-none-eabi/13.3.1/../../../../arm-none-eabi/lib/thumb/v7e-m+fp/hard\libc_nano.a(libc_a-impure.o)
                              C:/dev/tools/gcc-arm-none-eabi-13.3/bin/../lib/gcc/arm-none-eabi/13.3.1/../../../../arm-none-eabi/lib/thumb/v7e-m+fp/hard\libc_nano.a(libc_a-printf.o) (_impure_ptr)
C:/dev/tools/gcc-arm-none-eabi-13.3/bin/../lib/gcc/arm-none-eabi/13.3.1/../../../../arm-none-eabi/lib/thumb/v7e-m+fp/hard\libc_nano.a(libc_a-lseekr.o)
                              C:/dev/tools/gcc-arm-none-eabi-13.3/bin/../lib/gcc/arm-none-eabi/13.3.1/../../../../arm-none-eabi/lib/thumb/v7e-m+fp/hard\libc_nano.a(libc_a-stdio.o) (_lseek_r)
C:/dev/tools/gcc-arm-none-eabi-13.3/bin/../lib/gcc/arm-none-eabi/13.3.1/../../../../arm-none-eabi/lib/thumb/v7e-m+fp/hard\libc_nano.a(libc_a-readr.o)
                              C:/dev/tools/gcc-arm-none-eabi-13.3/bin/../lib/gcc/arm-none-eabi/13.3.1/../../../../arm-none-eabi/lib/thumb/v7e-m+fp/hard\libc_nano.a(libc_a-stdio.o) (_read_r)
C:/dev/tools/gcc-arm-none-eabi-13.3/bin/../lib/gcc/arm-none-eabi/13.3.1/../../../../arm-none-eabi/lib/thumb/v7e-m+fp/hard\libc_nano.a(libc_a-writer.o)
                              C:/dev/tools/gcc-arm-none-eabi-13.3/bin/../lib/gcc/arm-none-eabi/13.3.1/../../../../arm-none-eabi/lib/thumb/v7e-m+fp/hard\libc_nano.a(libc_a-stdio.o) (_write_r)
C:/dev/tools/gcc-arm-none-eabi-13.3/bin/../lib/gcc/arm-none-eabi/13.3.1/../../../../arm-none-eabi/lib/thumb/v7e-m+fp/hard\libc_nano.a(libc_a-errno.o)
                              build/sysmem.o (__errno)
C:/dev/tools/gcc-arm-none-eabi-13.3/bin/../lib/gcc/arm-none-eabi/13.3.1/../../../../arm-none-eabi/lib/thumb/v7e-m+fp/hard\libc_nano.a(libc_a-init.o)
[...]
Memory Configuration

Name             Origin             Length             Attributes
FLASH            0x08000000         0x00080000         xr
RAM1             0x20000008         0x0002fff8         xrw
RAM_SHARED       0x20030000         0x00002800         xrw
*default*        0x00000000         0xffffffff

Linker script and memory map

LOAD C:/dev/tools/gcc-arm-none-eabi-13.3/bin/../lib/gcc/arm-none-eabi/13.3.1/thumb/v7e-m+fp/hard/crti.o
LOAD C:/dev/tools/gcc-arm-none-eabi-13.3/bin/../lib/gcc/arm-none-eabi/13.3.1/thumb/v7e-m+fp/hard/crtbegin.o
LOAD C:/dev/tools/gcc-arm-none-eabi-13.3/bin/../lib/gcc/arm-none-eabi/13.3.1/../../../../arm-none-eabi/lib/thumb/v7e-m+fp/hard/crt0.o
LOAD build/main.o
LOAD build/stm32wbxx_it.o
LOAD build/stm32wbxx_hal_msp.o
LOAD build/stm32wbxx_hal_rcc.o
LOAD build/stm32wbxx_ll_rcc.o
LOAD build/stm32wbxx_hal_rcc_ex.o
LOAD build/stm32wbxx_hal_flash.o
LOAD build/stm32wbxx_hal_flash_ex.o
LOAD build/stm32wbxx_hal_gpio.o
LOAD build/stm32wbxx_hal_hsem.o
LOAD build/stm32wbxx_hal_dma.o
LOAD build/stm32wbxx_hal_dma_ex.o
LOAD build/stm32wbxx_hal_pwr.o
LOAD build/stm32wbxx_hal_pwr_ex.o
LOAD build/stm32wbxx_hal_cortex.o
LOAD build/stm32wbxx_hal.o
LOAD build/stm32wbxx_hal_exti.o
LOAD build/system_stm32wbxx.o
LOAD build/sysmem.o
LOAD build/syscalls.o
LOAD build/bmi270.o
LOAD build/bme280.o
LOAD build/sensordata.o
LOAD build/gps.o
LOAD build/flash.o
LOAD build/oled_display.o
LOAD build/stm32wbxx_hal_i2c.o
LOAD build/stm32wbxx_hal_i2c_ex.o
LOAD build/stm32wbxx_hal_tim.o
LOAD build/stm32wbxx_hal_tim_ex.o
LOAD build/stm32wbxx_hal_ipcc.o
LOAD build/stm32wbxx_hal_rtc.o
LOAD build/stm32wbxx_hal_rtc_ex.o
LOAD build/app_entry.o
LOAD build/app_debug.o
LOAD build/hw_timerserver.o
LOAD build/stm32_lpm_if.o
LOAD build/app_ble.o
LOAD build/custom_stm.o
LOAD build/custom_app.o
LOAD build/hw_ipcc.o
LOAD build/tl_mbox.o
LOAD build/shci.o
LOAD build/dbg_trace.o
LOAD build/otp.o
LOAD build/stm_list.o
LOAD build/stm_queue.o
LOAD build/osal.o
LOAD build/ble_events.o
LOAD build/ble_gen_aci.o
LOAD build/ble_gap_aci.o
LOAD build/ble_gatt_aci.o
LOAD build/ble_hal_aci.o
LOAD build/ble_hci_le.o
LOAD build/ble_l2cap_aci.o
LOAD build/hci_tl.o
LOAD build/hci_tl_if.o
LOAD build/shci_tl.o
LOAD build/shci_tl_if.o
LOAD build/svc_ctl.o
LOAD build/stm32_lpm.o
LOAD build/stm32_seq.o
LOAD build/stm32wbxx_hal_uart.o
LOAD build/stm32wbxx_hal_uart_ex.o
LOAD build/stm32wbxx_hal_qspi.o
LOAD build/stm32wbxx_hal_pcd.o
LOAD build/stm32wbxx_hal_pcd_ex.o
LOAD build/stm32wbxx_ll_usb.o
LOAD build/usbd_conf.o
LOAD build/usb_device.o
LOAD build/usbd_desc.o
LOAD build/usbd_cdc_if.o
LOAD build/usbd_core.o
LOAD build/usbd_ctlreq.o
LOAD build/usbd_ioreq.o
LOAD build/usbd_cdc.o
LOAD build/startup_stm32wb55xx_cm4.o
LOAD C:/dev/tools/gcc-arm-none-eabi-13.3/bin/../lib/gcc/arm-none-eabi/13.3.1/../../../../arm-none-eabi/lib/thumb/v7e-m+fp/hard\libc_nano.a
LOAD C:/dev/tools/gcc-arm-none-eabi-13.3/bin/../lib/gcc/arm-none-eabi/13.3.1/../../../../arm-none-eabi/lib/thumb/v7e-m+fp/hard\libm.a
LOAD C:/dev/tools/gcc-arm-none-eabi-13.3/bin/../lib/gcc/arm-none-eabi/13.3.1/../../../../arm-none-eabi/lib/thumb/v7e-m+fp/hard\libnosys.a
START GROUP
LOAD C:/dev/tools/gcc-arm-none-eabi-13.3/bin/../lib/gcc/arm-none-eabi/13.3.1/thumb/v7e-m+fp/hard\libgcc.a
LOAD C:/dev/tools/gcc-arm-none-eabi-13.3/bin/../lib/gcc/arm-none-eabi/13.3.1/../../../../arm-none-eabi/lib/thumb/v7e-m+fp/hard\libc_nano.a
END GROUP
START GROUP
LOAD C:/dev/tools/gcc-arm-none-eabi-13.3/bin/../lib/gcc/arm-none-eabi/13.3.1/thumb/v7e-m+fp/hard\libgcc.a
LOAD C:/dev/tools/gcc-arm-none-eabi-13.3/bin/../lib/gcc/arm-none-eabi/13.3.1/../../../../arm-none-eabi/lib/thumb/v7e-m+fp/hard\libc_nano.a
END GROUP
LOAD C:/dev/tools/gcc-arm-none-eabi-13.3/bin/../lib/gcc/arm-none-eabi/13.3.1/thumb/v7e-m+fp/hard/crtend.o
LOAD C:/dev/tools/gcc-arm-none-eabi-13.3/bin/../lib/gcc/arm-none-eabi/13.3.1/thumb/v7e-m+fp/hard/crtn.o
                0x20030000                        _estack = 0x20030000
                0x00000400                        _Min_Heap_Size = 0x400
                0x00000800                        _Min_Stack_Size = 0x800

.isr_vector     0x08000000      0x13c
                0x08000000                        . = ALIGN (0x4)
 *(.isr_vector)
 .isr_vector    0x08000000      0x13c build/startup_stm32wb55xx_cm4.o
                0x08000000                g_pfnVectors
                0x0800013c                        . = ALIGN (0x4)

.text           0x0800013c     0xbae0
                0x0800013c                        . = ALIGN (0x4)
 *(.text)
 .text          0x0800013c       0x40 C:/dev/tools/gcc-arm-none-eabi-13.3/bin/../lib/gcc/arm-none-eabi/13.3.1/thumb/v7e-m+fp/hard/crtbegin.o
 .text          0x0800017c       0x30 C:/dev/tools/gcc-arm-none-eabi-13.3/bin/../lib/gcc/arm-none-eabi/13.3.1/thumb/v7e-m+fp/hard\libgcc.a(_aeabi_uldivmod.o)
                0x0800017c                __aeabi_uldivmod
 .text          0x080001ac      0x2f8 C:/dev/tools/gcc-arm-none-eabi-13.3/bin/../lib/gcc/arm-none-eabi/13.3.1/thumb/v7e-m+fp/hard\libgcc.a(_udivmoddi4.o)
                0x080001ac                __udivmoddi4
 .text          0x080004a4        0x4 C:/dev/tools/gcc-arm-none-eabi-13.3/bin/../lib/gcc/arm-none-eabi/13.3.1/thumb/v7e-m+fp/hard\libgcc.a(_dvmd_tls.o)
                0x080004a4                __aeabi_idiv0
                0x080004a4                __aeabi_ldiv0
 *(.text*)
 .text.MX_GPIO_Init
                0x080004a8       0x98 build/main.o
 .text.MX_DMA_Init
                0x08000540       0x42 build/main.o
 *fill*         0x08000582        0x2 
 .text.HAL_GPIO_EXTI_Callback
                0x08000584       0x24 build/main.o
                0x08000584                HAL_GPIO_EXTI_Callback
 .text.HAL_TIM_PeriodElapsedCallback
                0x080005a8       0x1c build/main.o
                0x080005a8                HAL_TIM_PeriodElapsedCallback
 .text.Error_Handler
                0x080005c4        0x4 build/main.o
                0x080005c4                Error_Handler
 .text.MX_IPCC_Init
                0x080005c8       0x1c build/main.o
 .text.MX_I2C1_Init
                0x080005e4       0x5c build/main.o
 .text.MX_TIM16_Init
                0x08000640       0x38 build/main.o
 .text.MX_RTC_Init
                0x08000678       0x44 build/main.o
 .text.MX_LPUART1_UART_Init
                0x080006bc       0x60 build/main.o
 .text.MX_QUADSPI_Init
                0x0800071c       0x34 build/main.o
 .text.SystemClock_Config
                0x08000750       0xc4 build/main.o
                0x08000750                SystemClock_Config
 .text.PeriphCommonClock_Config
                0x08000814       0x30 build/main.o
                0x08000814                PeriphCommonClock_Config
 .text.main     0x08000844      0x114 build/main.o
                0x08000844                main
 .text.NMI_Handler
                0x08000958        0x2 build/stm32wbxx_it.o
                0x08000958                NMI_Handler
 .text.HardFault_Handler
                0x0800095a        0x2 build/stm32wbxx_it.o
                0x0800095a                HardFault_Handler
 .text.MemManage_Handler
                0x0800095c        0x2 build/stm32wbxx_it.o
                0x0800095c                MemManage_Handler
 .text.BusFault_Handler
                0x0800095e        0x2 build/stm32wbxx_it.o
                0x0800095e                BusFault_Handler
 .text.UsageFault_Handler
                0x08000960        0x2 build/stm32wbxx_it.o
                0x08000960                UsageFault_Handler
 .text.SVC_Handler
                0x08000962        0x2 build/stm32wbxx_it.o
                0x08000962                SVC_Handler
 .text.DebugMon_Handler
                0x08000964        0x2 build/stm32wbxx_it.o
                0x08000964                DebugMon_Handler
 .text.PendSV_Handler
                0x08000966        0x2 build/stm32wbxx_it.o
                0x08000966                PendSV_Handler
 .text.SysTick_Handler
                0x08000968        0x8 build/stm32wbxx_it.o
                0x08000968                SysTick_Handler
 .text.RTC_WKUP_IRQHandler
                0x08000970        0x8 build/stm32wbxx_it.o
                0x08000970                RTC_WKUP_IRQHandler
 .text.RCC_IRQHandler
                0x08000978        0x2 build/stm32wbxx_it.o
                0x08000978                RCC_IRQHandler
 .text.EXTI2_IRQHandler
                0x0800097a        0xa build/stm32wbxx_it.o
                0x0800097a                EXTI2_IRQHandler
 .text.DMA1_Channel1_IRQHandler
                0x08000984       0x10 build/stm32wbxx_it.o
                0x08000984                DMA1_Channel1_IRQHandler
 .text.USB_LP_IRQHandler
                0x08000994       0x10 build/stm32wbxx_it.o
                0x08000994                USB_LP_IRQHandler
 .text.TIM1_UP_TIM16_IRQHandler
                0x080009a4       0x10 build/stm32wbxx_it.o
                0x080009a4                TIM1_UP_TIM16_IRQHandler
 .text.I2C1_EV_IRQHandler
                0x080009b4       0x10 build/stm32wbxx_it.o
                0x080009b4                I2C1_EV_IRQHandler
 .text.I2C1_ER_IRQHandler
                0x080009c4       0x10 build/stm32wbxx_it.o
                0x080009c4                I2C1_ER_IRQHandler
 .text.LPUART1_IRQHandler
                0x080009d4       0x10 build/stm32wbxx_it.o
                0x080009d4                LPUART1_IRQHandler
 .text.IPCC_C1_RX_IRQHandler
                0x080009e4        0x8 build/stm32wbxx_it.o
                0x080009e4                IPCC_C1_RX_IRQHandler
 .text.IPCC_C1_TX_IRQHandler
                0x080009ec        0x8 build/stm32wbxx_it.o
                0x080009ec                IPCC_C1_TX_IRQHandler
 .text.HSEM_IRQHandler
                0x080009f4        0x8 build/stm32wbxx_it.o
                0x080009f4                HSEM_IRQHandler
 .text.QUADSPI_IRQHandler
                0x080009fc       0x10 build/stm32wbxx_it.o
                0x080009fc                QUADSPI_IRQHandler
 .text.HAL_MspInit
                0x08000a0c       0x44 build/stm32wbxx_hal_msp.o
                0x08000a0c                HAL_MspInit
 .text.HAL_I2C_MspInit
                0x08000a50       0xac build/stm32wbxx_hal_msp.o
                0x08000a50                HAL_I2C_MspInit
 .text.HAL_IPCC_MspInit
                0x08000afc       0x50 build/stm32wbxx_hal_msp.o
                0x08000afc                HAL_IPCC_MspInit
 .text.HAL_UART_MspInit
                0x08000b4c       0xd0 build/stm32wbxx_hal_msp.o
                0x08000b4c                HAL_UART_MspInit
 .text.HAL_QSPI_MspInit
                0x08000c1c       0xa0 build/stm32wbxx_hal_msp.o
                0x08000c1c                HAL_QSPI_MspInit
 .text.HAL_RTC_MspInit
                0x08000cbc       0x74 build/stm32wbxx_hal_msp.o
                0x08000cbc                HAL_RTC_MspInit
 .text.HAL_TIM_Base_MspInit
                0x08000d30       0x40 build/stm32wbxx_hal_msp.o
                0x08000d30                HAL_TIM_Base_MspInit
 .text.RCC_SetFlashLatency
                0x08000d70       0xc0 build/stm32wbxx_hal_rcc.o
 .text.RCC_SetFlashLatencyFromMSIRange
                0x08000e30       0x4c build/stm32wbxx_hal_rcc.o
 .text.HAL_RCC_GetSysClockFreq
                0x08000e7c       0xc0 build/stm32wbxx_hal_rcc.o
                0x08000e7c                HAL_RCC_GetSysClockFreq
 .text.HAL_RCC_GetHCLKFreq
                0x08000f3c       0x20 build/stm32wbxx_hal_rcc.o
                0x08000f3c                HAL_RCC_GetHCLKFreq
 .text.HAL_RCC_OscConfig
                0x08000f5c      0x718 build/stm32wbxx_hal_rcc.o
                0x08000f5c                HAL_RCC_OscConfig
 .text.HAL_RCC_ClockConfig
                0x08001674      0x264 build/stm32wbxx_hal_rcc.o
                0x08001674                HAL_RCC_ClockConfig
 .text.HAL_RCC_GetPCLK1Freq
                0x080018d8       0x24 build/stm32wbxx_hal_rcc.o
                0x080018d8                HAL_RCC_GetPCLK1Freq
 .text.HAL_RCC_GetPCLK2Freq
                0x080018fc       0x24 build/stm32wbxx_hal_rcc.o
                0x080018fc                HAL_RCC_GetPCLK2Freq
 .text.LL_RCC_SetI2CClockSource
                0x08001920       0x20 build/stm32wbxx_hal_rcc_ex.o
 .text.RCCEx_PLLSAI1_ConfigNP
                0x08001940       0x8e build/stm32wbxx_hal_rcc_ex.o
 .text.RCCEx_PLLSAI1_ConfigNQ
                0x080019ce       0x8e build/stm32wbxx_hal_rcc_ex.o
 .text.RCCEx_PLLSAI1_ConfigNR
                0x08001a5c       0x8e build/stm32wbxx_hal_rcc_ex.o
 .text.HAL_RCCEx_PeriphCLKConfig
                0x08001aea      0x2f2 build/stm32wbxx_hal_rcc_ex.o
                0x08001aea                HAL_RCCEx_PeriphCLKConfig
 .text.HAL_GPIO_Init
                0x08001ddc      0x1b4 build/stm32wbxx_hal_gpio.o
                0x08001ddc                HAL_GPIO_Init
 .text.HAL_GPIO_WritePin
                0x08001f90        0xa build/stm32wbxx_hal_gpio.o
                0x08001f90                HAL_GPIO_WritePin
 .text.HAL_GPIO_TogglePin
                0x08001f9a       0x12 build/stm32wbxx_hal_gpio.o
                0x08001f9a                HAL_GPIO_TogglePin
 .text.HAL_GPIO_EXTI_IRQHandler
                0x08001fac       0x1c build/stm32wbxx_hal_gpio.o
                0x08001fac                HAL_GPIO_EXTI_IRQHandler
 .text.HAL_HSEM_FreeCallback
                0x08001fc8        0x2 build/stm32wbxx_hal_hsem.o
                0x08001fc8                HAL_HSEM_FreeCallback
 *fill*         0x08001fca        0x2 
 .text.HAL_HSEM_IRQHandler
                0x08001fcc       0x1c build/stm32wbxx_hal_hsem.o
                0x08001fcc                HAL_HSEM_IRQHandler
 .text.DMA_SetConfig
                0x08001fe8       0x42 build/stm32wbxx_hal_dma.o
 *fill*         0x0800202a        0x2 
 .text.DMA_CalcDMAMUXChannelBaseAndMask
                0x0800202c       0x54 build/stm32wbxx_hal_dma.o
 .text.DMA_CalcDMAMUXRequestGenBaseAndMask
                0x08002080       0x2c build/stm32wbxx_hal_dma.o
 .text.HAL_DMA_Init
                0x080020ac       0xd8 build/stm32wbxx_hal_dma.o
                0x080020ac                HAL_DMA_Init
 .text.HAL_DMA_Start_IT
                0x08002184       0x94 build/stm32wbxx_hal_dma.o
                0x08002184                HAL_DMA_Start_IT
 .text.HAL_DMA_Abort
                0x08002218       0x74 build/stm32wbxx_hal_dma.o
                0x08002218                HAL_DMA_Abort
 .text.HAL_DMA_Abort_IT
                0x0800228c       0x72 build/stm32wbxx_hal_dma.o
                0x0800228c                HAL_DMA_Abort_IT
 .text.HAL_DMA_IRQHandler
                0x080022fe       0xc4 build/stm32wbxx_hal_dma.o
                0x080022fe                HAL_DMA_IRQHandler
 .text.HAL_DMA_GetState
                0x080023c2        0x6 build/stm32wbxx_hal_dma.o
                0x080023c2                HAL_DMA_GetState
 .text.HAL_PWR_EnableBkUpAccess
                0x080023c8       0x10 build/stm32wbxx_hal_pwr.o
                0x080023c8                HAL_PWR_EnableBkUpAccess
 .text.HAL_PWREx_GetVoltageRange
                0x080023d8       0x10 build/stm32wbxx_hal_pwr_ex.o
                0x080023d8                HAL_PWREx_GetVoltageRange
 .text.HAL_PWREx_EnableVddUSB
                0x080023e8       0x10 build/stm32wbxx_hal_pwr_ex.o
                0x080023e8                HAL_PWREx_EnableVddUSB
 .text.__NVIC_EnableIRQ
                0x080023f8       0x1c build/stm32wbxx_hal_cortex.o
 .text.__NVIC_DisableIRQ
                0x08002414       0x24 build/stm32wbxx_hal_cortex.o
 .text.__NVIC_SetPriority
                0x08002438       0x28 build/stm32wbxx_hal_cortex.o
 .text.NVIC_EncodePriority
                0x08002460       0x3e build/stm32wbxx_hal_cortex.o
 *fill*         0x0800249e        0x2 
 .text.HAL_NVIC_SetPriorityGrouping
                0x080024a0       0x24 build/stm32wbxx_hal_cortex.o
                0x080024a0                HAL_NVIC_SetPriorityGrouping
 .text.HAL_NVIC_SetPriority
                0x080024c4       0x20 build/stm32wbxx_hal_cortex.o
                0x080024c4                HAL_NVIC_SetPriority
 .text.HAL_NVIC_EnableIRQ
                0x080024e4        0x8 build/stm32wbxx_hal_cortex.o
                0x080024e4                HAL_NVIC_EnableIRQ
 .text.HAL_NVIC_DisableIRQ
                0x080024ec        0x8 build/stm32wbxx_hal_cortex.o
                0x080024ec                HAL_NVIC_DisableIRQ
 .text.HAL_SYSTICK_Config
                0x080024f4       0x28 build/stm32wbxx_hal_cortex.o
                0x080024f4                HAL_SYSTICK_Config
 .text.HAL_NVIC_SetPendingIRQ
                0x0800251c       0x1c build/stm32wbxx_hal_cortex.o
                0x0800251c                HAL_NVIC_SetPendingIRQ
 .text.HAL_NVIC_ClearPendingIRQ
                0x08002538       0x1c build/stm32wbxx_hal_cortex.o
                0x08002538                HAL_NVIC_ClearPendingIRQ
 .text.HAL_InitTick
                0x08002554       0x50 build/stm32wbxx_hal.o
                0x08002554                HAL_InitTick
 .text.HAL_Init
                0x080025a4       0x2c build/stm32wbxx_hal.o
                0x080025a4                HAL_Init
 .text.HAL_IncTick
                0x080025d0       0x18 build/stm32wbxx_hal.o
                0x080025d0                HAL_IncTick
 .text.HAL_GetTick
                0x080025e8        0xc build/stm32wbxx_hal.o
                0x080025e8                HAL_GetTick
 .text.HAL_GetTickPrio
                0x080025f4        0xc build/stm32wbxx_hal.o
                0x080025f4                HAL_GetTickPrio
 .text.HAL_GetTickFreq
                0x08002600        0xc build/stm32wbxx_hal.o
                0x08002600                HAL_GetTickFreq
 .text.SystemInit
                0x0800260c       0x64 build/system_stm32wbxx.o
                0x0800260c                SystemInit
 .text.BMI270_I2C_read
                0x08002670       0x2c build/bmi270.o
 .text.BMI270_WriteConfig
                0x0800269c      0x154 build/bmi270.o
 .text.BMI270_Configure
                0x080027f0       0xfc build/bmi270.o
                0x080027f0                BMI270_Configure
 .text.BMI270_ReadMeasurement_raw
                0x080028ec       0x24 build/bmi270.o
                0x080028ec                BMI270_ReadMeasurement_raw
 .text.TrimRead
                0x08002910      0x1a8 build/bme280.o
 .text.BME280_Config
                0x08002ab8      0x17c build/bme280.o
                0x08002ab8                BME280_Config
 .text.BME280_ReadMeasurement_Raw
                0x08002c34       0x4c build/bme280.o
                0x08002c34                BME280_ReadMeasurement_Raw
 .text.packageHeader
                0x08002c80       0x50 build/sensordata.o
 .text.newSectionCheck
                0x08002cd0       0x3c build/sensordata.o
 .text.sendHalfPage_ble
                0x08002d0c        0xe build/sensordata.o
 *fill*         0x08002d1a        0x2 
 .text.packageDataToMem
                0x08002d1c       0x84 build/sensordata.o
                0x08002d1c                packageDataToMem
 .text.sendPackageToMem
                0x08002da0       0x88 build/sensordata.o
                0x08002da0                sendPackageToMem
 .text.findStartPos
                0x08002e28       0xc0 build/sensordata.o
                0x08002e28                findStartPos
 .text.sendDataStepByStep
                0x08002ee8       0x68 build/sensordata.o
                0x08002ee8                sendDataStepByStep
 .text.processGPS
                0x08002f50      0x154 build/gps.o
                0x08002f50                processGPS
 .text.GPS_Start
                0x080030a4       0x38 build/gps.o
                0x080030a4                GPS_Start
 .text.Find_start
                0x080030dc       0x30 build/gps.o
                0x080030dc                Find_start
 .text.HAL_UART_RxCpltCallback
                0x0800310c       0x24 build/gps.o
                0x0800310c                HAL_UART_RxCpltCallback
 .text.gpsLogo  0x08003130       0x78 build/gps.o
                0x08003130                gpsLogo
 .text.Flash_WriteEnable
                0x080031a8       0x38 build/flash.o
                0x080031a8                Flash_WriteEnable
 .text.Flash_WriteDisable
                0x080031e0       0x38 build/flash.o
                0x080031e0                Flash_WriteDisable
 .text.Flash_ReadStatusReg
                0x08003218       0x60 build/flash.o
                0x08003218                Flash_ReadStatusReg
 .text.Flash_WaitWhileBusy
                0x08003278        0xe build/flash.o
                0x08003278                Flash_WaitWhileBusy
 *fill*         0x08003286        0x2 
 .text.Flash_WritePage
                0x08003288       0x88 build/flash.o
                0x08003288                Flash_WritePage
 .text.Enable_4BYTEMODE
                0x08003310       0x38 build/flash.o
                0x08003310                Enable_4BYTEMODE
 .text.Flash_4ByteRead
                0x08003348       0x68 build/flash.o
                0x08003348                Flash_4ByteRead
 .text.Flash_SectorErase
                0x080033b0       0x54 build/flash.o
                0x080033b0                Flash_SectorErase
 .text.Oled_SendCommand
                0x08003404       0x2c build/oled_display.o
                0x08003404                Oled_SendCommand
 .text.Oled_init
                0x08003430       0xc4 build/oled_display.o
                0x08003430                Oled_init
 .text.Oled_DrawPixel
                0x080034f4       0x48 build/oled_display.o
                0x080034f4                Oled_DrawPixel
 .text.Oled_Update
                0x0800353c       0x30 build/oled_display.o
                0x0800353c                Oled_Update
 .text.Oled_Clear
                0x0800356c       0x1c build/oled_display.o
                0x0800356c                Oled_Clear
 .text.SSD1327_UpdateArea
                0x08003588       0x84 build/oled_display.o
                0x08003588                SSD1327_UpdateArea
 .text.Oled_Draw1BitImage
                0x0800360c       0x66 build/oled_display.o
                0x0800360c                Oled_Draw1BitImage
 *fill*         0x08003672        0x2 
 .text.Oled_introScreen
                0x08003674       0x90 build/oled_display.o
                0x08003674                Oled_introScreen
 .text.I2C_Flush_TXDR
                0x08003704       0x22 build/stm32wbxx_hal_i2c.o
 .text.I2C_TransferConfig
                0x08003726       0x3c build/stm32wbxx_hal_i2c.o
 .text.I2C_Disable_IRQ
                0x08003762       0x6e build/stm32wbxx_hal_i2c.o
 .text.I2C_IsErrorOccurred
                0x080037d0      0x114 build/stm32wbxx_hal_i2c.o
 .text.I2C_WaitOnTXISFlagUntilTimeout
                0x080038e4       0x60 build/stm32wbxx_hal_i2c.o
 .text.I2C_WaitOnFlagUntilTimeout
                0x08003944       0x7c build/stm32wbxx_hal_i2c.o
 .text.I2C_RequestMemoryWrite
                0x080039c0       0x7c build/stm32wbxx_hal_i2c.o
 .text.I2C_RequestMemoryRead
                0x08003a3c       0x78 build/stm32wbxx_hal_i2c.o
 .text.I2C_WaitOnSTOPFlagUntilTimeout
                0x08003ab4       0x5e build/stm32wbxx_hal_i2c.o
 .text.HAL_I2C_Init
                0x08003b12       0xc8 build/stm32wbxx_hal_i2c.o
                0x08003b12                HAL_I2C_Init
 .text.HAL_I2C_Mem_Write
                0x08003bda      0x1a8 build/stm32wbxx_hal_i2c.o
                0x08003bda                HAL_I2C_Mem_Write
 *fill*         0x08003d82        0x2 
 .text.HAL_I2C_Mem_Read
                0x08003d84      0x1b0 build/stm32wbxx_hal_i2c.o
                0x08003d84                HAL_I2C_Mem_Read
 .text.HAL_I2C_EV_IRQHandler
                0x08003f34       0x10 build/stm32wbxx_hal_i2c.o
                0x08003f34                HAL_I2C_EV_IRQHandler
 .text.HAL_I2C_SlaveTxCpltCallback
                0x08003f44        0x2 build/stm32wbxx_hal_i2c.o
                0x08003f44                HAL_I2C_SlaveTxCpltCallback
 .text.HAL_I2C_SlaveRxCpltCallback
                0x08003f46        0x2 build/stm32wbxx_hal_i2c.o
                0x08003f46                HAL_I2C_SlaveRxCpltCallback
 .text.I2C_ITSlaveSeqCplt
                0x08003f48       0x82 build/stm32wbxx_hal_i2c.o
 .text.HAL_I2C_AddrCallback
                0x08003fca        0x2 build/stm32wbxx_hal_i2c.o
                0x08003fca                HAL_I2C_AddrCallback
 .text.I2C_ITAddrCplt
                0x08003fcc       0xa0 build/stm32wbxx_hal_i2c.o
 .text.HAL_I2C_ListenCpltCallback
                0x0800406c        0x2 build/stm32wbxx_hal_i2c.o
                0x0800406c                HAL_I2C_ListenCpltCallback
 *fill*         0x0800406e        0x2 
 .text.I2C_ITListenCplt
                0x08004070       0x68 build/stm32wbxx_hal_i2c.o
 .text.HAL_I2C_ErrorCallback
                0x080040d8        0x2 build/stm32wbxx_hal_i2c.o
                0x080040d8                HAL_I2C_ErrorCallback
 .text.HAL_I2C_AbortCpltCallback
                0x080040da        0x2 build/stm32wbxx_hal_i2c.o
                0x080040da                HAL_I2C_AbortCpltCallback
 .text.I2C_TreatErrorCallback
                0x080040dc       0x2e build/stm32wbxx_hal_i2c.o
 *fill*         0x0800410a        0x2 
 .text.I2C_ITError
                0x0800410c      0x130 build/stm32wbxx_hal_i2c.o
 .text.I2C_ITSlaveCplt
                0x0800423c      0x1f0 build/stm32wbxx_hal_i2c.o
 .text.I2C_Slave_ISR_IT
                0x0800442c      0x148 build/stm32wbxx_hal_i2c.o
 .text.HAL_I2C_ER_IRQHandler
                0x08004574       0x6a build/stm32wbxx_hal_i2c.o
                0x08004574                HAL_I2C_ER_IRQHandler
 .text.I2C_DMAAbort
                0x080045de       0x1a build/stm32wbxx_hal_i2c.o
 .text.HAL_I2CEx_ConfigAnalogFilter
                0x080045f8       0x5c build/stm32wbxx_hal_i2c_ex.o
                0x080045f8                HAL_I2CEx_ConfigAnalogFilter
 .text.HAL_I2CEx_ConfigDigitalFilter
                0x08004654       0x58 build/stm32wbxx_hal_i2c_ex.o
                0x08004654                HAL_I2CEx_ConfigDigitalFilter
 .text.HAL_I2CEx_EnableFastModePlus
                0x080046ac       0x10 build/stm32wbxx_hal_i2c_ex.o
                0x080046ac                HAL_I2CEx_EnableFastModePlus
 .text.HAL_TIM_Base_Start_IT
                0x080046bc       0x64 build/stm32wbxx_hal_tim.o
                0x080046bc                HAL_TIM_Base_Start_IT
 .text.HAL_TIM_OC_DelayElapsedCallback
                0x08004720        0x2 build/stm32wbxx_hal_tim.o
                0x08004720                HAL_TIM_OC_DelayElapsedCallback
 .text.HAL_TIM_IC_CaptureCallback
                0x08004722        0x2 build/stm32wbxx_hal_tim.o
                0x08004722                HAL_TIM_IC_CaptureCallback
 .text.HAL_TIM_PWM_PulseFinishedCallback
                0x08004724        0x2 build/stm32wbxx_hal_tim.o
                0x08004724                HAL_TIM_PWM_PulseFinishedCallback
 .text.HAL_TIM_TriggerCallback
                0x08004726        0x2 build/stm32wbxx_hal_tim.o
                0x08004726                HAL_TIM_TriggerCallback
 .text.HAL_TIM_IRQHandler
                0x08004728      0x17a build/stm32wbxx_hal_tim.o
                0x08004728                HAL_TIM_IRQHandler
 *fill*         0x080048a2        0x2 
 .text.TIM_Base_SetConfig
                0x080048a4       0x78 build/stm32wbxx_hal_tim.o
                0x080048a4                TIM_Base_SetConfig
 .text.HAL_TIM_Base_Init
                0x0800491c       0x60 build/stm32wbxx_hal_tim.o
                0x0800491c                HAL_TIM_Base_Init
 .text.HAL_TIMEx_CommutCallback
                0x0800497c        0x2 build/stm32wbxx_hal_tim_ex.o
                0x0800497c                HAL_TIMEx_CommutCallback
 .text.HAL_TIMEx_BreakCallback
                0x0800497e        0x2 build/stm32wbxx_hal_tim_ex.o
                0x0800497e                HAL_TIMEx_BreakCallback
 .text.HAL_TIMEx_Break2Callback
                0x08004980        0x2 build/stm32wbxx_hal_tim_ex.o
                0x08004980                HAL_TIMEx_Break2Callback
 .text.HAL_IPCC_RxCallback
                0x08004982        0x2 build/stm32wbxx_hal_ipcc.o
                0x08004982                HAL_IPCC_RxCallback
 .text.HAL_IPCC_TxCallback
                0x08004984        0x2 build/stm32wbxx_hal_ipcc.o
                0x08004984                HAL_IPCC_TxCallback
 *fill*         0x08004986        0x2 
 .text.IPCC_SetDefaultCallbacks
                0x08004988       0x28 build/stm32wbxx_hal_ipcc.o
                0x08004988                IPCC_SetDefaultCallbacks
 .text.IPCC_Reset_Register
                0x080049b0       0x10 build/stm32wbxx_hal_ipcc.o
                0x080049b0                IPCC_Reset_Register
 .text.HAL_IPCC_Init
                0x080049c0       0x3c build/stm32wbxx_hal_ipcc.o
                0x080049c0                HAL_IPCC_Init
 .text.HAL_RTC_WaitForSynchro
                0x080049fc       0x34 build/stm32wbxx_hal_rtc.o
                0x080049fc                HAL_RTC_WaitForSynchro
 .text.RTC_EnterInitMode
                0x08004a30       0x48 build/stm32wbxx_hal_rtc.o
                0x08004a30                RTC_EnterInitMode
 .text.RTC_ExitInitMode
                0x08004a78       0x2c build/stm32wbxx_hal_rtc.o
                0x08004a78                RTC_ExitInitMode
 .text.HAL_RTC_Init
                0x08004aa4       0xaa build/stm32wbxx_hal_rtc.o
                0x08004aa4                HAL_RTC_Init
 *fill*         0x08004b4e        0x2 
 .text.HAL_RTCEx_SetWakeUpTimer_IT
                0x08004b50      0x12c build/stm32wbxx_hal_rtc_ex.o
                0x08004b50                HAL_RTCEx_SetWakeUpTimer_IT
 .text.Init_Rtc
                0x08004c7c       0x1c build/app_entry.o
 .text.APPE_SysStatusNot
                0x08004c98        0x2 build/app_entry.o
 *fill*         0x08004c9a        0x2 
 .text.Config_HSE
                0x08004c9c       0x2c build/app_entry.o
 .text.SystemPower_Config
                0x08004cc8       0x2c build/app_entry.o
 .text.appe_Tl_Init
                0x08004cf4       0x60 build/app_entry.o
 .text.APPE_SysEvtReadyProcessing
                0x08004d54       0x60 build/app_entry.o
 .text.APPE_SysUserEvtRx
                0x08004db4       0x24 build/app_entry.o
 .text.MX_APPE_Config
                0x08004dd8       0x14 build/app_entry.o
                0x08004dd8                MX_APPE_Config
 .text.Init_Exti
                0x08004dec       0x14 build/app_entry.o
                0x08004dec                Init_Exti
 .text.System_Init
                0x08004e00        0xc build/app_entry.o
 .text.MX_APPE_Init
                0x08004e0c       0x1c build/app_entry.o
                0x08004e0c                MX_APPE_Init
 .text.HAL_Delay
                0x08004e28       0x34 build/app_entry.o
                0x08004e28                HAL_Delay
 .text.MX_APPE_Process
                0x08004e5c        0xc build/app_entry.o
                0x08004e5c                MX_APPE_Process
 .text.UTIL_SEQ_Idle
                0x08004e68        0x2 build/app_entry.o
                0x08004e68                UTIL_SEQ_Idle
 .text.shci_notify_asynch_evt
                0x08004e6a        0xc build/app_entry.o
                0x08004e6a                shci_notify_asynch_evt
 .text.shci_cmd_resp_release
                0x08004e76        0xa build/app_entry.o
                0x08004e76                shci_cmd_resp_release
 .text.shci_cmd_resp_wait
                0x08004e80        0xa build/app_entry.o
                0x08004e80                shci_cmd_resp_wait
 *fill*         0x08004e8a        0x2 
 .text.APPD_EnableCPU2
                0x08004e8c       0x34 build/app_debug.o
                0x08004e8c                APPD_EnableCPU2
 .text.ReadRtcSsrValue
                0x08004ec0       0x20 build/hw_timerserver.o
 .text.LinkTimerAfter
                0x08004ee0       0x40 build/hw_timerserver.o
 .text.LinkTimerBefore
                0x08004f20       0x68 build/hw_timerserver.o
 .text.UnlinkTimer
                0x08004f88       0xa0 build/hw_timerserver.o
 .text.ReturnTimeElapsed
                0x08005028       0x54 build/hw_timerserver.o
 .text.linkTimer
                0x0800507c       0xdc build/hw_timerserver.o
 .text.RestartWakeupCounter
                0x08005158       0x88 build/hw_timerserver.o
 .text.RescheduleTimerList
                0x080051e0       0xd4 build/hw_timerserver.o
 .text.HW_TS_Init
                0x080052b4      0x150 build/hw_timerserver.o
                0x080052b4                HW_TS_Init
 .text.HW_TS_Stop
                0x08005404       0xc0 build/hw_timerserver.o
                0x08005404                HW_TS_Stop
 .text.HW_TS_Start
                0x080054c4       0xa0 build/hw_timerserver.o
                0x080054c4                HW_TS_Start
 .text.HW_TS_RTC_Int_AppNot
                0x08005564        0x6 build/hw_timerserver.o
                0x08005564                HW_TS_RTC_Int_AppNot
 *fill*         0x0800556a        0x2 
 .text.HW_TS_RTC_Wakeup_Handler
                0x0800556c       0xe4 build/hw_timerserver.o
                0x0800556c                HW_TS_RTC_Wakeup_Handler
 .text.Adv_Cancel
                0x08005650       0x20 build/app_ble.o
 .text.Ble_Tl_Init
                0x08005670       0x28 build/app_ble.o
 .text.BLE_UserEvtRx
                0x08005698       0x1a build/app_ble.o
 .text.BLE_StatusNot
                0x080056b2       0x18 build/app_ble.o
 *fill*         0x080056ca        0x2 
 .text.BleGetBdAddress
                0x080056cc       0x4c build/app_ble.o
 .text.Ble_Hci_Gap_Gatt_Init
                0x08005718       0xd4 build/app_ble.o
 .text.Adv_Request
                0x080057ec       0x3c build/app_ble.o
 .text.APP_BLE_Init
                0x08005828       0xf8 build/app_ble.o
                0x08005828                APP_BLE_Init
 .text.SVCCTL_App_Notification
                0x08005920       0xd8 build/app_ble.o
                0x08005920                SVCCTL_App_Notification
 .text.hci_notify_asynch_evt
                0x080059f8        0xc build/app_ble.o
                0x080059f8                hci_notify_asynch_evt
 .text.hci_cmd_resp_release
                0x08005a04        0xa build/app_ble.o
                0x08005a04                hci_cmd_resp_release
 .text.hci_cmd_resp_wait
                0x08005a0e        0xa build/app_ble.o
                0x08005a0e                hci_cmd_resp_wait
 .text.Custom_STM_Event_Handler
                0x08005a18       0x80 build/custom_stm.o
 .text.SVCCTL_InitCustomSvc
                0x08005a98       0xfc build/custom_stm.o
                0x08005a98                SVCCTL_InitCustomSvc
 .text.Custom_STM_App_Update_Char_Variable_Length
                0x08005b94       0x24 build/custom_stm.o
                0x08005b94                Custom_STM_App_Update_Char_Variable_Length
 .text.Custom_STN_NotificationEnabled
                0x08005bb8        0xc build/custom_app.o
                0x08005bb8                Custom_STN_NotificationEnabled
 .text.Custom_STM_App_Notification
                0x08005bc4       0x20 build/custom_app.o
                0x08005bc4                Custom_STM_App_Notification
 .text.Custom_APP_Notification
                0x08005be4        0x2 build/custom_app.o
                0x08005be4                Custom_APP_Notification
 .text.Custom_APP_Init
                0x08005be6        0x2 build/custom_app.o
                0x08005be6                Custom_APP_Init
 .text.HW_IPCC_MM_FreeBufHandler
                0x08005be8       0x2c build/hw_ipcc.o
 .text.HW_IPCC_Enable
                0x08005c14       0x50 build/hw_ipcc.o
                0x08005c14                HW_IPCC_Enable
 .text.HW_IPCC_Init
                0x08005c64       0x44 build/hw_ipcc.o
                0x08005c64                HW_IPCC_Init
 .text.HW_IPCC_BLE_Init
                0x08005ca8       0x1c build/hw_ipcc.o
                0x08005ca8                HW_IPCC_BLE_Init
 .text.HW_IPCC_BLE_SendCmd
                0x08005cc4       0x10 build/hw_ipcc.o
                0x08005cc4                HW_IPCC_BLE_SendCmd
 .text.HW_IPCC_BLE_AclDataEvtHandler
                0x08005cd4       0x20 build/hw_ipcc.o
 .text.HW_IPCC_BLE_EvtHandler
                0x08005cf4       0x14 build/hw_ipcc.o
 .text.HW_IPCC_SYS_Init
                0x08005d08       0x1c build/hw_ipcc.o
                0x08005d08                HW_IPCC_SYS_Init
 .text.HW_IPCC_SYS_SendCmd
                0x08005d24       0x20 build/hw_ipcc.o
                0x08005d24                HW_IPCC_SYS_SendCmd
 .text.HW_IPCC_SYS_CmdEvtHandler
                0x08005d44       0x20 build/hw_ipcc.o
 .text.HW_IPCC_Tx_Handler
                0x08005d64       0x58 build/hw_ipcc.o
                0x08005d64                HW_IPCC_Tx_Handler
 .text.HW_IPCC_SYS_EvtHandler
                0x08005dbc       0x14 build/hw_ipcc.o
 .text.HW_IPCC_MM_SendFreeBuf
                0x08005dd0       0x3c build/hw_ipcc.o
                0x08005dd0                HW_IPCC_MM_SendFreeBuf
 .text.HW_IPCC_TRACES_Init
                0x08005e0c       0x1c build/hw_ipcc.o
                0x08005e0c                HW_IPCC_TRACES_Init
 .text.HW_IPCC_TRACES_EvtHandler
                0x08005e28       0x14 build/hw_ipcc.o
 .text.HW_IPCC_Rx_Handler
                0x08005e3c       0x58 build/hw_ipcc.o
                0x08005e3c                HW_IPCC_Rx_Handler
 .text.SendFreeBuf
                0x08005e94       0x34 build/tl_mbox.o
 .text.TL_Enable
                0x08005ec8        0x8 build/tl_mbox.o
                0x08005ec8                TL_Enable
 .text.TL_Init  0x08005ed0       0x60 build/tl_mbox.o
                0x08005ed0                TL_Init
 .text.TL_BLE_Init
                0x08005f30       0x48 build/tl_mbox.o
                0x08005f30                TL_BLE_Init
 .text.TL_BLE_SendCmd
                0x08005f78       0x1c build/tl_mbox.o
                0x08005f78                TL_BLE_SendCmd
 .text.HW_IPCC_BLE_RxEvtNot
                0x08005f94       0x30 build/tl_mbox.o
                0x08005f94                HW_IPCC_BLE_RxEvtNot
 .text.HW_IPCC_BLE_AclDataAckNot
                0x08005fc4       0x10 build/tl_mbox.o
                0x08005fc4                HW_IPCC_BLE_AclDataAckNot
 .text.TL_SYS_Init
                0x08005fd4       0x3c build/tl_mbox.o
                0x08005fd4                TL_SYS_Init
 .text.TL_SYS_SendCmd
                0x08006010       0x1c build/tl_mbox.o
                0x08006010                TL_SYS_SendCmd
 .text.HW_IPCC_SYS_CmdEvtNot
                0x0800602c       0x1c build/tl_mbox.o
                0x0800602c                HW_IPCC_SYS_CmdEvtNot
 .text.HW_IPCC_SYS_EvtNot
                0x08006048       0x30 build/tl_mbox.o
                0x08006048                HW_IPCC_SYS_EvtNot
 .text.TL_MM_Init
                0x08006078       0x48 build/tl_mbox.o
                0x08006078                TL_MM_Init
 .text.TL_MM_EvtDone
                0x080060c0       0x1c build/tl_mbox.o
                0x080060c0                TL_MM_EvtDone
 .text.TL_TRACES_Init
                0x080060dc       0x20 build/tl_mbox.o
                0x080060dc                TL_TRACES_Init
 .text.TL_TRACES_EvtReceived
                0x080060fc        0x2 build/tl_mbox.o
                0x080060fc                TL_TRACES_EvtReceived
 *fill*         0x080060fe        0x2 
 .text.HW_IPCC_TRACES_EvtNot
                0x08006100       0x28 build/tl_mbox.o
                0x08006100                HW_IPCC_TRACES_EvtNot
 .text.SHCI_C2_BLE_Init
                0x08006128       0x1e build/shci.o
                0x08006128                SHCI_C2_BLE_Init
 .text.SHCI_C2_DEBUG_Init
                0x08006146       0x1e build/shci.o
                0x08006146                SHCI_C2_DEBUG_Init
 .text.SHCI_C2_Config
                0x08006164       0x1c build/shci.o
                0x08006164                SHCI_C2_Config
 .text.SHCI_GetWirelessFwInfo
                0x08006180       0x90 build/shci.o
                0x08006180                SHCI_GetWirelessFwInfo
 .text.OTP_Read
                0x08006210       0x28 build/otp.o
                0x08006210                OTP_Read
 .text.LST_init_head
                0x08006238        0x6 build/stm_list.o
                0x08006238                LST_init_head
 .text.LST_is_empty
                0x0800623e       0x18 build/stm_list.o
                0x0800623e                LST_is_empty
 .text.LST_insert_head
                0x08006256       0x18 build/stm_list.o
                0x08006256                LST_insert_head
 .text.LST_insert_tail
                0x0800626e       0x18 build/stm_list.o
                0x0800626e                LST_insert_tail
 .text.LST_remove_node
                0x08006286       0x18 build/stm_list.o
                0x08006286                LST_remove_node
 .text.LST_remove_head
                0x0800629e       0x18 build/stm_list.o
                0x0800629e                LST_remove_head
 .text.Osal_MemCpy
                0x080062b6        0x8 build/osal.o
                0x080062b6                Osal_MemCpy
 .text.Osal_MemSet
                0x080062be        0x8 build/osal.o
                0x080062be                Osal_MemSet
 .text.aci_gap_set_non_discoverable
                0x080062c6       0x42 build/ble_gap_aci.o
                0x080062c6                aci_gap_set_non_discoverable
 .text.aci_gap_set_discoverable
                0x08006308       0xb4 build/ble_gap_aci.o
                0x08006308                aci_gap_set_discoverable
 .text.aci_gap_set_io_capability
                0x080063bc       0x4c build/ble_gap_aci.o
                0x080063bc                aci_gap_set_io_capability
 .text.aci_gap_set_authentication_requirement
                0x08006408       0x80 build/ble_gap_aci.o
                0x08006408                aci_gap_set_authentication_requirement
 .text.aci_gap_pass_key_resp
                0x08006488       0x52 build/ble_gap_aci.o
                0x08006488                aci_gap_pass_key_resp
 .text.aci_gap_init
                0x080064da       0x7e build/ble_gap_aci.o
                0x080064da                aci_gap_init
 .text.aci_gap_update_adv_data
                0x08006558       0x5a build/ble_gap_aci.o
                0x08006558                aci_gap_update_adv_data
 .text.aci_gap_configure_filter_accept_list
                0x080065b2       0x42 build/ble_gap_aci.o
                0x080065b2                aci_gap_configure_filter_accept_list
 .text.aci_gap_numeric_comparison_value_confirm_yesno
                0x080065f4       0x52 build/ble_gap_aci.o
                0x080065f4                aci_gap_numeric_comparison_value_confirm_yesno
 .text.aci_gatt_init
                0x08006646       0x44 build/ble_gatt_aci.o
                0x08006646                aci_gatt_init
 .text.aci_gatt_add_service
                0x0800668a       0xa0 build/ble_gatt_aci.o
                0x0800668a                aci_gatt_add_service
 .text.aci_gatt_add_char
                0x0800672a       0xc0 build/ble_gatt_aci.o
                0x0800672a                aci_gatt_add_char
 .text.aci_gatt_update_char_value
                0x080067ea       0x6a build/ble_gatt_aci.o
                0x080067ea                aci_gatt_update_char_value
 .text.aci_gatt_confirm_indication
                0x08006854       0x50 build/ble_gatt_aci.o
                0x08006854                aci_gatt_confirm_indication
 .text.aci_hal_write_config_data
                0x080068a4       0x60 build/ble_hal_aci.o
                0x080068a4                aci_hal_write_config_data
 .text.aci_hal_set_tx_power_level
                0x08006904       0x52 build/ble_hal_aci.o
                0x08006904                aci_hal_set_tx_power_level
 .text.aci_hal_set_radio_activity_mask
                0x08006956       0x4e build/ble_hal_aci.o
                0x08006956                aci_hal_set_radio_activity_mask
 .text.hci_reset
                0x080069a4       0x40 build/ble_hci_le.o
                0x080069a4                hci_reset
 .text.hci_le_set_default_phy
                0x080069e4       0x56 build/ble_hci_le.o
                0x080069e4                hci_le_set_default_phy
 *fill*         0x08006a3a        0x2 
 .text.NotifyCmdStatus
                0x08006a3c       0x20 build/hci_tl.o
 .text.TlInit   0x08006a5c       0x48 build/hci_tl.o
 .text.SendCmd  0x08006aa4       0x30 build/hci_tl.o
 .text.hci_init
                0x08006ad4       0x24 build/hci_tl.o
                0x08006ad4                hci_init
 .text.hci_user_evt_proc
                0x08006af8       0x80 build/hci_tl.o
                0x08006af8                hci_user_evt_proc
 .text.hci_send_req
                0x08006b78       0xac build/hci_tl.o
                0x08006b78                hci_send_req
 .text.TlEvtReceived
                0x08006c24       0x34 build/hci_tl.o
 .text.hci_register_io_bus
                0x08006c58       0x14 build/hci_tl_if.o
                0x08006c58                hci_register_io_bus
 .text.Cmd_SetStatus
                0x08006c6c       0x30 build/shci_tl.o
 .text.TlInit   0x08006c9c       0x4c build/shci_tl.o
 .text.TlUserEvtReceived
                0x08006ce8       0x18 build/shci_tl.o
 .text.shci_init
                0x08006d00       0x24 build/shci_tl.o
                0x08006d00                shci_init
 .text.shci_user_evt_proc
                0x08006d24       0x80 build/shci_tl.o
                0x08006d24                shci_user_evt_proc
 .text.shci_send
                0x08006da4       0x68 build/shci_tl.o
                0x08006da4                shci_send
 .text.TlCmdEvtReceived
                0x08006e0c        0xa build/shci_tl.o
 *fill*         0x08006e16        0x2 
 .text.shci_register_io_bus
                0x08006e18       0x14 build/shci_tl_if.o
                0x08006e18                shci_register_io_bus
 .text.BAS_Init
                0x08006e2c        0x2 build/svc_ctl.o
                0x08006e2c                BAS_Init
 .text.BLS_Init
                0x08006e2e        0x2 build/svc_ctl.o
                0x08006e2e                BLS_Init
 .text.CRS_STM_Init
                0x08006e30        0x2 build/svc_ctl.o
                0x08006e30                CRS_STM_Init
 .text.DIS_Init
                0x08006e32        0x2 build/svc_ctl.o
                0x08006e32                DIS_Init
 .text.EDS_STM_Init
                0x08006e34        0x2 build/svc_ctl.o
                0x08006e34                EDS_STM_Init
 .text.HIDS_Init
                0x08006e36        0x2 build/svc_ctl.o
                0x08006e36                HIDS_Init
 .text.HRS_Init
                0x08006e38        0x2 build/svc_ctl.o
                0x08006e38                HRS_Init
 .text.HTS_Init
                0x08006e3a        0x2 build/svc_ctl.o
                0x08006e3a                HTS_Init
 .text.IAS_Init
                0x08006e3c        0x2 build/svc_ctl.o
                0x08006e3c                IAS_Init
 .text.LLS_Init
                0x08006e3e        0x2 build/svc_ctl.o
                0x08006e3e                LLS_Init
 .text.TPS_Init
                0x08006e40        0x2 build/svc_ctl.o
                0x08006e40                TPS_Init
 .text.MOTENV_STM_Init
                0x08006e42        0x2 build/svc_ctl.o
                0x08006e42                MOTENV_STM_Init
 .text.P2PS_STM_Init
                0x08006e44        0x2 build/svc_ctl.o
                0x08006e44                P2PS_STM_Init
 .text.ZDD_STM_Init
                0x08006e46        0x2 build/svc_ctl.o
                0x08006e46                ZDD_STM_Init
 .text.OTAS_STM_Init
                0x08006e48        0x2 build/svc_ctl.o
                0x08006e48                OTAS_STM_Init
 .text.MESH_Init
                0x08006e4a        0x2 build/svc_ctl.o
                0x08006e4a                MESH_Init
 .text.BVOPUS_STM_Init
                0x08006e4c        0x2 build/svc_ctl.o
                0x08006e4c                BVOPUS_STM_Init
 .text.SVCCTL_SvcInit
                0x08006e4e       0x4c build/svc_ctl.o
                0x08006e4e                SVCCTL_SvcInit
 *fill*         0x08006e9a        0x2 
 .text.SVCCTL_Init
                0x08006e9c       0x1c build/svc_ctl.o
                0x08006e9c                SVCCTL_Init
 .text.SVCCTL_RegisterSvcHandler
                0x08006eb8       0x14 build/svc_ctl.o
                0x08006eb8                SVCCTL_RegisterSvcHandler
 .text.SVCCTL_UserEvtRx
                0x08006ecc       0x54 build/svc_ctl.o
                0x08006ecc                SVCCTL_UserEvtRx
 .text.UTIL_LPM_Init
                0x08006f20       0x14 build/stm32_lpm.o
                0x08006f20                UTIL_LPM_Init
 .text.UTIL_LPM_SetOffMode
                0x08006f34       0x2c build/stm32_lpm.o
                0x08006f34                UTIL_LPM_SetOffMode
 .text.UTIL_SEQ_SetTask
                0x08006f60       0x28 build/stm32_seq.o
                0x08006f60                UTIL_SEQ_SetTask
 .text.UTIL_SEQ_PauseTask
                0x08006f88       0x1c build/stm32_seq.o
                0x08006f88                UTIL_SEQ_PauseTask
 .text.UTIL_SEQ_ResumeTask
                0x08006fa4       0x18 build/stm32_seq.o
                0x08006fa4                UTIL_SEQ_ResumeTask
 .text.UTIL_SEQ_SetEvt
                0x08006fbc       0x18 build/stm32_seq.o
                0x08006fbc                UTIL_SEQ_SetEvt
 .text.UTIL_SEQ_PreIdle
                0x08006fd4        0x2 build/stm32_seq.o
                0x08006fd4                UTIL_SEQ_PreIdle
 .text.UTIL_SEQ_PostIdle
                0x08006fd6        0x2 build/stm32_seq.o
                0x08006fd6                UTIL_SEQ_PostIdle
 .text.UTIL_SEQ_PreTask
                0x08006fd8        0x2 build/stm32_seq.o
                0x08006fd8                UTIL_SEQ_PreTask
 .text.UTIL_SEQ_PostTask
                0x08006fda        0x2 build/stm32_seq.o
                0x08006fda                UTIL_SEQ_PostTask
 .text.UTIL_SEQ_CatchWarning
                0x08006fdc        0x2 build/stm32_seq.o
                0x08006fdc                UTIL_SEQ_CatchWarning
 .text.SEQ_BitPosition
                0x08006fde       0x12 build/stm32_seq.o
                0x08006fde                SEQ_BitPosition
 .text.UTIL_SEQ_Run
                0x08006ff0      0x1f0 build/stm32_seq.o
                0x08006ff0                UTIL_SEQ_Run
 .text.UTIL_SEQ_EvtIdle
                0x080071e0        0xa build/stm32_seq.o
                0x080071e0                UTIL_SEQ_EvtIdle
 *fill*         0x080071ea        0x2 
 .text.UTIL_SEQ_WaitEvt
                0x080071ec       0x58 build/stm32_seq.o
                0x080071ec                UTIL_SEQ_WaitEvt
 .text.UTIL_SEQ_RegTask
                0x08007244       0x20 build/stm32_seq.o
                0x08007244                UTIL_SEQ_RegTask
 .text.HAL_UART_TxCpltCallback
                0x08007264        0x2 build/stm32wbxx_hal_uart.o
                0x08007264                HAL_UART_TxCpltCallback
 .text.HAL_UART_TxHalfCpltCallback
                0x08007266        0x2 build/stm32wbxx_hal_uart.o
                0x08007266                HAL_UART_TxHalfCpltCallback
 .text.HAL_UART_RxHalfCpltCallback
                0x08007268        0x2 build/stm32wbxx_hal_uart.o
                0x08007268                HAL_UART_RxHalfCpltCallback
 .text.HAL_UART_ErrorCallback
                0x0800726a        0x2 build/stm32wbxx_hal_uart.o
                0x0800726a                HAL_UART_ErrorCallback
 .text.HAL_UART_AbortCpltCallback
                0x0800726c        0x2 build/stm32wbxx_hal_uart.o
                0x0800726c                HAL_UART_AbortCpltCallback
 .text.HAL_UART_AbortTransmitCpltCallback
                0x0800726e        0x2 build/stm32wbxx_hal_uart.o
                0x0800726e                HAL_UART_AbortTransmitCpltCallback
 .text.HAL_UART_AbortReceiveCpltCallback
                0x08007270        0x2 build/stm32wbxx_hal_uart.o
                0x08007270                HAL_UART_AbortReceiveCpltCallback
 .text.HAL_UARTEx_RxEventCallback
                0x08007272        0x2 build/stm32wbxx_hal_uart.o
                0x08007272                HAL_UARTEx_RxEventCallback
 .text.UART_EndTxTransfer
                0x08007274       0x32 build/stm32wbxx_hal_uart.o
 .text.UART_EndRxTransfer
                0x080072a6       0x56 build/stm32wbxx_hal_uart.o
 .text.UART_DMAReceiveCplt
                0x080072fc       0xac build/stm32wbxx_hal_uart.o
 .text.UART_DMARxHalfCplt
                0x080073a8       0x42 build/stm32wbxx_hal_uart.o
 .text.UART_DMAError
                0x080073ea       0x4e build/stm32wbxx_hal_uart.o
 .text.UART_DMAAbortOnError
                0x08007438        0xc build/stm32wbxx_hal_uart.o
 .text.UART_EndTransmit_IT
                0x08007444       0x26 build/stm32wbxx_hal_uart.o
 *fill*         0x0800746a        0x2 
 .text.HAL_UART_IRQHandler
                0x0800746c      0x374 build/stm32wbxx_hal_uart.o
                0x0800746c                HAL_UART_IRQHandler
 .text.HAL_HalfDuplex_EnableReceiver
                0x080077e0       0x4c build/stm32wbxx_hal_uart.o
                0x080077e0                HAL_HalfDuplex_EnableReceiver
 .text.UART_InitCallbacksToDefault
                0x0800782c       0x7c build/stm32wbxx_hal_uart.o
                0x0800782c                UART_InitCallbacksToDefault
 .text.UART_SetConfig
                0x080078a8      0x25c build/stm32wbxx_hal_uart.o
                0x080078a8                UART_SetConfig
 .text.UART_AdvFeatureConfig
                0x08007b04       0xca build/stm32wbxx_hal_uart.o
                0x08007b04                UART_AdvFeatureConfig
 .text.UART_WaitOnFlagUntilTimeout
                0x08007bce       0x9e build/stm32wbxx_hal_uart.o
                0x08007bce                UART_WaitOnFlagUntilTimeout
 .text.UART_CheckIdleState
                0x08007c6c       0xca build/stm32wbxx_hal_uart.o
                0x08007c6c                UART_CheckIdleState
 *fill*         0x08007d36        0x2 
 .text.HAL_HalfDuplex_Init
                0x08007d38       0x8c build/stm32wbxx_hal_uart.o
                0x08007d38                HAL_HalfDuplex_Init
 .text.UART_Start_Receive_DMA
                0x08007dc4       0xb0 build/stm32wbxx_hal_uart.o
                0x08007dc4                UART_Start_Receive_DMA
 .text.HAL_UART_Receive_DMA
                0x08007e74       0x4c build/stm32wbxx_hal_uart.o
                0x08007e74                HAL_UART_Receive_DMA
 .text.UARTEx_SetNbDataToProcess
                0x08007ec0       0x4c build/stm32wbxx_hal_uart_ex.o
 .text.HAL_UARTEx_WakeupCallback
                0x08007f0c        0x2 build/stm32wbxx_hal_uart_ex.o
                0x08007f0c                HAL_UARTEx_WakeupCallback
 .text.HAL_UARTEx_RxFifoFullCallback
                0x08007f0e        0x2 build/stm32wbxx_hal_uart_ex.o
                0x08007f0e                HAL_UARTEx_RxFifoFullCallback
 .text.HAL_UARTEx_TxFifoEmptyCallback
                0x08007f10        0x2 build/stm32wbxx_hal_uart_ex.o
                0x08007f10                HAL_UARTEx_TxFifoEmptyCallback
 .text.HAL_UARTEx_DisableFifoMode
                0x08007f12       0x3e build/stm32wbxx_hal_uart_ex.o
                0x08007f12                HAL_UARTEx_DisableFifoMode
 .text.HAL_UARTEx_SetTxFifoThreshold
                0x08007f50       0x4a build/stm32wbxx_hal_uart_ex.o
                0x08007f50                HAL_UARTEx_SetTxFifoThreshold
 .text.HAL_UARTEx_SetRxFifoThreshold
                0x08007f9a       0x4a build/stm32wbxx_hal_uart_ex.o
                0x08007f9a                HAL_UARTEx_SetRxFifoThreshold
 .text.QSPI_Config
                0x08007fe4      0x1e8 build/stm32wbxx_hal_qspi.o
 .text.QSPI_WaitFlagStateUntilTimeout
                0x080081cc       0x54 build/stm32wbxx_hal_qspi.o
 .text.HAL_QSPI_Command
                0x08008220       0x9e build/stm32wbxx_hal_qspi.o
                0x08008220                HAL_QSPI_Command
 .text.HAL_QSPI_Transmit
                0x080082be       0xd2 build/stm32wbxx_hal_qspi.o
                0x080082be                HAL_QSPI_Transmit
 .text.HAL_QSPI_Receive
                0x08008390       0xde build/stm32wbxx_hal_qspi.o
                0x08008390                HAL_QSPI_Receive
 .text.HAL_QSPI_ErrorCallback
                0x0800846e        0x2 build/stm32wbxx_hal_qspi.o
                0x0800846e                HAL_QSPI_ErrorCallback
 .text.QSPI_DMAAbortCplt
                0x08008470       0x3c build/stm32wbxx_hal_qspi.o
 .text.HAL_QSPI_AbortCpltCallback
                0x080084ac        0x2 build/stm32wbxx_hal_qspi.o
                0x080084ac                HAL_QSPI_AbortCpltCallback
 .text.HAL_QSPI_CmdCpltCallback
                0x080084ae        0x2 build/stm32wbxx_hal_qspi.o
                0x080084ae                HAL_QSPI_CmdCpltCallback
 .text.HAL_QSPI_RxCpltCallback
                0x080084b0        0x2 build/stm32wbxx_hal_qspi.o
                0x080084b0                HAL_QSPI_RxCpltCallback
 .text.HAL_QSPI_TxCpltCallback
                0x080084b2        0x2 build/stm32wbxx_hal_qspi.o
                0x080084b2                HAL_QSPI_TxCpltCallback
 .text.HAL_QSPI_FifoThresholdCallback
                0x080084b4        0x2 build/stm32wbxx_hal_qspi.o
                0x080084b4                HAL_QSPI_FifoThresholdCallback
 .text.HAL_QSPI_StatusMatchCallback
                0x080084b6        0x2 build/stm32wbxx_hal_qspi.o
                0x080084b6                HAL_QSPI_StatusMatchCallback
 .text.HAL_QSPI_TimeOutCallback
                0x080084b8        0x2 build/stm32wbxx_hal_qspi.o
                0x080084b8                HAL_QSPI_TimeOutCallback
 *fill*         0x080084ba        0x2 
 .text.HAL_QSPI_IRQHandler
                0x080084bc      0x240 build/stm32wbxx_hal_qspi.o
                0x080084bc                HAL_QSPI_IRQHandler
 .text.HAL_QSPI_SetTimeout
                0x080086fc        0x4 build/stm32wbxx_hal_qspi.o
                0x080086fc                HAL_QSPI_SetTimeout
 .text.HAL_QSPI_Init
                0x08008700       0xa8 build/stm32wbxx_hal_qspi.o
                0x08008700                HAL_QSPI_Init
 .text.HAL_PCD_EP_DB_Receive
                0x080087a8      0x118 build/stm32wbxx_hal_pcd.o
 .text.HAL_PCD_Init
                0x080088c0       0xb6 build/stm32wbxx_hal_pcd.o
                0x080088c0                HAL_PCD_Init
 .text.HAL_PCD_Start
                0x08008976       0x2a build/stm32wbxx_hal_pcd.o
                0x08008976                HAL_PCD_Start
 .text.HAL_PCD_EP_DB_Transmit
                0x080089a0      0x472 build/stm32wbxx_hal_pcd.o
 .text.PCD_EP_ISR_Handler
                0x08008e12      0x4fa build/stm32wbxx_hal_pcd.o
 .text.HAL_PCD_SetAddress
                0x0800930c       0x26 build/stm32wbxx_hal_pcd.o
                0x0800930c                HAL_PCD_SetAddress
 .text.HAL_PCD_IRQHandler
                0x08009332      0x1b2 build/stm32wbxx_hal_pcd.o
                0x08009332                HAL_PCD_IRQHandler
 .text.HAL_PCD_EP_Open
                0x080094e4       0x86 build/stm32wbxx_hal_pcd.o
                0x080094e4                HAL_PCD_EP_Open
 .text.HAL_PCD_EP_Close
                0x0800956a       0x6c build/stm32wbxx_hal_pcd.o
                0x0800956a                HAL_PCD_EP_Close
 .text.HAL_PCD_EP_Receive
                0x080095d6       0x3a build/stm32wbxx_hal_pcd.o
                0x080095d6                HAL_PCD_EP_Receive
 .text.HAL_PCD_EP_GetRxCount
                0x08009610       0x12 build/stm32wbxx_hal_pcd.o
                0x08009610                HAL_PCD_EP_GetRxCount
 .text.HAL_PCD_EP_Transmit
                0x08009622       0x4c build/stm32wbxx_hal_pcd.o
                0x08009622                HAL_PCD_EP_Transmit
 .text.HAL_PCD_EP_SetStall
                0x0800966e       0x72 build/stm32wbxx_hal_pcd.o
                0x0800966e                HAL_PCD_EP_SetStall
 .text.HAL_PCD_EP_ClrStall
                0x080096e0       0x7e build/stm32wbxx_hal_pcd.o
                0x080096e0                HAL_PCD_EP_ClrStall
 .text.HAL_PCDEx_PMAConfig
                0x0800975e       0x38 build/stm32wbxx_hal_pcd_ex.o
                0x0800975e                HAL_PCDEx_PMAConfig
 .text.HAL_PCDEx_ActivateLPM
                0x08009796       0x2c build/stm32wbxx_hal_pcd_ex.o
                0x08009796                HAL_PCDEx_ActivateLPM
 .text.USB_EnableGlobalInt
                0x080097c2       0x12 build/stm32wbxx_ll_usb.o
                0x080097c2                USB_EnableGlobalInt
 .text.USB_DisableGlobalInt
                0x080097d4       0x14 build/stm32wbxx_ll_usb.o
                0x080097d4                USB_DisableGlobalInt
 .text.USB_DevInit
                0x080097e8       0x22 build/stm32wbxx_ll_usb.o
                0x080097e8                USB_DevInit
 .text.USB_ActivateEndpoint
                0x0800980a      0x51a build/stm32wbxx_ll_usb.o
                0x0800980a                USB_ActivateEndpoint
 .text.USB_DeactivateEndpoint
                0x08009d24      0x1d6 build/stm32wbxx_ll_usb.o
                0x08009d24                USB_DeactivateEndpoint
 .text.USB_EPSetStall
                0x08009efa       0x4a build/stm32wbxx_ll_usb.o
                0x08009efa                USB_EPSetStall
 .text.USB_EPClearStall
                0x08009f44       0x9c build/stm32wbxx_ll_usb.o
                0x08009f44                USB_EPClearStall
 .text.USB_SetDevAddress
                0x08009fe0        0xc build/stm32wbxx_ll_usb.o
                0x08009fe0                USB_SetDevAddress
 .text.USB_DevConnect
                0x08009fec       0x16 build/stm32wbxx_ll_usb.o
                0x08009fec                USB_DevConnect
 .text.USB_ReadInterrupts
                0x0800a002        0x8 build/stm32wbxx_ll_usb.o
                0x0800a002                USB_ReadInterrupts
 .text.USB_WritePMA
                0x0800a00a       0x24 build/stm32wbxx_ll_usb.o
                0x0800a00a                USB_WritePMA
 .text.USB_EPStartXfer
                0x0800a02e      0x584 build/stm32wbxx_ll_usb.o
                0x0800a02e                USB_EPStartXfer
 .text.USB_ReadPMA
                0x0800a5b2       0x30 build/stm32wbxx_ll_usb.o
                0x0800a5b2                USB_ReadPMA
 .text.USBD_Get_USB_Status
                0x0800a5e2       0x14 build/usbd_conf.o
 .text.SystemClockConfig_Resume
                0x0800a5f6        0x8 build/usbd_conf.o
 *fill*         0x0800a5fe        0x2 
 .text.HAL_PCD_MspInit
                0x0800a600       0x98 build/usbd_conf.o
                0x0800a600                HAL_PCD_MspInit
 .text.HAL_PCD_SetupStageCallback
                0x0800a698       0x10 build/usbd_conf.o
                0x0800a698                HAL_PCD_SetupStageCallback
 .text.HAL_PCD_DataOutStageCallback
                0x0800a6a8       0x18 build/usbd_conf.o
                0x0800a6a8                HAL_PCD_DataOutStageCallback
 .text.HAL_PCD_DataInStageCallback
                0x0800a6c0       0x16 build/usbd_conf.o
                0x0800a6c0                HAL_PCD_DataInStageCallback
 .text.HAL_PCD_SOFCallback
                0x0800a6d6        0xc build/usbd_conf.o
                0x0800a6d6                HAL_PCD_SOFCallback
 .text.HAL_PCD_ResetCallback
                0x0800a6e2       0x24 build/usbd_conf.o
                0x0800a6e2                HAL_PCD_ResetCallback
 *fill*         0x0800a706        0x2 
 .text.HAL_PCD_SuspendCallback
                0x0800a708       0x20 build/usbd_conf.o
                0x0800a708                HAL_PCD_SuspendCallback
 .text.HAL_PCD_ResumeCallback
                0x0800a728       0x28 build/usbd_conf.o
                0x0800a728                HAL_PCD_ResumeCallback
 .text.USBD_LL_Init
                0x0800a750       0x90 build/usbd_conf.o
                0x0800a750                USBD_LL_Init
 .text.USBD_LL_Start
                0x0800a7e0       0x10 build/usbd_conf.o
                0x0800a7e0                USBD_LL_Start
 .text.USBD_LL_OpenEP
                0x0800a7f0       0x16 build/usbd_conf.o
                0x0800a7f0                USBD_LL_OpenEP
 .text.USBD_LL_CloseEP
                0x0800a806       0x10 build/usbd_conf.o
                0x0800a806                USBD_LL_CloseEP
 .text.USBD_LL_StallEP
                0x0800a816       0x10 build/usbd_conf.o
                0x0800a816                USBD_LL_StallEP
 .text.USBD_LL_ClearStallEP
                0x0800a826       0x10 build/usbd_conf.o
                0x0800a826                USBD_LL_ClearStallEP
 .text.USBD_LL_IsStallEP
                0x0800a836       0x2c build/usbd_conf.o
                0x0800a836                USBD_LL_IsStallEP
 .text.USBD_LL_SetUSBAddress
                0x0800a862       0x10 build/usbd_conf.o
                0x0800a862                USBD_LL_SetUSBAddress
 .text.USBD_LL_Transmit
                0x0800a872       0x10 build/usbd_conf.o
                0x0800a872                USBD_LL_Transmit
 .text.USBD_LL_PrepareReceive
                0x0800a882       0x10 build/usbd_conf.o
                0x0800a882                USBD_LL_PrepareReceive
 .text.USBD_LL_GetRxDataSize
                0x0800a892        0xc build/usbd_conf.o
                0x0800a892                USBD_LL_GetRxDataSize
 *fill*         0x0800a89e        0x2 
 .text.HAL_PCDEx_LPM_Callback
                0x0800a8a0       0x44 build/usbd_conf.o
                0x0800a8a0                HAL_PCDEx_LPM_Callback
 .text.USBD_static_malloc
                0x0800a8e4        0x8 build/usbd_conf.o
                0x0800a8e4                USBD_static_malloc
 .text.USBD_static_free
                0x0800a8ec        0x2 build/usbd_conf.o
                0x0800a8ec                USBD_static_free
 *fill*         0x0800a8ee        0x2 
 .text.MX_USB_Device_Init
                0x0800a8f0       0x54 build/usb_device.o
                0x0800a8f0                MX_USB_Device_Init
 .text.USBD_CDC_DeviceDescriptor
                0x0800a944        0xc build/usbd_desc.o
                0x0800a944                USBD_CDC_DeviceDescriptor
 .text.USBD_CDC_LangIDStrDescriptor
                0x0800a950        0xc build/usbd_desc.o
                0x0800a950                USBD_CDC_LangIDStrDescriptor
 .text.IntToUnicode
                0x0800a95c       0x46 build/usbd_desc.o
 *fill*         0x0800a9a2        0x2 
 .text.Get_SerialNum
                0x0800a9a4       0x38 build/usbd_desc.o
 .text.USBD_CDC_SerialStrDescriptor
                0x0800a9dc       0x14 build/usbd_desc.o
                0x0800a9dc                USBD_CDC_SerialStrDescriptor
 .text.USBD_CDC_ProductStrDescriptor
                0x0800a9f0       0x24 build/usbd_desc.o
                0x0800a9f0                USBD_CDC_ProductStrDescriptor
 .text.USBD_CDC_ManufacturerStrDescriptor
                0x0800aa14       0x1c build/usbd_desc.o
                0x0800aa14                USBD_CDC_ManufacturerStrDescriptor
 .text.USBD_CDC_ConfigStrDescriptor
                0x0800aa30       0x24 build/usbd_desc.o
                0x0800aa30                USBD_CDC_ConfigStrDescriptor
 .text.USBD_CDC_InterfaceStrDescriptor
                0x0800aa54       0x24 build/usbd_desc.o
                0x0800aa54                USBD_CDC_InterfaceStrDescriptor
 .text.CDC_DeInit_FS
                0x0800aa78        0x4 build/usbd_cdc_if.o
 .text.CDC_Control_FS
                0x0800aa7c        0x4 build/usbd_cdc_if.o
 .text.CDC_TransmitCplt_FS
                0x0800aa80        0x4 build/usbd_cdc_if.o
 .text.CDC_Receive_FS
                0x0800aa84       0x1c build/usbd_cdc_if.o
 .text.CDC_Init_FS
                0x0800aaa0       0x28 build/usbd_cdc_if.o
 .text.USBD_Init
                0x0800aac8       0x2e build/usbd_core.o
                0x0800aac8                USBD_Init
 .text.USBD_RegisterClass
                0x0800aaf6       0x40 build/usbd_core.o
                0x0800aaf6                USBD_RegisterClass
 .text.USBD_Start
                0x0800ab36        0x8 build/usbd_core.o
                0x0800ab36                USBD_Start
 .text.USBD_SetClassConfig
                0x0800ab3e       0x12 build/usbd_core.o
                0x0800ab3e                USBD_SetClassConfig
 .text.USBD_ClrClassConfig
                0x0800ab50       0x12 build/usbd_core.o
                0x0800ab50                USBD_ClrClassConfig
 .text.USBD_LL_SetupStage
                0x0800ab62       0x58 build/usbd_core.o
                0x0800ab62                USBD_LL_SetupStage
 .text.USBD_LL_Reset
                0x0800abba       0x66 build/usbd_core.o
                0x0800abba                USBD_LL_Reset
 .text.USBD_LL_SetSpeed
                0x0800ac20        0x6 build/usbd_core.o
                0x0800ac20                USBD_LL_SetSpeed
 .text.USBD_LL_Suspend
                0x0800ac26       0x1e build/usbd_core.o
                0x0800ac26                USBD_LL_Suspend
 .text.USBD_LL_Resume
                0x0800ac44       0x1a build/usbd_core.o
                0x0800ac44                USBD_LL_Resume
 .text.USBD_LL_SOF
                0x0800ac5e       0x22 build/usbd_core.o
                0x0800ac5e                USBD_LL_SOF
 .text.USBD_CoreFindIF
                0x0800ac80        0x4 build/usbd_core.o
                0x0800ac80                USBD_CoreFindIF
 .text.USBD_CoreFindEP
                0x0800ac84        0x4 build/usbd_core.o
                0x0800ac84                USBD_CoreFindEP
 .text.USBD_LL_DataOutStage
                0x0800ac88       0xca build/usbd_core.o
                0x0800ac88                USBD_LL_DataOutStage
 .text.USBD_LL_DataInStage
                0x0800ad52       0xd8 build/usbd_core.o
                0x0800ad52                USBD_LL_DataInStage
 .text.USBD_GetNextDesc
                0x0800ae2a        0xe build/usbd_core.o
                0x0800ae2a                USBD_GetNextDesc
 .text.USBD_GetEpDesc
                0x0800ae38       0x3e build/usbd_core.o
                0x0800ae38                USBD_GetEpDesc
 .text.USBD_GetLen
                0x0800ae76       0x14 build/usbd_ctlreq.o
 .text.USBD_ParseSetupRequest
                0x0800ae8a       0x28 build/usbd_ctlreq.o
                0x0800ae8a                USBD_ParseSetupRequest
 .text.USBD_CtlError
                0x0800aeb2       0x14 build/usbd_ctlreq.o
                0x0800aeb2                USBD_CtlError
 .text.USBD_GetDescriptor
                0x0800aec6      0x1ac build/usbd_ctlreq.o
 .text.USBD_SetAddress
                0x0800b072       0x50 build/usbd_ctlreq.o
 *fill*         0x0800b0c2        0x2 
 .text.USBD_SetConfig
                0x0800b0c4       0xcc build/usbd_ctlreq.o
 .text.USBD_GetConfig
                0x0800b190       0x40 build/usbd_ctlreq.o
 .text.USBD_GetStatus
                0x0800b1d0       0x38 build/usbd_ctlreq.o
 .text.USBD_SetFeature
                0x0800b208       0x2a build/usbd_ctlreq.o
 .text.USBD_ClrFeature
                0x0800b232       0x26 build/usbd_ctlreq.o
 .text.USBD_StdDevReq
                0x0800b258       0x76 build/usbd_ctlreq.o
                0x0800b258                USBD_StdDevReq
 .text.USBD_StdItfReq
                0x0800b2ce       0x84 build/usbd_ctlreq.o
                0x0800b2ce                USBD_StdItfReq
 .text.USBD_StdEPReq
                0x0800b352      0x232 build/usbd_ctlreq.o
                0x0800b352                USBD_StdEPReq
 .text.USBD_GetString
                0x0800b584       0x46 build/usbd_ctlreq.o
                0x0800b584                USBD_GetString
 .text.USBD_CtlSendData
                0x0800b5ca       0x1c build/usbd_ioreq.o
                0x0800b5ca                USBD_CtlSendData
 .text.USBD_CtlContinueSendData
                0x0800b5e6       0x10 build/usbd_ioreq.o
                0x0800b5e6                USBD_CtlContinueSendData
 .text.USBD_CtlPrepareRx
                0x0800b5f6       0x22 build/usbd_ioreq.o
                0x0800b5f6                USBD_CtlPrepareRx
 .text.USBD_CtlContinueRx
                0x0800b618       0x10 build/usbd_ioreq.o
                0x0800b618                USBD_CtlContinueRx
 .text.USBD_CtlSendStatus
                0x0800b628       0x16 build/usbd_ioreq.o
                0x0800b628                USBD_CtlSendStatus
 .text.USBD_CtlReceiveStatus
                0x0800b63e       0x16 build/usbd_ioreq.o
                0x0800b63e                USBD_CtlReceiveStatus
 .text.USBD_CDC_EP0_RxReady
                0x0800b654       0x40 build/usbd_cdc.o
 .text.USBD_CDC_GetDeviceQualifierDescriptor
                0x0800b694        0xc build/usbd_cdc.o
                0x0800b694                USBD_CDC_GetDeviceQualifierDescriptor
 .text.USBD_CDC_GetOtherSpeedCfgDesc
                0x0800b6a0       0x48 build/usbd_cdc.o
 .text.USBD_CDC_GetFSCfgDesc
                0x0800b6e8       0x48 build/usbd_cdc.o
 .text.USBD_CDC_GetHSCfgDesc
                0x0800b730       0x48 build/usbd_cdc.o
 .text.USBD_CDC_DataOut
                0x0800b778       0x38 build/usbd_cdc.o
 .text.USBD_CDC_DataIn
                0x0800b7b0       0x7c build/usbd_cdc.o
 .text.USBD_CDC_Setup
                0x0800b82c      0x11a build/usbd_cdc.o
 .text.USBD_CDC_DeInit
                0x0800b946       0x64 build/usbd_cdc.o
 .text.USBD_CDC_Init
                0x0800b9aa       0xee build/usbd_cdc.o
 .text.USBD_CDC_RegisterInterface
                0x0800ba98       0x16 build/usbd_cdc.o
                0x0800ba98                USBD_CDC_RegisterInterface
 .text.USBD_CDC_SetTxBuffer
                0x0800baae       0x1c build/usbd_cdc.o
                0x0800baae                USBD_CDC_SetTxBuffer
 .text.USBD_CDC_SetRxBuffer
                0x0800baca       0x18 build/usbd_cdc.o
                0x0800baca                USBD_CDC_SetRxBuffer
 .text.USBD_CDC_ReceivePacket
                0x0800bae2       0x38 build/usbd_cdc.o
                0x0800bae2                USBD_CDC_ReceivePacket
 .text.data_initializers
                0x0800bb1a       0x18 build/startup_stm32wb55xx_cm4.o
 *fill*         0x0800bb32        0x2 
 .text.Reset_Handler
                0x0800bb34       0x58 build/startup_stm32wb55xx_cm4.o
                0x0800bb34                Reset_Handler
 .text.Default_Handler
                0x0800bb8c        0x2 build/startup_stm32wb55xx_cm4.o
                0x0800bb8c                RTC_Alarm_IRQHandler
                0x0800bb8c                TIM1_CC_IRQHandler
                0x0800bb8c                TSC_IRQHandler
                0x0800bb8c                USB_HP_IRQHandler
                0x0800bb8c                EXTI3_IRQHandler
                0x0800bb8c                LPTIM2_IRQHandler
                0x0800bb8c                I2C3_ER_IRQHandler
                0x0800bb8c                EXTI0_IRQHandler
                0x0800bb8c                FPU_IRQHandler
                0x0800bb8c                AES1_IRQHandler
                0x0800bb8c                SPI1_IRQHandler
                0x0800bb8c                PWR_SOTF_BLEACT_802ACT_RFPHASE_IRQHandler
                0x0800bb8c                DMA2_Channel2_IRQHandler
                0x0800bb8c                DMA1_Channel4_IRQHandler
                0x0800bb8c                ADC1_IRQHandler
                0x0800bb8c                PKA_IRQHandler
                0x0800bb8c                DMA1_Channel7_IRQHandler
                0x0800bb8c                LCD_IRQHandler
                0x0800bb8c                DMA2_Channel1_IRQHandler
                0x0800bb8c                DMAMUX1_OVR_IRQHandler
                0x0800bb8c                DMA1_Channel6_IRQHandler
                0x0800bb8c                DMA2_Channel4_IRQHandler
                0x0800bb8c                Default_Handler
                0x0800bb8c                DMA2_Channel7_IRQHandler
                0x0800bb8c                EXTI15_10_IRQHandler
                0x0800bb8c                C2SEV_PWR_C2H_IRQHandler
                0x0800bb8c                AES2_IRQHandler
                0x0800bb8c                I2C3_EV_IRQHandler
                0x0800bb8c                EXTI9_5_IRQHandler
                0x0800bb8c                PVD_PVM_IRQHandler
                0x0800bb8c                SPI2_IRQHandler
                0x0800bb8c                DMA2_Channel5_IRQHandler
                0x0800bb8c                CRS_IRQHandler
                0x0800bb8c                DMA1_Channel5_IRQHandler
                0x0800bb8c                EXTI4_IRQHandler
                0x0800bb8c                RNG_IRQHandler
                0x0800bb8c                TIM1_TRG_COM_TIM17_IRQHandler
                0x0800bb8c                TAMP_STAMP_LSECSS_IRQHandler
                0x0800bb8c                DMA1_Channel3_IRQHandler
                0x0800bb8c                COMP_IRQHandler
                0x0800bb8c                WWDG_IRQHandler
                0x0800bb8c                DMA2_Channel6_IRQHandler
                0x0800bb8c                TIM2_IRQHandler
                0x0800bb8c                TIM1_BRK_IRQHandler
                0x0800bb8c                EXTI1_IRQHandler
                0x0800bb8c                DMA1_Channel2_IRQHandler
                0x0800bb8c                FLASH_IRQHandler
                0x0800bb8c                USART1_IRQHandler
                0x0800bb8c                LPTIM1_IRQHandler
                0x0800bb8c                SAI1_IRQHandler
                0x0800bb8c                DMA2_Channel3_IRQHandler
 .text.memset   0x0800bb8e       0x10 C:/dev/tools/gcc-arm-none-eabi-13.3/bin/../lib/gcc/arm-none-eabi/13.3.1/../../../../arm-none-eabi/lib/thumb/v7e-m+fp/hard\libc_nano.a(libc_a-memset.o)
                0x0800bb8e                memset
 *fill*         0x0800bb9e        0x2 
 .text.__libc_init_array
                0x0800bba0       0x48 C:/dev/tools/gcc-arm-none-eabi-13.3/bin/../lib/gcc/arm-none-eabi/13.3.1/../../../../arm-none-eabi/lib/thumb/v7e-m+fp/hard\libc_nano.a(libc_a-init.o)
                0x0800bba0                __libc_init_array
 .text.memcpy   0x0800bbe8       0x1c C:/dev/tools/gcc-arm-none-eabi-13.3/bin/../lib/gcc/arm-none-eabi/13.3.1/../../../../arm-none-eabi/lib/thumb/v7e-m+fp/hard\libc_nano.a(libc_a-memcpy-stub.o)
                0x0800bbe8                memcpy
 *(.glue_7)
 .glue_7        0x0800bc04        0x0 linker stubs
 *(.glue_7t)
 .glue_7t       0x0800bc04        0x0 linker stubs
 *(.eh_frame)
 .eh_frame      0x0800bc04        0x0 C:/dev/tools/gcc-arm-none-eabi-13.3/bin/../lib/gcc/arm-none-eabi/13.3.1/thumb/v7e-m+fp/hard/crtbegin.o
 *(.init)
 .init          0x0800bc04        0x4 C:/dev/tools/gcc-arm-none-eabi-13.3/bin/../lib/gcc/arm-none-eabi/13.3.1/thumb/v7e-m+fp/hard/crti.o
                0x0800bc04                _init
 .init          0x0800bc08        0x8 C:/dev/tools/gcc-arm-none-eabi-13.3/bin/../lib/gcc/arm-none-eabi/13.3.1/thumb/v7e-m+fp/hard/crtn.o
 *(.fini)
 .fini          0x0800bc10        0x4 C:/dev/tools/gcc-arm-none-eabi-13.3/bin/../lib/gcc/arm-none-eabi/13.3.1/thumb/v7e-m+fp/hard/crti.o
                0x0800bc10                _fini
 .fini          0x0800bc14        0x8 C:/dev/tools/gcc-arm-none-eabi-13.3/bin/../lib/gcc/arm-none-eabi/13.3.1/thumb/v7e-m+fp/hard/crtn.o
                0x0800bc1c                        . = ALIGN (0x4)
                0x0800bc1c                        _etext = .

.vfp11_veneer   0x0800bc1c        0x0
 .vfp11_veneer  0x0800bc1c        0x0 linker stubs

.v4_bx          0x0800bc1c        0x0
 .v4_bx         0x0800bc1c        0x0 linker stubs

.iplt           0x0800bc1c        0x0
 .iplt          0x0800bc1c        0x0 C:/dev/tools/gcc-arm-none-eabi-13.3/bin/../lib/gcc/arm-none-eabi/13.3.1/thumb/v7e-m+fp/hard/crtbegin.o

.rodata         0x0800bc1c     0x3334
                0x0800bc1c                        . = ALIGN (0x4)
 *(.rodata)
 .rodata        0x0800bc1c       0x2c build/stm32wbxx_hal_rcc.o
 .rodata        0x0800bc48       0x1b build/app_debug.o
 *(.rodata*)
 *fill*         0x0800bc63        0x1 
 .rodata.MSIRangeTable
                0x0800bc64       0x40 build/system_stm32wbxx.o
                0x0800bc64                MSIRangeTable
 .rodata.APBPrescTable
                0x0800bca4       0x20 build/system_stm32wbxx.o
                0x0800bca4                APBPrescTable
 .rodata.AHBPrescTable
                0x0800bcc4       0x40 build/system_stm32wbxx.o
                0x0800bcc4                AHBPrescTable
 .rodata.bmi270_config_file
                0x0800bd04     0x2000 build/bmi270.o
                0x0800bd04                bmi270_config_file
 .rodata.KG_logo
                0x0800dd04      0x800 build/oled_display.o
                0x0800dd04                KG_logo
 .rodata.Afry_logo
                0x0800e504      0x800 build/oled_display.o
                0x0800e504                Afry_logo
 .rodata.icon_bt_20x20
                0x0800ed04       0x3c build/oled_display.o
                0x0800ed04                icon_bt_20x20
 .rodata.icon_gps_20x20
                0x0800ed40       0x3c build/oled_display.o
                0x0800ed40                icon_gps_20x20
 .rodata.aGpioConfigList
                0x0800ed7c      0x130 build/app_debug.o
 .rodata.Ble_Hci_Gap_Gatt_Init.str1.4
                0x0800eeac       0x52 build/app_ble.o
                                  0x9 (size before relaxing)
 *fill*         0x0800eefe        0x2 
 .rodata.a_BLE_CfgErValue
                0x0800ef00       0x10 build/app_ble.o
 .rodata.a_BLE_CfgIrValue
                0x0800ef10       0x10 build/app_ble.o
 .rodata.a_MBdAddr
                0x0800ef20        0x6 build/app_ble.o
 *fill*         0x0800ef26        0x2 
 .rodata.UARTPrescTable
                0x0800ef28       0x18 build/stm32wbxx_hal_uart.o
                0x0800ef28                UARTPrescTable
 .rodata.denominator.0
                0x0800ef40        0x8 build/stm32wbxx_hal_uart_ex.o
 .rodata.numerator.1
                0x0800ef48        0x8 build/stm32wbxx_hal_uart_ex.o
 .rodata.USBD_CDC_ProductStrDescriptor.str1.4
                0x0800ef50       0x16 build/usbd_desc.o
 .rodata.USBD_CDC_ManufacturerStrDescriptor.str1.4
                0x0800ef50       0x13 build/usbd_desc.o
 .rodata.USBD_CDC_ConfigStrDescriptor.str1.4
                0x0800ef50        0xb build/usbd_desc.o
 .rodata.USBD_CDC_InterfaceStrDescriptor.str1.4
                0x0800ef50        0xe build/usbd_desc.o
                0x0800ef68                        . = ALIGN (0x4)

.ARM.extab
 *(.ARM.extab* .gnu.linkonce.armextab.*)

.ARM            0x0800ef50        0x8
                0x0800ef50                        __exidx_start = .
 *(.ARM.exidx*)
 .ARM.exidx     0x0800ef50        0x8 C:/dev/tools/gcc-arm-none-eabi-13.3/bin/../lib/gcc/arm-none-eabi/13.3.1/thumb/v7e-m+fp/hard\libgcc.a(_udivmoddi4.o)
                0x0800ef58                        __exidx_end = .

.preinit_array  0x0800ef58        0x0
                0x0800ef58                        PROVIDE (__preinit_array_start = .)
 *(.preinit_array*)
                0x0800ef58                        PROVIDE (__preinit_array_end = .)

.init_array     0x0800ef58        0x4
                0x0800ef58                        PROVIDE (__init_array_start = .)
 *(SORT_BY_NAME(.init_array.*))
 *(.init_array*)
 .init_array    0x0800ef58        0x4 C:/dev/tools/gcc-arm-none-eabi-13.3/bin/../lib/gcc/arm-none-eabi/13.3.1/thumb/v7e-m+fp/hard/crtbegin.o
                0x0800ef5c                        PROVIDE (__init_array_end = .)

.fini_array     0x0800ef5c        0x4
                [!provide]                        PROVIDE (__fini_array_start = .)
 *(SORT_BY_NAME(.fini_array.*))
 *(.fini_array*)
 .fini_array    0x0800ef5c        0x4 C:/dev/tools/gcc-arm-none-eabi-13.3/bin/../lib/gcc/arm-none-eabi/13.3.1/thumb/v7e-m+fp/hard/crtbegin.o
                [!provide]                        PROVIDE (__fini_array_end = .)
                0x0800ef60                        _sidata = LOADADDR (.data)

.rel.dyn        0x0800ef60        0x0
 .rel.iplt      0x0800ef60        0x0 C:/dev/tools/gcc-arm-none-eabi-13.3/bin/../lib/gcc/arm-none-eabi/13.3.1/thumb/v7e-m+fp/hard/crtbegin.o

.data           0x20000008      0x114 load address 0x0800ef60
                0x20000008                        . = ALIGN (0x4)
                0x20000008                        _sdata = .
 *(.data)
 *(.data*)
 .data.uwTickFreq
                0x20000008        0x1 build/stm32wbxx_hal.o
                0x20000008                uwTickFreq
 *fill*         0x20000009        0x3 
 .data.uwTickPrio
                0x2000000c        0x4 build/stm32wbxx_hal.o
                0x2000000c                uwTickPrio
 .data.SystemCoreClock
                0x20000010        0x4 build/system_stm32wbxx.o
                0x20000010                SystemCoreClock
 .data.a_AdvData
                0x20000014        0xd build/app_ble.o
                0x20000014                a_AdvData
 *fill*         0x20000021        0x1 
 .data.SizeDp   0x20000022        0x2 build/custom_stm.o
                0x20000022                SizeDp
 .data.SuperMask
                0x20000024        0x4 build/stm32_seq.o
 .data.TaskMask
                0x20000028        0x4 build/stm32_seq.o
 .data.USBD_StringSerial
                0x2000002c       0x1a build/usbd_desc.o
                0x2000002c                USBD_StringSerial
 *fill*         0x20000046        0x2 
 .data.USBD_LangIDDesc
                0x20000048        0x4 build/usbd_desc.o
                0x20000048                USBD_LangIDDesc
 .data.USBD_CDC_DeviceDesc
                0x2000004c       0x12 build/usbd_desc.o
                0x2000004c                USBD_CDC_DeviceDesc
 *fill*         0x2000005e        0x2 
 .data.CDC_Desc
                0x20000060       0x20 build/usbd_desc.o
                0x20000060                CDC_Desc
 .data.USBD_Interface_fops_FS
                0x20000080       0x14 build/usbd_cdc_if.o
                0x20000080                USBD_Interface_fops_FS
 .data.USBD_CDC_CfgDesc
                0x20000094       0x43 build/usbd_cdc.o
 *fill*         0x200000d7        0x1 
 .data.USBD_CDC
                0x200000d8       0x38 build/usbd_cdc.o
                0x200000d8                USBD_CDC
 .data.USBD_CDC_DeviceQualifierDesc
                0x20000110        0xa build/usbd_cdc.o
                0x2000011c                        . = ALIGN (0x4)
 *fill*         0x2000011a        0x2 

.igot.plt       0x2000011c        0x0 load address 0x0800f074
 .igot.plt      0x2000011c        0x0 C:/dev/tools/gcc-arm-none-eabi-13.3/bin/../lib/gcc/arm-none-eabi/13.3.1/thumb/v7e-m+fp/hard/crtbegin.o

BLE_DRIVER_CONTEXT
                0x2000011c       0x38 load address 0x0800f074
 BLE_DRIVER_CONTEXT
                0x2000011c       0x11 build/hci_tl.o
                0x2000011c                UserEventFlow
 *fill*         0x2000012d        0x3 
 BLE_DRIVER_CONTEXT
                0x20000130       0x24 build/svc_ctl.o
                0x20000130                SVCCTL_CltHandler
                0x20000134                SVCCTL_EvtHandler

SYSTEM_DRIVER_CONTEXT
                0x20000154       0x14 load address 0x0800f0ac
 SYSTEM_DRIVER_CONTEXT
                0x20000154       0x14 build/shci_tl.o
                0x20000154                SHCI_TL_UserEventFlow

.tdata          0x20000168        0x0 load address 0x0800f0c0
 *(.tdata .tdata.* .gnu.linkonce.td.*)
                0x20000168                        . = ALIGN (0x4)
                0x20000168                        _edata = .
                [!provide]                        PROVIDE (__data_end = .)
                [!provide]                        PROVIDE (__tdata_end = .)
                [!provide]                        PROVIDE (__tdata_start = ADDR (.tdata))
                [!provide]                        PROVIDE (__tdata_size = (__tdata_end - __tdata_start))
                [!provide]                        PROVIDE (__data_start = ADDR (.data))
                [!provide]                        PROVIDE (__data_size = (__data_end - __data_start))
                [!provide]                        PROVIDE (__tdata_source = LOADADDR (.tdata))
                [!provide]                        PROVIDE (__tdata_source_end = (LOADADDR (.tdata) + SIZEOF (.tdata)))
                [!provide]                        PROVIDE (__tdata_source_size = (__tdata_source_end - __tdata_source))
                [!provide]                        PROVIDE (__data_source = LOADADDR (.data))
                [!provide]                        PROVIDE (__data_source_end = __tdata_source_end)
                [!provide]                        PROVIDE (__data_source_size = (__data_source_end - __data_source))

.tbss           0x20000168        0x0 load address 0x0800f0c0
                0x20000168                        _sbss = .
                0x20000168                        __bss_start__ = _sbss
 *(.tbss .tbss.*)
                0x20000168                        . = ALIGN (0x4)
                [!provide]                        PROVIDE (__tbss_end = .)
                [!provide]                        PROVIDE (__tbss_start = ADDR (.tbss))
                [!provide]                        PROVIDE (__tbss_size = (__tbss_end - __tbss_start))
                [!provide]                        PROVIDE (__tbss_offset = (ADDR (.tbss) - ADDR (.tdata)))
                [!provide]                        PROVIDE (__tls_base = __tdata_start)
                [!provide]                        PROVIDE (__tls_end = __tbss_end)
                [!provide]                        PROVIDE (__tls_size = (__tls_end - __tls_base))
                [!provide]                        PROVIDE (__tls_align = MAX (ALIGNOF (.tdata), ALIGNOF (.tbss)))
                [!provide]                        PROVIDE (__tls_size_align = (((__tls_size + __tls_align) - 0x1) & ~ ((__tls_align - 0x1))))
                [!provide]                        PROVIDE (__arm32_tls_tcb_offset = MAX (0x8, __tls_align))
                [!provide]                        PROVIDE (__arm64_tls_tcb_offset = MAX (0x10, __tls_align))

.bss            0x20000168     0x41e4 load address 0x0800f0c0
 *(.bss)
 .bss           0x20000168       0x1c C:/dev/tools/gcc-arm-none-eabi-13.3/bin/../lib/gcc/arm-none-eabi/13.3.1/thumb/v7e-m+fp/hard/crtbegin.o
 *(.bss*)
 .bss.htim16    0x20000184       0x4c build/main.o
                0x20000184                htim16
 .bss.hrtc      0x200001d0       0x24 build/main.o
                0x200001d0                hrtc
 .bss.hqspi     0x200001f4       0x44 build/main.o
                0x200001f4                hqspi
 .bss.hdma_lpuart1_rx
                0x20000238       0x60 build/main.o
                0x20000238                hdma_lpuart1_rx
 .bss.hlpuart1  0x20000298       0xcc build/main.o
                0x20000298                hlpuart1
 .bss.hipcc     0x20000364       0x3c build/main.o
                0x20000364                hipcc
 .bss.hi2c1     0x200003a0       0x54 build/main.o
                0x200003a0                hi2c1
 .bss.tastScheduler
                0x200003f4        0x1 build/main.o
                0x200003f4                tastScheduler
 .bss.btnState  0x200003f5        0x1 build/main.o
                0x200003f5                btnState
 *fill*         0x200003f6        0x2 
 .bss.uwTick    0x200003f8        0x4 build/stm32wbxx_hal.o
                0x200003f8                uwTick
 .bss.chipID    0x200003fc        0x1 build/bme280.o
                0x200003fc                chipID
 *fill*         0x200003fd        0x1 
 .bss.dig_H6    0x200003fe        0x2 build/bme280.o
                0x200003fe                dig_H6
 .bss.dig_H5    0x20000400        0x2 build/bme280.o
                0x20000400                dig_H5
 .bss.dig_H4    0x20000402        0x2 build/bme280.o
                0x20000402                dig_H4
 .bss.dig_H2    0x20000404        0x2 build/bme280.o
                0x20000404                dig_H2
 .bss.dig_P9    0x20000406        0x2 build/bme280.o
                0x20000406                dig_P9
 .bss.dig_P8    0x20000408        0x2 build/bme280.o
                0x20000408                dig_P8
 .bss.dig_P7    0x2000040a        0x2 build/bme280.o
                0x2000040a                dig_P7
 .bss.dig_P6    0x2000040c        0x2 build/bme280.o
                0x2000040c                dig_P6
 .bss.dig_P5    0x2000040e        0x2 build/bme280.o
                0x2000040e                dig_P5
 .bss.dig_P4    0x20000410        0x2 build/bme280.o
                0x20000410                dig_P4
 .bss.dig_P3    0x20000412        0x2 build/bme280.o
                0x20000412                dig_P3
 .bss.dig_P2    0x20000414        0x2 build/bme280.o
                0x20000414                dig_P2
 .bss.dig_T3    0x20000416        0x2 build/bme280.o
                0x20000416                dig_T3
 .bss.dig_T2    0x20000418        0x2 build/bme280.o
                0x20000418                dig_T2
 .bss.dig_H3    0x2000041a        0x2 build/bme280.o
                0x2000041a                dig_H3
 .bss.dig_H1    0x2000041c        0x2 build/bme280.o
                0x2000041c                dig_H1
 .bss.dig_P1    0x2000041e        0x2 build/bme280.o
                0x2000041e                dig_P1
 .bss.dig_T1    0x20000420        0x2 build/bme280.o
                0x20000420                dig_T1
 .bss.currentSubPage
                0x20000422        0x1 build/sensordata.o
 *fill*         0x20000423        0x1 
 .bss.currentBlePage
                0x20000424        0x4 build/sensordata.o
 .bss.readBuffer
                0x20000428      0x100 build/sensordata.o
 .bss.sectorCounter
                0x20000528        0x2 build/sensordata.o
 .bss.pageCounter
                0x2000052a        0x1 build/sensordata.o
 *fill*         0x2000052b        0x1 
 .bss.addInc    0x2000052c        0x4 build/sensordata.o
 .bss.buffer    0x20000530      0x100 build/sensordata.o
 .bss.dataCounter
                0x20000630        0x1 build/sensordata.o
 .bss.bufferPointer
                0x20000631        0x1 build/sensordata.o
 *fill*         0x20000632        0x2 
 .bss.headerBuffer
                0x20000634       0x19 build/sensordata.o
 *fill*         0x2000064d        0x3 
 .bss.BMIraw_data
                0x20000650        0xc build/sensordata.o
                0x20000650                BMIraw_data
 .bss.BMEraw_data
                0x2000065c        0x8 build/sensordata.o
                0x2000065c                BMEraw_data
 .bss.GPSraw_data
                0x20000664        0xf build/sensordata.o
                0x20000664                GPSraw_data
 .bss.bufferFull
                0x20000673        0x1 build/sensordata.o
 .bss.logoSwitched
                0x20000674        0x1 build/gps.o